### default_build_clean_j8: cargo build -j8
   Compiling proc-macro2 v1.0.107
   Compiling unicode-ident v1.0.24
   Compiling quote v1.0.47
   Compiling libc v0.2.189
   Compiling autocfg v1.5.1
   Compiling libm v0.2.16
   Compiling cfg-if v1.0.5
   Compiling memchr v2.8.3
   Compiling zerocopy v0.8.57
   Compiling bytes v1.12.1
   Compiling equivalent v1.0.2
   Compiling foldhash v0.2.0
   Compiling num-traits v0.2.19
   Compiling getrandom v0.3.4
   Compiling itoa v1.0.18
   Compiling serde_core v1.0.229
   Compiling allocator-api2 v0.2.21
   Compiling once_cell v1.21.4
   Compiling zmij v1.0.23
   Compiling hashbrown v0.17.1
   Compiling syn v3.0.5
   Compiling syn v2.0.119
   Compiling serde_json v1.0.151
   Compiling iana-time-zone v0.1.65
   Compiling siphasher v1.0.3
   Compiling indexmap v2.14.2
   Compiling version_check v0.9.5
   Compiling stable_deref_trait v1.2.1
   Compiling phf_shared v0.12.1
   Compiling num-integer v0.1.47
   Compiling chrono v0.4.45
   Compiling chrono-tz v0.10.4
   Compiling ahash v0.8.12
   Compiling phf v0.12.1
   Compiling num-bigint v0.5.1
   Compiling num-complex v0.4.6
   Compiling jobserver v0.1.35
   Compiling find-msvc-tools v0.1.12
   Compiling shlex v2.0.1
   Compiling pin-project-lite v0.2.17
   Compiling pkg-config v0.3.34
   Compiling futures-core v0.3.34
   Compiling cc v1.4.6
   Compiling writeable v0.6.4
   Compiling smallvec v1.16.1
   Compiling litemap v0.8.3
   Compiling lexical-util v1.0.7
   Compiling futures-sink v0.3.34
   Compiling icu_normalizer_data v2.3.0
   Compiling arrow-schema v59.3.0
   Compiling utf8_iter v1.0.4
   Compiling icu_properties_data v2.3.0
   Compiling semver v1.0.28
   Compiling rustc_version v0.4.1
   Compiling lexical-write-integer v1.0.6
   Compiling synstructure v0.14.0
   Compiling lexical-parse-integer v1.0.6
   Compiling futures-channel v0.3.34
   Compiling zstd-sys v2.1.0+zstd.1.5.7
   Compiling parking_lot_core v0.9.12
   Compiling zstd-safe v7.3.0
   Compiling futures-io v0.3.34
   Compiling bitflags v2.13.2
   Compiling futures-task v0.3.34
   Compiling slab v0.4.12
   Compiling lexical-parse-float v1.0.6
   Compiling lexical-write-float v1.0.6
   Compiling flatbuffers v25.12.19
   Compiling aho-corasick v1.1.5
   Compiling scopeguard v1.2.0
   Compiling regex-syntax v0.8.11
   Compiling ryu v1.0.23
   Compiling base64 v0.23.1
   Compiling unicode-width v0.2.2
   Compiling unicode-segmentation v1.13.3
   Compiling lock_api v0.4.14
   Compiling zerocopy-derive v0.8.57
   Compiling zerofrom-derive v0.1.8
   Compiling yoke-derive v0.8.3
   Compiling zerovec-derive v0.11.6
   Compiling displaydoc v0.2.7
   Compiling tokio-macros v2.7.2
   Compiling futures-macro v0.3.34
   Compiling zerofrom v0.1.8
   Compiling yoke v0.8.3
   Compiling regex-automata v0.4.18
   Compiling zerovec v0.11.8
   Compiling zerotrie v0.2.5
   Compiling tokio v1.53.1
   Compiling futures-util v0.3.34
   Compiling comfy-table v7.2.2
   Compiling tinystr v0.8.4
   Compiling icu_locale_core v2.3.0
   Compiling potential_utf v0.1.6
   Compiling icu_collections v2.3.0
   Compiling lexical-core v1.0.6
   Compiling atoi v2.0.0
   Compiling icu_provider v2.3.1
   Compiling either v1.18.0
   Compiling icu_properties v2.3.0
   Compiling icu_normalizer v2.3.0
   Compiling twox-hash v2.1.4
   Compiling getrandom v0.4.3
   Compiling thiserror v2.0.20
   Compiling percent-encoding v2.3.2
   Compiling alloc-no-stdlib v2.0.4
   Compiling alloc-stdlib v0.2.4
   Compiling form_urlencoded v1.2.2
   Compiling futures-executor v0.3.34
   Compiling idna_adapter v1.2.2
   Compiling idna v1.1.0
   Compiling lz4_flex v0.14.0
   Compiling regex v1.13.1
   Compiling half v2.7.1
   Compiling thiserror-impl v2.0.20
   Compiling tracing-attributes v0.1.31
   Compiling arrow-buffer v59.3.0
   Compiling tracing-core v0.1.36
   Compiling csv-core v0.1.13
   Compiling simdutf8 v0.1.5
   Compiling same-file v1.0.6
   Compiling snap v1.1.2
   Compiling arrow-data v59.3.0
   Compiling walkdir v2.5.0
   Compiling csv v1.4.0
   Compiling tracing v0.1.44
   Compiling url v2.5.8
   Compiling futures v0.3.34
   Compiling brotli-decompressor v5.0.3
   Compiling itertools v0.14.0
   Compiling parking_lot v0.12.5
   Compiling arrow-array v59.3.0
   Compiling async-trait v0.1.92
   Compiling http v1.5.0
   Compiling humantime v2.4.0
   Compiling log v0.4.34
   Compiling zlib-rs v0.6.8
   Compiling brotli v8.0.4
   Compiling object_store v0.13.2
   Compiling sqlparser_derive v0.5.0
   Compiling seq-macro v0.3.6
   Compiling uuid v1.26.1
   Compiling itertools v0.15.0
   Compiling pin-project-internal v1.1.13
   Compiling sqlparser v0.62.0
   Compiling arrow-select v59.3.0
   Compiling arrow-arith v59.3.0
   Compiling arrow-row v59.3.0
   Compiling flate2 v1.1.10
   Compiling arrow-ord v59.3.0
   Compiling zstd v0.13.3
   Compiling arrow-ipc v59.3.0
   Compiling arrow-string v59.3.0
   Compiling pin-project v1.1.13
   Compiling datafusion-doc v55.1.0
   Compiling crossbeam-utils v0.8.23
   Compiling arrow-cast v59.3.0
   Compiling parquet v59.3.0
   Compiling foldhash v0.1.5
   Compiling rustix v1.1.4
   Compiling hashbrown v0.15.5
   Compiling arrow-json v59.3.0
   Compiling arrow-csv v59.3.0
   Compiling arrow v59.3.0
   Compiling ppv-lite86 v0.2.21
   Compiling rand_core v0.9.5
   Compiling fixedbitset v0.5.7
   Compiling linux-raw-sys v0.12.1
   Compiling petgraph v0.8.3
   Compiling rand_chacha v0.9.0
   Compiling tokio-util v0.7.19
   Compiling hashbrown v0.14.5
   Compiling fastrand v2.5.0
   Compiling datafusion-common v55.1.0
   Compiling tempfile v3.27.0
   Compiling dashmap v6.2.1
   Compiling rand v0.9.5
   Compiling datafusion-macros v55.1.0
   Compiling hex v0.4.3
   Compiling datafusion-common-runtime v55.1.0
   Compiling glob v0.3.4
   Compiling bigdecimal v0.4.10
   Compiling num-bigint v0.4.8
   Compiling tokio-stream v0.1.19
   Compiling datafusion-expr-common v55.1.0
   Compiling datafusion-physical-expr-common v55.1.0
   Compiling datafusion-functions-window-common v55.1.0
   Compiling datafusion-functions-aggregate-common v55.1.0
   Compiling datafusion-expr v55.1.0
   Compiling datafusion-physical-expr v55.1.0
   Compiling datafusion-execution v55.1.0
   Compiling datafusion-functions v55.1.0
   Compiling datafusion-functions-aggregate v55.1.0
   Compiling datafusion-optimizer v55.1.0
   Compiling datafusion-functions-window v55.1.0
   Compiling datafusion-physical-plan v55.1.0
   Compiling datafusion-physical-expr-adapter v55.1.0
   Compiling datafusion-functions-nested v55.1.0
   Compiling datafusion-sql v55.1.0
   Compiling datafusion-session v55.1.0
   Compiling datafusion-datasource v55.1.0
   Compiling datafusion-catalog v55.1.0
   Compiling datafusion-pruning v55.1.0
   Compiling datafusion-datasource-arrow v55.1.0
   Compiling datafusion-datasource-csv v55.1.0
   Compiling datafusion-datasource-json v55.1.0
   Compiling datafusion-datasource-parquet v55.1.0
   Compiling datafusion-physical-optimizer v55.1.0
   Compiling datafusion-functions-table v55.1.0
   Compiling datafusion-catalog-listing v55.1.0
   Compiling datafusion v55.0.0
   Compiling consumer_c v0.1.0 (/home/pepe/scratch/burrmill-footprint/C)
    Finished `dev` profile [unoptimized + debuginfo] target(s) in 2m 07s
### default_test_clean_j8: cargo test --no-run -j8
   Compiling proc-macro2 v1.0.107
   Compiling unicode-ident v1.0.24
   Compiling quote v1.0.47
   Compiling libc v0.2.189
   Compiling autocfg v1.5.1
   Compiling libm v0.2.16
   Compiling cfg-if v1.0.5
   Compiling memchr v2.8.3
   Compiling zerocopy v0.8.57
   Compiling bytes v1.12.1
   Compiling getrandom v0.3.4
   Compiling once_cell v1.21.4
   Compiling foldhash v0.2.0
   Compiling num-traits v0.2.19
   Compiling itoa v1.0.18
   Compiling serde_core v1.0.229
   Compiling allocator-api2 v0.2.21
   Compiling equivalent v1.0.2
   Compiling zmij v1.0.23
   Compiling serde_json v1.0.151
   Compiling syn v3.0.5
   Compiling syn v2.0.119
   Compiling hashbrown v0.17.1
   Compiling siphasher v1.0.3
   Compiling iana-time-zone v0.1.65
   Compiling stable_deref_trait v1.2.1
   Compiling version_check v0.9.5
   Compiling phf_shared v0.12.1
   Compiling num-integer v0.1.47
   Compiling indexmap v2.14.2
   Compiling chrono v0.4.45
   Compiling chrono-tz v0.10.4
   Compiling phf v0.12.1
   Compiling ahash v0.8.12
   Compiling num-complex v0.4.6
   Compiling num-bigint v0.5.1
   Compiling jobserver v0.1.35
   Compiling shlex v2.0.1
   Compiling pin-project-lite v0.2.17
   Compiling find-msvc-tools v0.1.12
   Compiling litemap v0.8.3
   Compiling pkg-config v0.3.34
   Compiling cc v1.4.6
   Compiling futures-sink v0.3.34
   Compiling lexical-util v1.0.7
   Compiling writeable v0.6.4
   Compiling futures-core v0.3.34
   Compiling smallvec v1.16.1
   Compiling icu_properties_data v2.3.0
   Compiling icu_normalizer_data v2.3.0
   Compiling utf8_iter v1.0.4
   Compiling semver v1.0.28
   Compiling futures-channel v0.3.34
   Compiling lexical-write-integer v1.0.6
   Compiling rustc_version v0.4.1
   Compiling lexical-parse-integer v1.0.6
   Compiling futures-io v0.3.34
   Compiling slab v0.4.12
   Compiling bitflags v2.13.2
   Compiling futures-task v0.3.34
   Compiling zstd-safe v7.3.0
   Compiling parking_lot_core v0.9.12
   Compiling zstd-sys v2.1.0+zstd.1.5.7
   Compiling flatbuffers v25.12.19
   Compiling lexical-parse-float v1.0.6
   Compiling lexical-write-float v1.0.6
   Compiling aho-corasick v1.1.5
   Compiling scopeguard v1.2.0
   Compiling arrow-schema v59.3.0
   Compiling ryu v1.0.23
   Compiling synstructure v0.14.0
   Compiling unicode-width v0.2.2
   Compiling base64 v0.23.1
   Compiling regex-syntax v0.8.11
   Compiling unicode-segmentation v1.13.3
   Compiling comfy-table v7.2.2
   Compiling zerocopy-derive v0.8.57
   Compiling lexical-core v1.0.6
   Compiling lock_api v0.4.14
   Compiling zerofrom-derive v0.1.8
   Compiling yoke-derive v0.8.3
   Compiling zerovec-derive v0.11.6
   Compiling displaydoc v0.2.7
   Compiling tokio-macros v2.7.2
   Compiling zerofrom v0.1.8
   Compiling futures-macro v0.3.34
   Compiling yoke v0.8.3
   Compiling tokio v1.53.1
   Compiling regex-automata v0.4.18
   Compiling zerotrie v0.2.5
   Compiling zerovec v0.11.8
   Compiling futures-util v0.3.34
   Compiling atoi v2.0.0
   Compiling thiserror v2.0.20
   Compiling alloc-no-stdlib v2.0.4
   Compiling twox-hash v2.1.4
   Compiling percent-encoding v2.3.2
   Compiling getrandom v0.4.3
   Compiling either v1.18.0
   Compiling form_urlencoded v1.2.2
   Compiling tinystr v0.8.4
   Compiling potential_utf v0.1.6
   Compiling lz4_flex v0.14.0
   Compiling icu_locale_core v2.3.0
   Compiling icu_collections v2.3.0
   Compiling alloc-stdlib v0.2.4
   Compiling thiserror-impl v2.0.20
   Compiling icu_provider v2.3.1
   Compiling regex v1.13.1
   Compiling icu_normalizer v2.3.0
   Compiling icu_properties v2.3.0
   Compiling futures-executor v0.3.34
   Compiling tracing-attributes v0.1.31
   Compiling tracing-core v0.1.36
   Compiling csv-core v0.1.13
   Compiling snap v1.1.2
   Compiling simdutf8 v0.1.5
   Compiling same-file v1.0.6
   Compiling walkdir v2.5.0
   Compiling csv v1.4.0
   Compiling idna_adapter v1.2.2
   Compiling idna v1.1.0
   Compiling futures v0.3.34
   Compiling tracing v0.1.44
   Compiling brotli-decompressor v5.0.3
   Compiling itertools v0.14.0
   Compiling parking_lot v0.12.5
   Compiling async-trait v0.1.92
   Compiling half v2.7.1
   Compiling url v2.5.8
   Compiling arrow-buffer v59.3.0
   Compiling http v1.5.0
   Compiling zlib-rs v0.6.8
   Compiling humantime v2.4.0
   Compiling log v0.4.34
   Compiling brotli v8.0.4
   Compiling sqlparser_derive v0.5.0
   Compiling arrow-data v59.3.0
   Compiling object_store v0.13.2
   Compiling seq-macro v0.3.6
   Compiling sqlparser v0.62.0
   Compiling uuid v1.26.1
   Compiling itertools v0.15.0
   Compiling arrow-array v59.3.0
   Compiling pin-project-internal v1.1.13
   Compiling zstd v0.13.3
   Compiling datafusion-doc v55.1.0
   Compiling crossbeam-utils v0.8.23
   Compiling foldhash v0.1.5
   Compiling rustix v1.1.4
   Compiling hashbrown v0.15.5
   Compiling flate2 v1.1.10
   Compiling pin-project v1.1.13
   Compiling ppv-lite86 v0.2.21
   Compiling rand_core v0.9.5
   Compiling linux-raw-sys v0.12.1
   Compiling fixedbitset v0.5.7
   Compiling rand_chacha v0.9.0
   Compiling tokio-util v0.7.19
   Compiling arrow-select v59.3.0
   Compiling arrow-row v59.3.0
   Compiling arrow-arith v59.3.0
   Compiling petgraph v0.8.3
   Compiling hashbrown v0.14.5
   Compiling fastrand v2.5.0
   Compiling dashmap v6.2.1
   Compiling tempfile v3.27.0
   Compiling arrow-ord v59.3.0
   Compiling arrow-ipc v59.3.0
   Compiling arrow-string v59.3.0
   Compiling rand v0.9.5
   Compiling datafusion-macros v55.1.0
   Compiling hex v0.4.3
   Compiling parquet v59.3.0
   Compiling datafusion-common-runtime v55.1.0
   Compiling arrow-cast v59.3.0
   Compiling glob v0.3.4
   Compiling bigdecimal v0.4.10
   Compiling num-bigint v0.4.8
   Compiling arrow-json v59.3.0
   Compiling arrow-csv v59.3.0
   Compiling arrow v59.3.0
   Compiling tokio-stream v0.1.19
   Compiling datafusion-common v55.1.0
   Compiling datafusion-expr-common v55.1.0
   Compiling datafusion-physical-expr-common v55.1.0
   Compiling datafusion-functions-aggregate-common v55.1.0
   Compiling datafusion-functions-window-common v55.1.0
   Compiling datafusion-expr v55.1.0
   Compiling datafusion-physical-expr v55.1.0
   Compiling datafusion-execution v55.1.0
   Compiling datafusion-functions v55.1.0
   Compiling datafusion-functions-aggregate v55.1.0
   Compiling datafusion-functions-window v55.1.0
   Compiling datafusion-optimizer v55.1.0
   Compiling datafusion-physical-plan v55.1.0
   Compiling datafusion-physical-expr-adapter v55.1.0
   Compiling datafusion-functions-nested v55.1.0
   Compiling datafusion-sql v55.1.0
   Compiling datafusion-session v55.1.0
   Compiling datafusion-datasource v55.1.0
   Compiling datafusion-catalog v55.1.0
   Compiling datafusion-pruning v55.1.0
   Compiling datafusion-datasource-json v55.1.0
   Compiling datafusion-datasource-arrow v55.1.0
   Compiling datafusion-datasource-csv v55.1.0
   Compiling datafusion-physical-optimizer v55.1.0
   Compiling datafusion-datasource-parquet v55.1.0
   Compiling datafusion-functions-table v55.1.0
   Compiling datafusion-catalog-listing v55.1.0
   Compiling datafusion v55.0.0
   Compiling consumer_c v0.1.0 (/home/pepe/scratch/burrmill-footprint/C)
    Finished `test` profile [unoptimized + debuginfo] target(s) in 3m 18s
  Executable unittests src/lib.rs (target-default/debug/deps/consumer-2b70cf6df37dec13)
  Executable unittests src/main.rs (target-default/debug/deps/consumer_bin-ddf75c37d99b1c19)
  Executable tests/t01.rs (target-default/debug/deps/t01-a6c0da63b1af53de)
  Executable tests/t02.rs (target-default/debug/deps/t02-e2ca97ff9f9cb30e)
  Executable tests/t03.rs (target-default/debug/deps/t03-0d554db3822fa26d)
  Executable tests/t04.rs (target-default/debug/deps/t04-867e7bcf05e2ac97)
  Executable tests/t05.rs (target-default/debug/deps/t05-5fa54c4490c5db0e)
  Executable tests/t06.rs (target-default/debug/deps/t06-b0e5d4c44dc37cce)
  Executable tests/t07.rs (target-default/debug/deps/t07-a243a0d149536fd6)
  Executable tests/t08.rs (target-default/debug/deps/t08-3e69ba5a963bbcbb)
  Executable tests/t09.rs (target-default/debug/deps/t09-ae03b4e0aeffbe6f)
  Executable tests/t10.rs (target-default/debug/deps/t10-08149af59b34f47b)
  Executable tests/t11.rs (target-default/debug/deps/t11-7cfea5cd3a0333fd)
  Executable tests/t12.rs (target-default/debug/deps/t12-6279e0069a5cc8c4)
  Executable tests/t13.rs (target-default/debug/deps/t13-5226e687024acbf3)
  Executable tests/t14.rs (target-default/debug/deps/t14-4add188e3b29cc09)
  Executable tests/t15.rs (target-default/debug/deps/t15-3bab61cff27cd698)
  Executable tests/t16.rs (target-default/debug/deps/t16-06902afe6540667b)
  Executable tests/t17.rs (target-default/debug/deps/t17-52f42ca0bc7b8ce0)
  Executable tests/t18.rs (target-default/debug/deps/t18-41b1249061978b53)
  Executable tests/t19.rs (target-default/debug/deps/t19-553ecc609d97e4a0)
  Executable tests/t20.rs (target-default/debug/deps/t20-69892a17733cff5d)
### default_build_clean_j32: cargo build -j32
   Compiling proc-macro2 v1.0.107
   Compiling unicode-ident v1.0.24
   Compiling quote v1.0.47
   Compiling libc v0.2.189
   Compiling autocfg v1.5.1
   Compiling cfg-if v1.0.5
   Compiling libm v0.2.16
   Compiling memchr v2.8.3
   Compiling zerocopy v0.8.57
   Compiling bytes v1.12.1
   Compiling once_cell v1.21.4
   Compiling equivalent v1.0.2
   Compiling foldhash v0.2.0
   Compiling allocator-api2 v0.2.21
   Compiling itoa v1.0.18
   Compiling serde_core v1.0.229
   Compiling getrandom v0.3.4
   Compiling zmij v1.0.23
   Compiling serde_json v1.0.151
   Compiling version_check v0.9.5
   Compiling iana-time-zone v0.1.65
   Compiling siphasher v1.0.3
   Compiling stable_deref_trait v1.2.1
   Compiling chrono-tz v0.10.4
   Compiling pin-project-lite v0.2.17
   Compiling find-msvc-tools v0.1.12
   Compiling shlex v2.0.1
   Compiling smallvec v1.16.1
   Compiling litemap v0.8.3
   Compiling writeable v0.6.4
   Compiling futures-core v0.3.34
   Compiling pkg-config v0.3.34
   Compiling futures-sink v0.3.34
   Compiling lexical-util v1.0.7
   Compiling icu_normalizer_data v2.3.0
   Compiling icu_properties_data v2.3.0
   Compiling utf8_iter v1.0.4
   Compiling semver v1.0.28
   Compiling phf_shared v0.12.1
   Compiling futures-channel v0.3.34
   Compiling bitflags v2.13.2
   Compiling zstd-safe v7.3.0
   Compiling futures-io v0.3.34
   Compiling parking_lot_core v0.9.12
   Compiling slab v0.4.12
   Compiling futures-task v0.3.34
   Compiling base64 v0.23.1
   Compiling unicode-width v0.2.2
   Compiling scopeguard v1.2.0
   Compiling unicode-segmentation v1.13.3
   Compiling ryu v1.0.23
   Compiling regex-syntax v0.8.11
   Compiling ahash v0.8.12
   Compiling lock_api v0.4.14
   Compiling phf v0.12.1
   Compiling percent-encoding v2.3.2
   Compiling alloc-no-stdlib v2.0.4
   Compiling getrandom v0.4.3
   Compiling either v1.18.0
   Compiling twox-hash v2.1.4
   Compiling thiserror v2.0.20
   Compiling hashbrown v0.17.1
   Compiling rustc_version v0.4.1
   Compiling alloc-stdlib v0.2.4
   Compiling tracing-core v0.1.36
   Compiling same-file v1.0.6
   Compiling num-traits v0.2.19
   Compiling form_urlencoded v1.2.2
   Compiling simdutf8 v0.1.5
   Compiling snap v1.1.2
   Compiling humantime v2.4.0
   Compiling zlib-rs v0.6.8
   Compiling log v0.4.34
   Compiling lz4_flex v0.14.0
   Compiling brotli-decompressor v5.0.3
   Compiling seq-macro v0.3.6
   Compiling datafusion-doc v55.1.0
   Compiling crossbeam-utils v0.8.23
   Compiling walkdir v2.5.0
   Compiling lexical-parse-integer v1.0.6
   Compiling lexical-write-integer v1.0.6
   Compiling aho-corasick v1.1.5
   Compiling csv-core v0.1.13
   Compiling itertools v0.14.0
   Compiling itertools v0.15.0
   Compiling rustix v1.1.4
   Compiling foldhash v0.1.5
   Compiling fixedbitset v0.5.7
   Compiling http v1.5.0
   Compiling flatbuffers v25.12.19
   Compiling comfy-table v7.2.2
   Compiling lexical-parse-float v1.0.6
   Compiling linux-raw-sys v0.12.1
   Compiling hashbrown v0.15.5
   Compiling hashbrown v0.14.5
   Compiling fastrand v2.5.0
   Compiling hex v0.4.3
   Compiling glob v0.3.4
   Compiling lexical-write-float v1.0.6
   Compiling bigdecimal v0.4.10
   Compiling syn v3.0.5
   Compiling syn v2.0.119
   Compiling lexical-core v1.0.6
   Compiling indexmap v2.14.2
   Compiling brotli v8.0.4
   Compiling jobserver v0.1.35
   Compiling uuid v1.26.1
   Compiling rand_core v0.9.5
   Compiling parking_lot v0.12.5
   Compiling dashmap v6.2.1
   Compiling cc v1.4.6
   Compiling petgraph v0.8.3
   Compiling num-integer v0.1.47
   Compiling chrono v0.4.45
   Compiling num-complex v0.4.6
   Compiling atoi v2.0.0
   Compiling num-bigint v0.5.1
   Compiling num-bigint v0.4.8
   Compiling regex-automata v0.4.18
   Compiling zstd-sys v2.1.0+zstd.1.5.7
   Compiling tempfile v3.27.0
   Compiling csv v1.4.0
   Compiling zerocopy-derive v0.8.57
   Compiling tracing-attributes v0.1.31
   Compiling sqlparser_derive v0.5.0
   Compiling pin-project-internal v1.1.13
   Compiling synstructure v0.14.0
   Compiling arrow-schema v59.3.0
   Compiling regex v1.13.1
   Compiling flate2 v1.1.10
   Compiling zerofrom-derive v0.1.8
   Compiling yoke-derive v0.8.3
   Compiling zerovec-derive v0.11.6
   Compiling displaydoc v0.2.7
   Compiling futures-macro v0.3.34
   Compiling tokio-macros v2.7.2
   Compiling thiserror-impl v2.0.20
   Compiling async-trait v0.1.92
   Compiling datafusion-macros v55.1.0
   Compiling sqlparser v0.62.0
   Compiling pin-project v1.1.13
   Compiling tracing v0.1.44
   Compiling tokio v1.53.1
   Compiling futures-util v0.3.34
   Compiling zerofrom v0.1.8
   Compiling yoke v0.8.3
   Compiling zerovec v0.11.8
   Compiling zerotrie v0.2.5
   Compiling tinystr v0.8.4
   Compiling potential_utf v0.1.6
   Compiling icu_collections v2.3.0
   Compiling icu_locale_core v2.3.0
   Compiling zstd v0.13.3
   Compiling icu_provider v2.3.1
   Compiling futures-executor v0.3.34
   Compiling futures v0.3.34
   Compiling icu_normalizer v2.3.0
   Compiling icu_properties v2.3.0
   Compiling tokio-util v0.7.19
   Compiling datafusion-common-runtime v55.1.0
   Compiling half v2.7.1
   Compiling ppv-lite86 v0.2.21
   Compiling tokio-stream v0.1.19
   Compiling idna_adapter v1.2.2
   Compiling idna v1.1.0
   Compiling rand_chacha v0.9.0
   Compiling arrow-buffer v59.3.0
   Compiling url v2.5.8
   Compiling rand v0.9.5
   Compiling object_store v0.13.2
   Compiling arrow-data v59.3.0
   Compiling arrow-array v59.3.0
   Compiling arrow-select v59.3.0
   Compiling arrow-arith v59.3.0
   Compiling arrow-row v59.3.0
   Compiling arrow-ord v59.3.0
   Compiling arrow-ipc v59.3.0
   Compiling arrow-string v59.3.0
   Compiling parquet v59.3.0
   Compiling arrow-cast v59.3.0
   Compiling arrow-csv v59.3.0
   Compiling arrow-json v59.3.0
   Compiling arrow v59.3.0
   Compiling datafusion-common v55.1.0
   Compiling datafusion-expr-common v55.1.0
   Compiling datafusion-physical-expr-common v55.1.0
   Compiling datafusion-functions-aggregate-common v55.1.0
   Compiling datafusion-functions-window-common v55.1.0
   Compiling datafusion-expr v55.1.0
   Compiling datafusion-physical-expr v55.1.0
   Compiling datafusion-execution v55.1.0
   Compiling datafusion-functions v55.1.0
   Compiling datafusion-functions-aggregate v55.1.0
   Compiling datafusion-functions-window v55.1.0
   Compiling datafusion-optimizer v55.1.0
   Compiling datafusion-physical-plan v55.1.0
   Compiling datafusion-physical-expr-adapter v55.1.0
   Compiling datafusion-functions-nested v55.1.0
   Compiling datafusion-sql v55.1.0
   Compiling datafusion-session v55.1.0
   Compiling datafusion-datasource v55.1.0
   Compiling datafusion-catalog v55.1.0
   Compiling datafusion-pruning v55.1.0
   Compiling datafusion-datasource-json v55.1.0
   Compiling datafusion-datasource-arrow v55.1.0
   Compiling datafusion-datasource-csv v55.1.0
   Compiling datafusion-datasource-parquet v55.1.0
   Compiling datafusion-physical-optimizer v55.1.0
   Compiling datafusion-catalog-listing v55.1.0
   Compiling datafusion-functions-table v55.1.0
   Compiling datafusion v55.0.0
   Compiling consumer_c v0.1.0 (/home/pepe/scratch/burrmill-footprint/C)
    Finished `dev` profile [unoptimized + debuginfo] target(s) in 2m 31s
### default_test_clean_j32: cargo test --no-run -j32
   Compiling proc-macro2 v1.0.107
   Compiling unicode-ident v1.0.24
   Compiling quote v1.0.47
   Compiling libc v0.2.189
   Compiling autocfg v1.5.1
   Compiling cfg-if v1.0.5
   Compiling libm v0.2.16
   Compiling memchr v2.8.3
   Compiling zerocopy v0.8.57
   Compiling bytes v1.12.1
   Compiling once_cell v1.21.4
   Compiling foldhash v0.2.0
   Compiling allocator-api2 v0.2.21
   Compiling itoa v1.0.18
   Compiling serde_core v1.0.229
   Compiling getrandom v0.3.4
   Compiling equivalent v1.0.2
   Compiling zmij v1.0.23
   Compiling serde_json v1.0.151
   Compiling iana-time-zone v0.1.65
   Compiling stable_deref_trait v1.2.1
   Compiling version_check v0.9.5
   Compiling siphasher v1.0.3
   Compiling chrono-tz v0.10.4
   Compiling find-msvc-tools v0.1.12
   Compiling shlex v2.0.1
   Compiling pin-project-lite v0.2.17
   Compiling pkg-config v0.3.34
   Compiling lexical-util v1.0.7
   Compiling smallvec v1.16.1
   Compiling futures-sink v0.3.34
   Compiling futures-core v0.3.34
   Compiling writeable v0.6.4
   Compiling litemap v0.8.3
   Compiling icu_properties_data v2.3.0
   Compiling utf8_iter v1.0.4
   Compiling icu_normalizer_data v2.3.0
   Compiling semver v1.0.28
   Compiling futures-channel v0.3.34
   Compiling zstd-safe v7.3.0
   Compiling parking_lot_core v0.9.12
   Compiling futures-io v0.3.34
   Compiling phf_shared v0.12.1
   Compiling futures-task v0.3.34
   Compiling slab v0.4.12
   Compiling bitflags v2.13.2
   Compiling ryu v1.0.23
   Compiling scopeguard v1.2.0
   Compiling base64 v0.23.1
   Compiling regex-syntax v0.8.11
   Compiling unicode-width v0.2.2
   Compiling unicode-segmentation v1.13.3
   Compiling alloc-no-stdlib v2.0.4
   Compiling getrandom v0.4.3
   Compiling lock_api v0.4.14
   Compiling twox-hash v2.1.4
   Compiling percent-encoding v2.3.2
   Compiling phf v0.12.1
   Compiling rustc_version v0.4.1
   Compiling ahash v0.8.12
   Compiling thiserror v2.0.20
   Compiling num-traits v0.2.19
   Compiling either v1.18.0
   Compiling alloc-stdlib v0.2.4
   Compiling tracing-core v0.1.36
   Compiling simdutf8 v0.1.5
   Compiling snap v1.1.2
   Compiling same-file v1.0.6
   Compiling humantime v2.4.0
   Compiling hashbrown v0.17.1
   Compiling lexical-write-integer v1.0.6
   Compiling lexical-parse-integer v1.0.6
   Compiling form_urlencoded v1.2.2
   Compiling lz4_flex v0.14.0
   Compiling brotli-decompressor v5.0.3
   Compiling log v0.4.34
   Compiling zlib-rs v0.6.8
   Compiling walkdir v2.5.0
   Compiling seq-macro v0.3.6
   Compiling datafusion-doc v55.1.0
   Compiling crossbeam-utils v0.8.23
   Compiling rustix v1.1.4
   Compiling itertools v0.14.0
   Compiling itertools v0.15.0
   Compiling aho-corasick v1.1.5
   Compiling lexical-parse-float v1.0.6
   Compiling csv-core v0.1.13
   Compiling foldhash v0.1.5
   Compiling fixedbitset v0.5.7
   Compiling flatbuffers v25.12.19
   Compiling http v1.5.0
   Compiling lexical-write-float v1.0.6
   Compiling linux-raw-sys v0.12.1
   Compiling fastrand v2.5.0
   Compiling comfy-table v7.2.2
   Compiling hashbrown v0.15.5
   Compiling hashbrown v0.14.5
   Compiling hex v0.4.3
   Compiling glob v0.3.4
   Compiling bigdecimal v0.4.10
   Compiling lexical-core v1.0.6
   Compiling syn v3.0.5
   Compiling syn v2.0.119
   Compiling indexmap v2.14.2
   Compiling jobserver v0.1.35
   Compiling rand_core v0.9.5
   Compiling uuid v1.26.1
   Compiling parking_lot v0.12.5
   Compiling brotli v8.0.4
   Compiling cc v1.4.6
   Compiling dashmap v6.2.1
   Compiling petgraph v0.8.3
   Compiling num-integer v0.1.47
   Compiling chrono v0.4.45
   Compiling num-complex v0.4.6
   Compiling atoi v2.0.0
   Compiling num-bigint v0.5.1
   Compiling num-bigint v0.4.8
   Compiling regex-automata v0.4.18
   Compiling csv v1.4.0
   Compiling tempfile v3.27.0
   Compiling zstd-sys v2.1.0+zstd.1.5.7
   Compiling arrow-schema v59.3.0
   Compiling zerocopy-derive v0.8.57
   Compiling tracing-attributes v0.1.31
   Compiling sqlparser_derive v0.5.0
   Compiling pin-project-internal v1.1.13
   Compiling flate2 v1.1.10
   Compiling sqlparser v0.62.0
   Compiling tracing v0.1.44
   Compiling regex v1.13.1
   Compiling pin-project v1.1.13
   Compiling synstructure v0.14.0
   Compiling zerofrom-derive v0.1.8
   Compiling yoke-derive v0.8.3
   Compiling zerovec-derive v0.11.6
   Compiling displaydoc v0.2.7
   Compiling tokio-macros v2.7.2
   Compiling futures-macro v0.3.34
   Compiling thiserror-impl v2.0.20
   Compiling async-trait v0.1.92
   Compiling datafusion-macros v55.1.0
   Compiling tokio v1.53.1
   Compiling futures-util v0.3.34
   Compiling zerofrom v0.1.8
   Compiling yoke v0.8.3
   Compiling zerovec v0.11.8
   Compiling zerotrie v0.2.5
   Compiling zstd v0.13.3
   Compiling tinystr v0.8.4
   Compiling potential_utf v0.1.6
   Compiling icu_collections v2.3.0
   Compiling icu_locale_core v2.3.0
   Compiling icu_provider v2.3.1
   Compiling icu_normalizer v2.3.0
   Compiling icu_properties v2.3.0
   Compiling futures-executor v0.3.34
   Compiling futures v0.3.34
   Compiling half v2.7.1
   Compiling ppv-lite86 v0.2.21
   Compiling tokio-util v0.7.19
   Compiling datafusion-common-runtime v55.1.0
   Compiling idna_adapter v1.2.2
   Compiling idna v1.1.0
   Compiling rand_chacha v0.9.0
   Compiling arrow-buffer v59.3.0
   Compiling url v2.5.8
   Compiling rand v0.9.5
   Compiling tokio-stream v0.1.19
   Compiling object_store v0.13.2
   Compiling arrow-data v59.3.0
   Compiling arrow-array v59.3.0
   Compiling arrow-select v59.3.0
   Compiling arrow-arith v59.3.0
   Compiling arrow-row v59.3.0
   Compiling arrow-ord v59.3.0
   Compiling arrow-ipc v59.3.0
   Compiling arrow-string v59.3.0
   Compiling parquet v59.3.0
   Compiling arrow-cast v59.3.0
   Compiling arrow-csv v59.3.0
   Compiling arrow-json v59.3.0
   Compiling arrow v59.3.0
   Compiling datafusion-common v55.1.0
   Compiling datafusion-expr-common v55.1.0
   Compiling datafusion-physical-expr-common v55.1.0
   Compiling datafusion-functions-window-common v55.1.0
   Compiling datafusion-functions-aggregate-common v55.1.0
   Compiling datafusion-expr v55.1.0
   Compiling datafusion-physical-expr v55.1.0
   Compiling datafusion-execution v55.1.0
   Compiling datafusion-functions v55.1.0
   Compiling datafusion-functions-aggregate v55.1.0
   Compiling datafusion-optimizer v55.1.0
   Compiling datafusion-functions-window v55.1.0
   Compiling datafusion-physical-plan v55.1.0
   Compiling datafusion-physical-expr-adapter v55.1.0
   Compiling datafusion-functions-nested v55.1.0
   Compiling datafusion-sql v55.1.0
   Compiling datafusion-session v55.1.0
   Compiling datafusion-datasource v55.1.0
   Compiling datafusion-pruning v55.1.0
   Compiling datafusion-catalog v55.1.0
   Compiling datafusion-datasource-csv v55.1.0
   Compiling datafusion-datasource-json v55.1.0
   Compiling datafusion-datasource-arrow v55.1.0
   Compiling datafusion-physical-optimizer v55.1.0
   Compiling datafusion-datasource-parquet v55.1.0
   Compiling datafusion-catalog-listing v55.1.0
   Compiling datafusion-functions-table v55.1.0
   Compiling datafusion v55.0.0
   Compiling consumer_c v0.1.0 (/home/pepe/scratch/burrmill-footprint/C)
    Finished `test` profile [unoptimized + debuginfo] target(s) in 2m 12s
  Executable unittests src/lib.rs (target-default/debug/deps/consumer-2b70cf6df37dec13)
  Executable unittests src/main.rs (target-default/debug/deps/consumer_bin-ddf75c37d99b1c19)
  Executable tests/t01.rs (target-default/debug/deps/t01-a6c0da63b1af53de)
  Executable tests/t02.rs (target-default/debug/deps/t02-e2ca97ff9f9cb30e)
  Executable tests/t03.rs (target-default/debug/deps/t03-0d554db3822fa26d)
  Executable tests/t04.rs (target-default/debug/deps/t04-867e7bcf05e2ac97)
  Executable tests/t05.rs (target-default/debug/deps/t05-5fa54c4490c5db0e)
  Executable tests/t06.rs (target-default/debug/deps/t06-b0e5d4c44dc37cce)
  Executable tests/t07.rs (target-default/debug/deps/t07-a243a0d149536fd6)
  Executable tests/t08.rs (target-default/debug/deps/t08-3e69ba5a963bbcbb)
  Executable tests/t09.rs (target-default/debug/deps/t09-ae03b4e0aeffbe6f)
  Executable tests/t10.rs (target-default/debug/deps/t10-08149af59b34f47b)
  Executable tests/t11.rs (target-default/debug/deps/t11-7cfea5cd3a0333fd)
  Executable tests/t12.rs (target-default/debug/deps/t12-6279e0069a5cc8c4)
  Executable tests/t13.rs (target-default/debug/deps/t13-5226e687024acbf3)
  Executable tests/t14.rs (target-default/debug/deps/t14-4add188e3b29cc09)
  Executable tests/t15.rs (target-default/debug/deps/t15-3bab61cff27cd698)
  Executable tests/t16.rs (target-default/debug/deps/t16-06902afe6540667b)
  Executable tests/t17.rs (target-default/debug/deps/t17-52f42ca0bc7b8ce0)
  Executable tests/t18.rs (target-default/debug/deps/t18-41b1249061978b53)
  Executable tests/t19.rs (target-default/debug/deps/t19-553ecc609d97e4a0)
  Executable tests/t20.rs (target-default/debug/deps/t20-69892a17733cff5d)
### default_incr_lib_test: cargo test --no-run -j32
   Compiling consumer_c v0.1.0 (/home/pepe/scratch/burrmill-footprint/C)
    Finished `test` profile [unoptimized + debuginfo] target(s) in 14.02s
  Executable unittests src/lib.rs (target-default/debug/deps/consumer-2b70cf6df37dec13)
  Executable unittests src/main.rs (target-default/debug/deps/consumer_bin-ddf75c37d99b1c19)
  Executable tests/t01.rs (target-default/debug/deps/t01-a6c0da63b1af53de)
  Executable tests/t02.rs (target-default/debug/deps/t02-e2ca97ff9f9cb30e)
  Executable tests/t03.rs (target-default/debug/deps/t03-0d554db3822fa26d)
  Executable tests/t04.rs (target-default/debug/deps/t04-867e7bcf05e2ac97)
  Executable tests/t05.rs (target-default/debug/deps/t05-5fa54c4490c5db0e)
  Executable tests/t06.rs (target-default/debug/deps/t06-b0e5d4c44dc37cce)
  Executable tests/t07.rs (target-default/debug/deps/t07-a243a0d149536fd6)
  Executable tests/t08.rs (target-default/debug/deps/t08-3e69ba5a963bbcbb)
  Executable tests/t09.rs (target-default/debug/deps/t09-ae03b4e0aeffbe6f)
  Executable tests/t10.rs (target-default/debug/deps/t10-08149af59b34f47b)
  Executable tests/t11.rs (target-default/debug/deps/t11-7cfea5cd3a0333fd)
  Executable tests/t12.rs (target-default/debug/deps/t12-6279e0069a5cc8c4)
  Executable tests/t13.rs (target-default/debug/deps/t13-5226e687024acbf3)
  Executable tests/t14.rs (target-default/debug/deps/t14-4add188e3b29cc09)
  Executable tests/t15.rs (target-default/debug/deps/t15-3bab61cff27cd698)
  Executable tests/t16.rs (target-default/debug/deps/t16-06902afe6540667b)
  Executable tests/t17.rs (target-default/debug/deps/t17-52f42ca0bc7b8ce0)
  Executable tests/t18.rs (target-default/debug/deps/t18-41b1249061978b53)
  Executable tests/t19.rs (target-default/debug/deps/t19-553ecc609d97e4a0)
  Executable tests/t20.rs (target-default/debug/deps/t20-69892a17733cff5d)
### default_incr_lib_build: cargo build -j32
   Compiling consumer_c v0.1.0 (/home/pepe/scratch/burrmill-footprint/C)
    Finished `dev` profile [unoptimized + debuginfo] target(s) in 1.85s
### default_incr_test_test: cargo test --no-run -j32
   Compiling consumer_c v0.1.0 (/home/pepe/scratch/burrmill-footprint/C)
    Finished `test` profile [unoptimized + debuginfo] target(s) in 11.78s
  Executable unittests src/lib.rs (target-default/debug/deps/consumer-2b70cf6df37dec13)
  Executable unittests src/main.rs (target-default/debug/deps/consumer_bin-ddf75c37d99b1c19)
  Executable tests/t01.rs (target-default/debug/deps/t01-a6c0da63b1af53de)
  Executable tests/t02.rs (target-default/debug/deps/t02-e2ca97ff9f9cb30e)
  Executable tests/t03.rs (target-default/debug/deps/t03-0d554db3822fa26d)
  Executable tests/t04.rs (target-default/debug/deps/t04-867e7bcf05e2ac97)
  Executable tests/t05.rs (target-default/debug/deps/t05-5fa54c4490c5db0e)
  Executable tests/t06.rs (target-default/debug/deps/t06-b0e5d4c44dc37cce)
  Executable tests/t07.rs (target-default/debug/deps/t07-a243a0d149536fd6)
  Executable tests/t08.rs (target-default/debug/deps/t08-3e69ba5a963bbcbb)
  Executable tests/t09.rs (target-default/debug/deps/t09-ae03b4e0aeffbe6f)
  Executable tests/t10.rs (target-default/debug/deps/t10-08149af59b34f47b)
  Executable tests/t11.rs (target-default/debug/deps/t11-7cfea5cd3a0333fd)
  Executable tests/t12.rs (target-default/debug/deps/t12-6279e0069a5cc8c4)
  Executable tests/t13.rs (target-default/debug/deps/t13-5226e687024acbf3)
  Executable tests/t14.rs (target-default/debug/deps/t14-4add188e3b29cc09)
  Executable tests/t15.rs (target-default/debug/deps/t15-3bab61cff27cd698)
  Executable tests/t16.rs (target-default/debug/deps/t16-06902afe6540667b)
  Executable tests/t17.rs (target-default/debug/deps/t17-52f42ca0bc7b8ce0)
  Executable tests/t18.rs (target-default/debug/deps/t18-41b1249061978b53)
  Executable tests/t19.rs (target-default/debug/deps/t19-553ecc609d97e4a0)
  Executable tests/t20.rs (target-default/debug/deps/t20-69892a17733cff5d)
### nodebug_build_clean_j8: cargo build -j8
   Compiling proc-macro2 v1.0.107
   Compiling quote v1.0.47
   Compiling unicode-ident v1.0.24
   Compiling libc v0.2.189
   Compiling autocfg v1.5.1
   Compiling cfg-if v1.0.5
   Compiling libm v0.2.16
   Compiling memchr v2.8.3
   Compiling zerocopy v0.8.57
   Compiling bytes v1.12.1
   Compiling once_cell v1.21.4
   Compiling getrandom v0.3.4
   Compiling num-traits v0.2.19
   Compiling itoa v1.0.18
   Compiling serde_core v1.0.229
   Compiling foldhash v0.2.0
   Compiling equivalent v1.0.2
   Compiling allocator-api2 v0.2.21
   Compiling zmij v1.0.23
   Compiling serde_json v1.0.151
   Compiling siphasher v1.0.3
   Compiling iana-time-zone v0.1.65
   Compiling syn v3.0.5
   Compiling syn v2.0.119
   Compiling hashbrown v0.17.1
   Compiling version_check v0.9.5
   Compiling stable_deref_trait v1.2.1
   Compiling phf_shared v0.12.1
   Compiling chrono-tz v0.10.4
   Compiling ahash v0.8.12
   Compiling phf v0.12.1
   Compiling jobserver v0.1.35
   Compiling num-integer v0.1.47
   Compiling chrono v0.4.45
   Compiling indexmap v2.14.2
   Compiling num-complex v0.4.6
   Compiling num-bigint v0.5.1
   Compiling find-msvc-tools v0.1.12
   Compiling pin-project-lite v0.2.17
   Compiling shlex v2.0.1
   Compiling futures-core v0.3.34
   Compiling cc v1.4.6
   Compiling pkg-config v0.3.34
   Compiling futures-sink v0.3.34
   Compiling smallvec v1.16.1
   Compiling writeable v0.6.4
   Compiling litemap v0.8.3
   Compiling lexical-util v1.0.7
   Compiling icu_normalizer_data v2.3.0
   Compiling utf8_iter v1.0.4
   Compiling icu_properties_data v2.3.0
   Compiling semver v1.0.28
   Compiling rustc_version v0.4.1
   Compiling lexical-write-integer v1.0.6
   Compiling lexical-parse-integer v1.0.6
   Compiling arrow-schema v59.3.0
   Compiling futures-channel v0.3.34
   Compiling slab v0.4.12
   Compiling futures-task v0.3.34
   Compiling parking_lot_core v0.9.12
   Compiling synstructure v0.14.0
   Compiling zstd-sys v2.1.0+zstd.1.5.7
   Compiling zstd-safe v7.3.0
   Compiling bitflags v2.13.2
   Compiling futures-io v0.3.34
   Compiling lexical-write-float v1.0.6
   Compiling flatbuffers v25.12.19
   Compiling lexical-parse-float v1.0.6
   Compiling aho-corasick v1.1.5
   Compiling unicode-segmentation v1.13.3
   Compiling unicode-width v0.2.2
   Compiling base64 v0.23.1
   Compiling scopeguard v1.2.0
   Compiling regex-syntax v0.8.11
   Compiling ryu v1.0.23
   Compiling lock_api v0.4.14
   Compiling comfy-table v7.2.2
   Compiling lexical-core v1.0.6
   Compiling zerocopy-derive v0.8.57
   Compiling zerofrom-derive v0.1.8
   Compiling yoke-derive v0.8.3
   Compiling zerovec-derive v0.11.6
   Compiling displaydoc v0.2.7
   Compiling futures-macro v0.3.34
   Compiling tokio-macros v2.7.2
   Compiling zerofrom v0.1.8
   Compiling regex-automata v0.4.18
   Compiling yoke v0.8.3
   Compiling atoi v2.0.0
   Compiling either v1.18.0
   Compiling futures-util v0.3.34
   Compiling zerovec v0.11.8
   Compiling zerotrie v0.2.5
   Compiling tokio v1.53.1
   Compiling percent-encoding v2.3.2
   Compiling thiserror v2.0.20
   Compiling tinystr v0.8.4
   Compiling potential_utf v0.1.6
   Compiling icu_collections v2.3.0
   Compiling icu_locale_core v2.3.0
   Compiling twox-hash v2.1.4
   Compiling alloc-no-stdlib v2.0.4
   Compiling getrandom v0.4.3
   Compiling alloc-stdlib v0.2.4
   Compiling lz4_flex v0.14.0
   Compiling form_urlencoded v1.2.2
   Compiling thiserror-impl v2.0.20
   Compiling tracing-attributes v0.1.31
   Compiling icu_provider v2.3.1
   Compiling icu_normalizer v2.3.0
   Compiling icu_properties v2.3.0
   Compiling futures-executor v0.3.34
   Compiling regex v1.13.1
   Compiling csv-core v0.1.13
   Compiling tracing-core v0.1.36
   Compiling snap v1.1.2
   Compiling half v2.7.1
   Compiling simdutf8 v0.1.5
   Compiling same-file v1.0.6
   Compiling tracing v0.1.44
   Compiling arrow-buffer v59.3.0
   Compiling idna_adapter v1.2.2
   Compiling walkdir v2.5.0
   Compiling idna v1.1.0
   Compiling csv v1.4.0
   Compiling futures v0.3.34
   Compiling brotli-decompressor v5.0.3
   Compiling url v2.5.8
   Compiling itertools v0.14.0
   Compiling parking_lot v0.12.5
   Compiling arrow-data v59.3.0
   Compiling async-trait v0.1.92
   Compiling http v1.5.0
   Compiling log v0.4.34
   Compiling humantime v2.4.0
   Compiling zlib-rs v0.6.8
   Compiling brotli v8.0.4
   Compiling arrow-array v59.3.0
   Compiling sqlparser_derive v0.5.0
   Compiling object_store v0.13.2
   Compiling seq-macro v0.3.6
   Compiling sqlparser v0.62.0
   Compiling uuid v1.26.1
   Compiling itertools v0.15.0
   Compiling pin-project-internal v1.1.13
   Compiling pin-project v1.1.13
   Compiling datafusion-doc v55.1.0
   Compiling foldhash v0.1.5
   Compiling crossbeam-utils v0.8.23
   Compiling arrow-select v59.3.0
   Compiling arrow-row v59.3.0
   Compiling arrow-arith v59.3.0
   Compiling flate2 v1.1.10
   Compiling zstd v0.13.3
   Compiling rustix v1.1.4
   Compiling hashbrown v0.15.5
   Compiling ppv-lite86 v0.2.21
   Compiling rand_core v0.9.5
   Compiling linux-raw-sys v0.12.1
   Compiling fixedbitset v0.5.7
   Compiling rand_chacha v0.9.0
   Compiling arrow-ord v59.3.0
   Compiling arrow-ipc v59.3.0
   Compiling arrow-string v59.3.0
   Compiling petgraph v0.8.3
   Compiling arrow-cast v59.3.0
   Compiling parquet v59.3.0
   Compiling tokio-util v0.7.19
   Compiling hashbrown v0.14.5
   Compiling fastrand v2.5.0
   Compiling tempfile v3.27.0
   Compiling dashmap v6.2.1
   Compiling rand v0.9.5
   Compiling datafusion-macros v55.1.0
   Compiling hex v0.4.3
   Compiling datafusion-common-runtime v55.1.0
   Compiling glob v0.3.4
   Compiling bigdecimal v0.4.10
   Compiling num-bigint v0.4.8
   Compiling tokio-stream v0.1.19
   Compiling arrow-csv v59.3.0
   Compiling arrow-json v59.3.0
   Compiling arrow v59.3.0
   Compiling datafusion-common v55.1.0
   Compiling datafusion-expr-common v55.1.0
   Compiling datafusion-physical-expr-common v55.1.0
   Compiling datafusion-functions-aggregate-common v55.1.0
   Compiling datafusion-functions-window-common v55.1.0
   Compiling datafusion-expr v55.1.0
   Compiling datafusion-physical-expr v55.1.0
   Compiling datafusion-execution v55.1.0
   Compiling datafusion-functions v55.1.0
   Compiling datafusion-functions-aggregate v55.1.0
   Compiling datafusion-functions-window v55.1.0
   Compiling datafusion-optimizer v55.1.0
   Compiling datafusion-physical-plan v55.1.0
   Compiling datafusion-physical-expr-adapter v55.1.0
   Compiling datafusion-functions-nested v55.1.0
   Compiling datafusion-sql v55.1.0
   Compiling datafusion-session v55.1.0
   Compiling datafusion-datasource v55.1.0
   Compiling datafusion-catalog v55.1.0
   Compiling datafusion-pruning v55.1.0
   Compiling datafusion-datasource-csv v55.1.0
   Compiling datafusion-datasource-json v55.1.0
   Compiling datafusion-datasource-arrow v55.1.0
   Compiling datafusion-datasource-parquet v55.1.0
   Compiling datafusion-physical-optimizer v55.1.0
   Compiling datafusion-catalog-listing v55.1.0
   Compiling datafusion-functions-table v55.1.0
   Compiling datafusion v55.0.0
   Compiling consumer_c v0.1.0 (/home/pepe/scratch/burrmill-footprint/C)
    Finished `dev` profile [unoptimized] target(s) in 1m 59s
### nodebug_test_clean_j8: cargo test --no-run -j8
   Compiling proc-macro2 v1.0.107
   Compiling unicode-ident v1.0.24
   Compiling quote v1.0.47
   Compiling libc v0.2.189
   Compiling autocfg v1.5.1
   Compiling cfg-if v1.0.5
   Compiling libm v0.2.16
   Compiling memchr v2.8.3
   Compiling zerocopy v0.8.57
   Compiling bytes v1.12.1
   Compiling itoa v1.0.18
   Compiling getrandom v0.3.4
   Compiling equivalent v1.0.2
   Compiling num-traits v0.2.19
   Compiling serde_core v1.0.229
   Compiling allocator-api2 v0.2.21
   Compiling foldhash v0.2.0
   Compiling once_cell v1.21.4
   Compiling zmij v1.0.23
   Compiling hashbrown v0.17.1
   Compiling syn v3.0.5
   Compiling syn v2.0.119
   Compiling serde_json v1.0.151
   Compiling siphasher v1.0.3
   Compiling stable_deref_trait v1.2.1
   Compiling iana-time-zone v0.1.65
   Compiling version_check v0.9.5
   Compiling phf_shared v0.12.1
   Compiling chrono-tz v0.10.4
   Compiling jobserver v0.1.35
   Compiling phf v0.12.1
   Compiling ahash v0.8.12
   Compiling indexmap v2.14.2
   Compiling find-msvc-tools v0.1.12
   Compiling num-integer v0.1.47
   Compiling chrono v0.4.45
   Compiling num-complex v0.4.6
   Compiling pin-project-lite v0.2.17
   Compiling shlex v2.0.1
   Compiling num-bigint v0.5.1
   Compiling cc v1.4.6
   Compiling litemap v0.8.3
   Compiling pkg-config v0.3.34
   Compiling futures-sink v0.3.34
   Compiling lexical-util v1.0.7
   Compiling futures-core v0.3.34
   Compiling smallvec v1.16.1
   Compiling writeable v0.6.4
   Compiling icu_properties_data v2.3.0
   Compiling utf8_iter v1.0.4
   Compiling icu_normalizer_data v2.3.0
   Compiling semver v1.0.28
   Compiling futures-channel v0.3.34
   Compiling rustc_version v0.4.1
   Compiling lexical-parse-integer v1.0.6
   Compiling lexical-write-integer v1.0.6
   Compiling zstd-sys v2.1.0+zstd.1.5.7
   Compiling arrow-schema v59.3.0
   Compiling synstructure v0.14.0
   Compiling slab v0.4.12
   Compiling parking_lot_core v0.9.12
   Compiling futures-task v0.3.34
   Compiling futures-io v0.3.34
   Compiling bitflags v2.13.2
   Compiling zstd-safe v7.3.0
   Compiling lexical-write-float v1.0.6
   Compiling lexical-parse-float v1.0.6
   Compiling flatbuffers v25.12.19
   Compiling aho-corasick v1.1.5
   Compiling ryu v1.0.23
   Compiling regex-syntax v0.8.11
   Compiling unicode-segmentation v1.13.3
   Compiling scopeguard v1.2.0
   Compiling unicode-width v0.2.2
   Compiling base64 v0.23.1
   Compiling zerocopy-derive v0.8.57
   Compiling comfy-table v7.2.2
   Compiling zerofrom-derive v0.1.8
   Compiling yoke-derive v0.8.3
   Compiling zerovec-derive v0.11.6
   Compiling displaydoc v0.2.7
   Compiling futures-macro v0.3.34
   Compiling zerofrom v0.1.8
   Compiling yoke v0.8.3
   Compiling tokio-macros v2.7.2
   Compiling regex-automata v0.4.18
   Compiling zerovec v0.11.8
   Compiling zerotrie v0.2.5
   Compiling lock_api v0.4.14
   Compiling futures-util v0.3.34
   Compiling tokio v1.53.1
   Compiling lexical-core v1.0.6
   Compiling tinystr v0.8.4
   Compiling potential_utf v0.1.6
   Compiling icu_locale_core v2.3.0
   Compiling icu_collections v2.3.0
   Compiling atoi v2.0.0
   Compiling alloc-no-stdlib v2.0.4
   Compiling percent-encoding v2.3.2
   Compiling twox-hash v2.1.4
   Compiling either v1.18.0
   Compiling getrandom v0.4.3
   Compiling icu_provider v2.3.1
   Compiling thiserror v2.0.20
   Compiling icu_normalizer v2.3.0
   Compiling icu_properties v2.3.0
   Compiling regex v1.13.1
   Compiling form_urlencoded v1.2.2
   Compiling lz4_flex v0.14.0
   Compiling alloc-stdlib v0.2.4
   Compiling idna_adapter v1.2.2
   Compiling futures-executor v0.3.34
   Compiling idna v1.1.0
   Compiling thiserror-impl v2.0.20
   Compiling tracing-attributes v0.1.31
   Compiling tracing-core v0.1.36
   Compiling csv-core v0.1.13
   Compiling half v2.7.1
   Compiling simdutf8 v0.1.5
   Compiling snap v1.1.2
   Compiling same-file v1.0.6
   Compiling csv v1.4.0
   Compiling arrow-buffer v59.3.0
   Compiling walkdir v2.5.0
   Compiling url v2.5.8
   Compiling futures v0.3.34
   Compiling tracing v0.1.44
   Compiling brotli-decompressor v5.0.3
   Compiling itertools v0.14.0
   Compiling parking_lot v0.12.5
   Compiling async-trait v0.1.92
   Compiling arrow-data v59.3.0
   Compiling http v1.5.0
   Compiling log v0.4.34
   Compiling humantime v2.4.0
   Compiling zlib-rs v0.6.8
   Compiling brotli v8.0.4
   Compiling sqlparser_derive v0.5.0
   Compiling arrow-array v59.3.0
   Compiling object_store v0.13.2
   Compiling seq-macro v0.3.6
   Compiling sqlparser v0.62.0
   Compiling uuid v1.26.1
   Compiling itertools v0.15.0
   Compiling pin-project-internal v1.1.13
   Compiling pin-project v1.1.13
   Compiling datafusion-doc v55.1.0
   Compiling crossbeam-utils v0.8.23
   Compiling rustix v1.1.4
   Compiling arrow-select v59.3.0
   Compiling arrow-row v59.3.0
   Compiling arrow-arith v59.3.0
   Compiling zstd v0.13.3
   Compiling flate2 v1.1.10
   Compiling foldhash v0.1.5
   Compiling hashbrown v0.15.5
   Compiling ppv-lite86 v0.2.21
   Compiling rand_core v0.9.5
   Compiling linux-raw-sys v0.12.1
   Compiling fixedbitset v0.5.7
   Compiling rand_chacha v0.9.0
   Compiling petgraph v0.8.3
   Compiling tokio-util v0.7.19
   Compiling arrow-ord v59.3.0
   Compiling arrow-ipc v59.3.0
   Compiling arrow-string v59.3.0
   Compiling parquet v59.3.0
   Compiling fastrand v2.5.0
   Compiling arrow-cast v59.3.0
   Compiling hashbrown v0.14.5
   Compiling tempfile v3.27.0
   Compiling dashmap v6.2.1
   Compiling rand v0.9.5
   Compiling datafusion-macros v55.1.0
   Compiling hex v0.4.3
   Compiling datafusion-common-runtime v55.1.0
   Compiling glob v0.3.4
   Compiling bigdecimal v0.4.10
   Compiling num-bigint v0.4.8
   Compiling tokio-stream v0.1.19
   Compiling arrow-csv v59.3.0
   Compiling arrow-json v59.3.0
   Compiling arrow v59.3.0
   Compiling datafusion-common v55.1.0
   Compiling datafusion-expr-common v55.1.0
   Compiling datafusion-physical-expr-common v55.1.0
   Compiling datafusion-functions-window-common v55.1.0
   Compiling datafusion-functions-aggregate-common v55.1.0
   Compiling datafusion-expr v55.1.0
   Compiling datafusion-physical-expr v55.1.0
   Compiling datafusion-execution v55.1.0
   Compiling datafusion-functions v55.1.0
   Compiling datafusion-functions-aggregate v55.1.0
   Compiling datafusion-optimizer v55.1.0
   Compiling datafusion-functions-window v55.1.0
   Compiling datafusion-physical-plan v55.1.0
   Compiling datafusion-physical-expr-adapter v55.1.0
   Compiling datafusion-functions-nested v55.1.0
   Compiling datafusion-sql v55.1.0
   Compiling datafusion-session v55.1.0
   Compiling datafusion-datasource v55.1.0
   Compiling datafusion-pruning v55.1.0
   Compiling datafusion-catalog v55.1.0
   Compiling datafusion-datasource-arrow v55.1.0
   Compiling datafusion-datasource-json v55.1.0
   Compiling datafusion-datasource-csv v55.1.0
   Compiling datafusion-physical-optimizer v55.1.0
   Compiling datafusion-datasource-parquet v55.1.0
   Compiling datafusion-catalog-listing v55.1.0
   Compiling datafusion-functions-table v55.1.0
   Compiling datafusion v55.0.0
   Compiling consumer_c v0.1.0 (/home/pepe/scratch/burrmill-footprint/C)
    Finished `test` profile [unoptimized] target(s) in 2m 03s
  Executable unittests src/lib.rs (target-nodebug/debug/deps/consumer-00428ef804fc5ddd)
  Executable unittests src/main.rs (target-nodebug/debug/deps/consumer_bin-f58e407556d61de9)
  Executable tests/t01.rs (target-nodebug/debug/deps/t01-49138e317f081c6d)
  Executable tests/t02.rs (target-nodebug/debug/deps/t02-98a05bd8cc151fa7)
  Executable tests/t03.rs (target-nodebug/debug/deps/t03-07d785c893f36186)
  Executable tests/t04.rs (target-nodebug/debug/deps/t04-384eb86e3f9abd83)
  Executable tests/t05.rs (target-nodebug/debug/deps/t05-f12e564a81a67b25)
  Executable tests/t06.rs (target-nodebug/debug/deps/t06-9af089aeb5570bc3)
  Executable tests/t07.rs (target-nodebug/debug/deps/t07-87115fce9f655f6a)
  Executable tests/t08.rs (target-nodebug/debug/deps/t08-1e8ae1e2fa009297)
  Executable tests/t09.rs (target-nodebug/debug/deps/t09-65b5d863090d396c)
  Executable tests/t10.rs (target-nodebug/debug/deps/t10-c1714f919f363957)
  Executable tests/t11.rs (target-nodebug/debug/deps/t11-76a88b5a6ded6efa)
  Executable tests/t12.rs (target-nodebug/debug/deps/t12-87a1e5d02725cf7b)
  Executable tests/t13.rs (target-nodebug/debug/deps/t13-524231821fa44e46)
  Executable tests/t14.rs (target-nodebug/debug/deps/t14-4b44f94abb4b2e30)
  Executable tests/t15.rs (target-nodebug/debug/deps/t15-a6c73ee18bafc56a)
  Executable tests/t16.rs (target-nodebug/debug/deps/t16-411b139fff5d302e)
  Executable tests/t17.rs (target-nodebug/debug/deps/t17-6277ba09e9c80e30)
  Executable tests/t18.rs (target-nodebug/debug/deps/t18-d94afdf3a4090343)
  Executable tests/t19.rs (target-nodebug/debug/deps/t19-a9ceba621e6332b1)
  Executable tests/t20.rs (target-nodebug/debug/deps/t20-cb0562f761579313)
### nodebug_build_clean_j32: cargo build -j32
   Compiling proc-macro2 v1.0.107
   Compiling quote v1.0.47
   Compiling unicode-ident v1.0.24
   Compiling libc v0.2.189
   Compiling autocfg v1.5.1
   Compiling cfg-if v1.0.5
   Compiling libm v0.2.16
   Compiling memchr v2.8.3
   Compiling zerocopy v0.8.57
   Compiling bytes v1.12.1
   Compiling once_cell v1.21.4
   Compiling allocator-api2 v0.2.21
   Compiling foldhash v0.2.0
   Compiling itoa v1.0.18
   Compiling equivalent v1.0.2
   Compiling serde_core v1.0.229
   Compiling getrandom v0.3.4
   Compiling zmij v1.0.23
   Compiling serde_json v1.0.151
   Compiling stable_deref_trait v1.2.1
   Compiling version_check v0.9.5
   Compiling siphasher v1.0.3
   Compiling iana-time-zone v0.1.65
   Compiling chrono-tz v0.10.4
   Compiling shlex v2.0.1
   Compiling find-msvc-tools v0.1.12
   Compiling pin-project-lite v0.2.17
   Compiling lexical-util v1.0.7
   Compiling pkg-config v0.3.34
   Compiling litemap v0.8.3
   Compiling smallvec v1.16.1
   Compiling futures-core v0.3.34
   Compiling writeable v0.6.4
   Compiling futures-sink v0.3.34
   Compiling icu_properties_data v2.3.0
   Compiling icu_normalizer_data v2.3.0
   Compiling utf8_iter v1.0.4
   Compiling semver v1.0.28
   Compiling futures-channel v0.3.34
   Compiling slab v0.4.12
   Compiling zstd-safe v7.3.0
   Compiling phf_shared v0.12.1
   Compiling bitflags v2.13.2
   Compiling futures-io v0.3.34
   Compiling parking_lot_core v0.9.12
   Compiling futures-task v0.3.34
   Compiling ryu v1.0.23
   Compiling unicode-width v0.2.2
   Compiling unicode-segmentation v1.13.3
   Compiling regex-syntax v0.8.11
   Compiling base64 v0.23.1
   Compiling scopeguard v1.2.0
   Compiling percent-encoding v2.3.2
   Compiling thiserror v2.0.20
   Compiling either v1.18.0
   Compiling ahash v0.8.12
   Compiling lock_api v0.4.14
   Compiling getrandom v0.4.3
   Compiling twox-hash v2.1.4
   Compiling alloc-no-stdlib v2.0.4
   Compiling phf v0.12.1
   Compiling hashbrown v0.17.1
   Compiling tracing-core v0.1.36
   Compiling snap v1.1.2
   Compiling simdutf8 v0.1.5
   Compiling same-file v1.0.6
   Compiling log v0.4.34
   Compiling humantime v2.4.0
   Compiling rustc_version v0.4.1
   Compiling form_urlencoded v1.2.2
   Compiling lz4_flex v0.14.0
   Compiling num-traits v0.2.19
   Compiling alloc-stdlib v0.2.4
   Compiling walkdir v2.5.0
   Compiling zlib-rs v0.6.8
   Compiling seq-macro v0.3.6
   Compiling datafusion-doc v55.1.0
   Compiling crossbeam-utils v0.8.23
   Compiling foldhash v0.1.5
   Compiling rustix v1.1.4
   Compiling fixedbitset v0.5.7
   Compiling lexical-parse-integer v1.0.6
   Compiling lexical-write-integer v1.0.6
   Compiling itertools v0.14.0
   Compiling brotli-decompressor v5.0.3
   Compiling itertools v0.15.0
   Compiling http v1.5.0
   Compiling linux-raw-sys v0.12.1
   Compiling aho-corasick v1.1.5
   Compiling comfy-table v7.2.2
   Compiling flatbuffers v25.12.19
   Compiling csv-core v0.1.13
   Compiling hashbrown v0.15.5
   Compiling hashbrown v0.14.5
   Compiling fastrand v2.5.0
   Compiling lexical-parse-float v1.0.6
   Compiling hex v0.4.3
   Compiling glob v0.3.4
   Compiling bigdecimal v0.4.10
   Compiling lexical-write-float v1.0.6
   Compiling lexical-core v1.0.6
   Compiling syn v3.0.5
   Compiling syn v2.0.119
   Compiling indexmap v2.14.2
   Compiling jobserver v0.1.35
   Compiling uuid v1.26.1
   Compiling parking_lot v0.12.5
   Compiling dashmap v6.2.1
   Compiling rand_core v0.9.5
   Compiling cc v1.4.6
   Compiling brotli v8.0.4
   Compiling num-integer v0.1.47
   Compiling chrono v0.4.45
   Compiling num-complex v0.4.6
   Compiling atoi v2.0.0
   Compiling petgraph v0.8.3
   Compiling regex-automata v0.4.18
   Compiling num-bigint v0.5.1
   Compiling num-bigint v0.4.8
   Compiling zstd-sys v2.1.0+zstd.1.5.7
   Compiling csv v1.4.0
   Compiling tempfile v3.27.0
   Compiling arrow-schema v59.3.0
   Compiling regex v1.13.1
   Compiling zerocopy-derive v0.8.57
   Compiling tracing-attributes v0.1.31
   Compiling sqlparser_derive v0.5.0
   Compiling pin-project-internal v1.1.13
   Compiling synstructure v0.14.0
   Compiling sqlparser v0.62.0
   Compiling pin-project v1.1.13
   Compiling flate2 v1.1.10
   Compiling zerofrom-derive v0.1.8
   Compiling yoke-derive v0.8.3
   Compiling zerovec-derive v0.11.6
   Compiling displaydoc v0.2.7
   Compiling futures-macro v0.3.34
   Compiling tokio-macros v2.7.2
   Compiling thiserror-impl v2.0.20
   Compiling async-trait v0.1.92
   Compiling datafusion-macros v55.1.0
   Compiling tracing v0.1.44
   Compiling futures-util v0.3.34
   Compiling tokio v1.53.1
   Compiling zerofrom v0.1.8
   Compiling zstd v0.13.3
   Compiling yoke v0.8.3
   Compiling zerovec v0.11.8
   Compiling zerotrie v0.2.5
   Compiling tinystr v0.8.4
   Compiling potential_utf v0.1.6
   Compiling icu_collections v2.3.0
   Compiling icu_locale_core v2.3.0
   Compiling icu_provider v2.3.1
   Compiling futures-executor v0.3.34
   Compiling icu_properties v2.3.0
   Compiling icu_normalizer v2.3.0
   Compiling futures v0.3.34
   Compiling half v2.7.1
   Compiling ppv-lite86 v0.2.21
   Compiling tokio-util v0.7.19
   Compiling datafusion-common-runtime v55.1.0
   Compiling arrow-buffer v59.3.0
   Compiling idna_adapter v1.2.2
   Compiling rand_chacha v0.9.0
   Compiling idna v1.1.0
   Compiling tokio-stream v0.1.19
   Compiling rand v0.9.5
   Compiling url v2.5.8
   Compiling arrow-data v59.3.0
   Compiling object_store v0.13.2
   Compiling arrow-array v59.3.0
   Compiling arrow-select v59.3.0
   Compiling arrow-arith v59.3.0
   Compiling arrow-row v59.3.0
   Compiling arrow-ord v59.3.0
   Compiling arrow-ipc v59.3.0
   Compiling arrow-string v59.3.0
   Compiling parquet v59.3.0
   Compiling arrow-cast v59.3.0
   Compiling arrow-json v59.3.0
   Compiling arrow-csv v59.3.0
   Compiling arrow v59.3.0
   Compiling datafusion-common v55.1.0
   Compiling datafusion-expr-common v55.1.0
   Compiling datafusion-physical-expr-common v55.1.0
   Compiling datafusion-functions-aggregate-common v55.1.0
   Compiling datafusion-functions-window-common v55.1.0
   Compiling datafusion-expr v55.1.0
   Compiling datafusion-physical-expr v55.1.0
   Compiling datafusion-execution v55.1.0
   Compiling datafusion-functions v55.1.0
   Compiling datafusion-functions-aggregate v55.1.0
   Compiling datafusion-functions-window v55.1.0
   Compiling datafusion-optimizer v55.1.0
   Compiling datafusion-physical-plan v55.1.0
   Compiling datafusion-physical-expr-adapter v55.1.0
   Compiling datafusion-functions-nested v55.1.0
   Compiling datafusion-sql v55.1.0
   Compiling datafusion-session v55.1.0
   Compiling datafusion-datasource v55.1.0
   Compiling datafusion-catalog v55.1.0
   Compiling datafusion-pruning v55.1.0
   Compiling datafusion-datasource-json v55.1.0
   Compiling datafusion-datasource-arrow v55.1.0
   Compiling datafusion-datasource-csv v55.1.0
   Compiling datafusion-physical-optimizer v55.1.0
   Compiling datafusion-datasource-parquet v55.1.0
   Compiling datafusion-functions-table v55.1.0
   Compiling datafusion-catalog-listing v55.1.0
   Compiling datafusion v55.0.0
   Compiling consumer_c v0.1.0 (/home/pepe/scratch/burrmill-footprint/C)
    Finished `dev` profile [unoptimized] target(s) in 1m 57s
### nodebug_test_clean_j32: cargo test --no-run -j32
   Compiling proc-macro2 v1.0.107
   Compiling unicode-ident v1.0.24
   Compiling quote v1.0.47
   Compiling libc v0.2.189
   Compiling autocfg v1.5.1
   Compiling libm v0.2.16
   Compiling cfg-if v1.0.5
   Compiling memchr v2.8.3
   Compiling zerocopy v0.8.57
   Compiling bytes v1.12.1
   Compiling once_cell v1.21.4
   Compiling equivalent v1.0.2
   Compiling itoa v1.0.18
   Compiling getrandom v0.3.4
   Compiling allocator-api2 v0.2.21
   Compiling foldhash v0.2.0
   Compiling serde_core v1.0.229
   Compiling zmij v1.0.23
   Compiling serde_json v1.0.151
   Compiling iana-time-zone v0.1.65
   Compiling stable_deref_trait v1.2.1
   Compiling version_check v0.9.5
   Compiling siphasher v1.0.3
   Compiling chrono-tz v0.10.4
   Compiling find-msvc-tools v0.1.12
   Compiling pin-project-lite v0.2.17
   Compiling shlex v2.0.1
   Compiling pkg-config v0.3.34
   Compiling lexical-util v1.0.7
   Compiling futures-sink v0.3.34
   Compiling writeable v0.6.4
   Compiling smallvec v1.16.1
   Compiling futures-core v0.3.34
   Compiling litemap v0.8.3
   Compiling icu_normalizer_data v2.3.0
   Compiling utf8_iter v1.0.4
   Compiling icu_properties_data v2.3.0
   Compiling semver v1.0.28
   Compiling futures-channel v0.3.34
   Compiling futures-task v0.3.34
   Compiling phf_shared v0.12.1
   Compiling futures-io v0.3.34
   Compiling zstd-safe v7.3.0
   Compiling slab v0.4.12
   Compiling bitflags v2.13.2
   Compiling parking_lot_core v0.9.12
   Compiling ryu v1.0.23
   Compiling base64 v0.23.1
   Compiling unicode-segmentation v1.13.3
   Compiling unicode-width v0.2.2
   Compiling scopeguard v1.2.0
   Compiling regex-syntax v0.8.11
   Compiling either v1.18.0
   Compiling percent-encoding v2.3.2
   Compiling phf v0.12.1
   Compiling lock_api v0.4.14
   Compiling getrandom v0.4.3
   Compiling twox-hash v2.1.4
   Compiling alloc-no-stdlib v2.0.4
   Compiling thiserror v2.0.20
   Compiling tracing-core v0.1.36
   Compiling ahash v0.8.12
   Compiling hashbrown v0.17.1
   Compiling snap v1.1.2
   Compiling same-file v1.0.6
   Compiling num-traits v0.2.19
   Compiling simdutf8 v0.1.5
   Compiling zlib-rs v0.6.8
   Compiling rustc_version v0.4.1
   Compiling alloc-stdlib v0.2.4
   Compiling lexical-write-integer v1.0.6
   Compiling lexical-parse-integer v1.0.6
   Compiling lz4_flex v0.14.0
   Compiling form_urlencoded v1.2.2
   Compiling walkdir v2.5.0
   Compiling log v0.4.34
   Compiling humantime v2.4.0
   Compiling seq-macro v0.3.6
   Compiling datafusion-doc v55.1.0
   Compiling itertools v0.14.0
   Compiling brotli-decompressor v5.0.3
   Compiling itertools v0.15.0
   Compiling foldhash v0.1.5
   Compiling crossbeam-utils v0.8.23
   Compiling rustix v1.1.4
   Compiling lexical-parse-float v1.0.6
   Compiling aho-corasick v1.1.5
   Compiling csv-core v0.1.13
   Compiling fixedbitset v0.5.7
   Compiling comfy-table v7.2.2
   Compiling http v1.5.0
   Compiling hashbrown v0.15.5
   Compiling linux-raw-sys v0.12.1
   Compiling fastrand v2.5.0
   Compiling hashbrown v0.14.5
   Compiling flatbuffers v25.12.19
   Compiling hex v0.4.3
   Compiling lexical-write-float v1.0.6
   Compiling glob v0.3.4
   Compiling bigdecimal v0.4.10
   Compiling lexical-core v1.0.6
   Compiling syn v3.0.5
   Compiling syn v2.0.119
   Compiling indexmap v2.14.2
   Compiling jobserver v0.1.35
   Compiling uuid v1.26.1
   Compiling rand_core v0.9.5
   Compiling parking_lot v0.12.5
   Compiling dashmap v6.2.1
   Compiling cc v1.4.6
   Compiling brotli v8.0.4
   Compiling petgraph v0.8.3
   Compiling regex-automata v0.4.18
   Compiling num-integer v0.1.47
   Compiling chrono v0.4.45
   Compiling num-complex v0.4.6
   Compiling atoi v2.0.0
   Compiling num-bigint v0.5.1
   Compiling num-bigint v0.4.8
   Compiling zstd-sys v2.1.0+zstd.1.5.7
   Compiling tempfile v3.27.0
   Compiling csv v1.4.0
   Compiling arrow-schema v59.3.0
   Compiling flate2 v1.1.10
   Compiling zerocopy-derive v0.8.57
   Compiling tracing-attributes v0.1.31
   Compiling sqlparser_derive v0.5.0
   Compiling pin-project-internal v1.1.13
   Compiling regex v1.13.1
   Compiling synstructure v0.14.0
   Compiling sqlparser v0.62.0
   Compiling zerovec-derive v0.11.6
   Compiling displaydoc v0.2.7
   Compiling tokio-macros v2.7.2
   Compiling futures-macro v0.3.34
   Compiling thiserror-impl v2.0.20
   Compiling async-trait v0.1.92
   Compiling datafusion-macros v55.1.0
   Compiling zerofrom-derive v0.1.8
   Compiling yoke-derive v0.8.3
   Compiling zstd v0.13.3
   Compiling pin-project v1.1.13
   Compiling tracing v0.1.44
   Compiling futures-util v0.3.34
   Compiling tokio v1.53.1
   Compiling zerofrom v0.1.8
   Compiling yoke v0.8.3
   Compiling zerovec v0.11.8
   Compiling zerotrie v0.2.5
   Compiling tinystr v0.8.4
   Compiling potential_utf v0.1.6
   Compiling icu_collections v2.3.0
   Compiling icu_locale_core v2.3.0
   Compiling icu_provider v2.3.1
   Compiling icu_properties v2.3.0
   Compiling icu_normalizer v2.3.0
   Compiling futures-executor v0.3.34
   Compiling futures v0.3.34
   Compiling idna_adapter v1.2.2
   Compiling idna v1.1.0
   Compiling tokio-util v0.7.19
   Compiling datafusion-common-runtime v55.1.0
   Compiling url v2.5.8
   Compiling half v2.7.1
   Compiling ppv-lite86 v0.2.21
   Compiling tokio-stream v0.1.19
   Compiling object_store v0.13.2
   Compiling arrow-buffer v59.3.0
   Compiling rand_chacha v0.9.0
   Compiling rand v0.9.5
   Compiling arrow-data v59.3.0
   Compiling arrow-array v59.3.0
   Compiling arrow-select v59.3.0
   Compiling arrow-arith v59.3.0
   Compiling arrow-row v59.3.0
   Compiling arrow-ord v59.3.0
   Compiling arrow-ipc v59.3.0
   Compiling arrow-string v59.3.0
   Compiling parquet v59.3.0
   Compiling arrow-cast v59.3.0
   Compiling arrow-json v59.3.0
   Compiling arrow-csv v59.3.0
   Compiling arrow v59.3.0
   Compiling datafusion-common v55.1.0
   Compiling datafusion-expr-common v55.1.0
   Compiling datafusion-physical-expr-common v55.1.0
   Compiling datafusion-functions-window-common v55.1.0
   Compiling datafusion-functions-aggregate-common v55.1.0
   Compiling datafusion-expr v55.1.0
   Compiling datafusion-physical-expr v55.1.0
   Compiling datafusion-execution v55.1.0
   Compiling datafusion-functions v55.1.0
   Compiling datafusion-functions-aggregate v55.1.0
   Compiling datafusion-functions-window v55.1.0
   Compiling datafusion-optimizer v55.1.0
   Compiling datafusion-physical-plan v55.1.0
   Compiling datafusion-physical-expr-adapter v55.1.0
   Compiling datafusion-functions-nested v55.1.0
   Compiling datafusion-sql v55.1.0
   Compiling datafusion-session v55.1.0
   Compiling datafusion-datasource v55.1.0
   Compiling datafusion-pruning v55.1.0
   Compiling datafusion-catalog v55.1.0
   Compiling datafusion-datasource-json v55.1.0
   Compiling datafusion-datasource-arrow v55.1.0
   Compiling datafusion-datasource-csv v55.1.0
   Compiling datafusion-datasource-parquet v55.1.0
   Compiling datafusion-physical-optimizer v55.1.0
   Compiling datafusion-functions-table v55.1.0
   Compiling datafusion-catalog-listing v55.1.0
   Compiling datafusion v55.0.0
   Compiling consumer_c v0.1.0 (/home/pepe/scratch/burrmill-footprint/C)
    Finished `test` profile [unoptimized] target(s) in 2m 00s
  Executable unittests src/lib.rs (target-nodebug/debug/deps/consumer-00428ef804fc5ddd)
  Executable unittests src/main.rs (target-nodebug/debug/deps/consumer_bin-f58e407556d61de9)
  Executable tests/t01.rs (target-nodebug/debug/deps/t01-49138e317f081c6d)
  Executable tests/t02.rs (target-nodebug/debug/deps/t02-98a05bd8cc151fa7)
  Executable tests/t03.rs (target-nodebug/debug/deps/t03-07d785c893f36186)
  Executable tests/t04.rs (target-nodebug/debug/deps/t04-384eb86e3f9abd83)
  Executable tests/t05.rs (target-nodebug/debug/deps/t05-f12e564a81a67b25)
  Executable tests/t06.rs (target-nodebug/debug/deps/t06-9af089aeb5570bc3)
  Executable tests/t07.rs (target-nodebug/debug/deps/t07-87115fce9f655f6a)
  Executable tests/t08.rs (target-nodebug/debug/deps/t08-1e8ae1e2fa009297)
  Executable tests/t09.rs (target-nodebug/debug/deps/t09-65b5d863090d396c)
  Executable tests/t10.rs (target-nodebug/debug/deps/t10-c1714f919f363957)
  Executable tests/t11.rs (target-nodebug/debug/deps/t11-76a88b5a6ded6efa)
  Executable tests/t12.rs (target-nodebug/debug/deps/t12-87a1e5d02725cf7b)
  Executable tests/t13.rs (target-nodebug/debug/deps/t13-524231821fa44e46)
  Executable tests/t14.rs (target-nodebug/debug/deps/t14-4b44f94abb4b2e30)
  Executable tests/t15.rs (target-nodebug/debug/deps/t15-a6c73ee18bafc56a)
  Executable tests/t16.rs (target-nodebug/debug/deps/t16-411b139fff5d302e)
  Executable tests/t17.rs (target-nodebug/debug/deps/t17-6277ba09e9c80e30)
  Executable tests/t18.rs (target-nodebug/debug/deps/t18-d94afdf3a4090343)
  Executable tests/t19.rs (target-nodebug/debug/deps/t19-a9ceba621e6332b1)
  Executable tests/t20.rs (target-nodebug/debug/deps/t20-cb0562f761579313)
### nodebug_incr_lib_test: cargo test --no-run -j32
   Compiling consumer_c v0.1.0 (/home/pepe/scratch/burrmill-footprint/C)
    Finished `test` profile [unoptimized] target(s) in 4.65s
  Executable unittests src/lib.rs (target-nodebug/debug/deps/consumer-00428ef804fc5ddd)
  Executable unittests src/main.rs (target-nodebug/debug/deps/consumer_bin-f58e407556d61de9)
  Executable tests/t01.rs (target-nodebug/debug/deps/t01-49138e317f081c6d)
  Executable tests/t02.rs (target-nodebug/debug/deps/t02-98a05bd8cc151fa7)
  Executable tests/t03.rs (target-nodebug/debug/deps/t03-07d785c893f36186)
  Executable tests/t04.rs (target-nodebug/debug/deps/t04-384eb86e3f9abd83)
  Executable tests/t05.rs (target-nodebug/debug/deps/t05-f12e564a81a67b25)
  Executable tests/t06.rs (target-nodebug/debug/deps/t06-9af089aeb5570bc3)
  Executable tests/t07.rs (target-nodebug/debug/deps/t07-87115fce9f655f6a)
  Executable tests/t08.rs (target-nodebug/debug/deps/t08-1e8ae1e2fa009297)
  Executable tests/t09.rs (target-nodebug/debug/deps/t09-65b5d863090d396c)
  Executable tests/t10.rs (target-nodebug/debug/deps/t10-c1714f919f363957)
  Executable tests/t11.rs (target-nodebug/debug/deps/t11-76a88b5a6ded6efa)
  Executable tests/t12.rs (target-nodebug/debug/deps/t12-87a1e5d02725cf7b)
  Executable tests/t13.rs (target-nodebug/debug/deps/t13-524231821fa44e46)
  Executable tests/t14.rs (target-nodebug/debug/deps/t14-4b44f94abb4b2e30)
  Executable tests/t15.rs (target-nodebug/debug/deps/t15-a6c73ee18bafc56a)
  Executable tests/t16.rs (target-nodebug/debug/deps/t16-411b139fff5d302e)
  Executable tests/t17.rs (target-nodebug/debug/deps/t17-6277ba09e9c80e30)
  Executable tests/t18.rs (target-nodebug/debug/deps/t18-d94afdf3a4090343)
  Executable tests/t19.rs (target-nodebug/debug/deps/t19-a9ceba621e6332b1)
  Executable tests/t20.rs (target-nodebug/debug/deps/t20-cb0562f761579313)
### nodebug_incr_lib_build: cargo build -j32
   Compiling consumer_c v0.1.0 (/home/pepe/scratch/burrmill-footprint/C)
    Finished `dev` profile [unoptimized] target(s) in 1.32s
### nodebug_incr_test_test: cargo test --no-run -j32
   Compiling consumer_c v0.1.0 (/home/pepe/scratch/burrmill-footprint/C)
    Finished `test` profile [unoptimized] target(s) in 3.96s
  Executable unittests src/lib.rs (target-nodebug/debug/deps/consumer-00428ef804fc5ddd)
  Executable unittests src/main.rs (target-nodebug/debug/deps/consumer_bin-f58e407556d61de9)
  Executable tests/t01.rs (target-nodebug/debug/deps/t01-49138e317f081c6d)
  Executable tests/t02.rs (target-nodebug/debug/deps/t02-98a05bd8cc151fa7)
  Executable tests/t03.rs (target-nodebug/debug/deps/t03-07d785c893f36186)
  Executable tests/t04.rs (target-nodebug/debug/deps/t04-384eb86e3f9abd83)
  Executable tests/t05.rs (target-nodebug/debug/deps/t05-f12e564a81a67b25)
  Executable tests/t06.rs (target-nodebug/debug/deps/t06-9af089aeb5570bc3)
  Executable tests/t07.rs (target-nodebug/debug/deps/t07-87115fce9f655f6a)
  Executable tests/t08.rs (target-nodebug/debug/deps/t08-1e8ae1e2fa009297)
  Executable tests/t09.rs (target-nodebug/debug/deps/t09-65b5d863090d396c)
  Executable tests/t10.rs (target-nodebug/debug/deps/t10-c1714f919f363957)
  Executable tests/t11.rs (target-nodebug/debug/deps/t11-76a88b5a6ded6efa)
  Executable tests/t12.rs (target-nodebug/debug/deps/t12-87a1e5d02725cf7b)
  Executable tests/t13.rs (target-nodebug/debug/deps/t13-524231821fa44e46)
  Executable tests/t14.rs (target-nodebug/debug/deps/t14-4b44f94abb4b2e30)
  Executable tests/t15.rs (target-nodebug/debug/deps/t15-a6c73ee18bafc56a)
  Executable tests/t16.rs (target-nodebug/debug/deps/t16-411b139fff5d302e)
  Executable tests/t17.rs (target-nodebug/debug/deps/t17-6277ba09e9c80e30)
  Executable tests/t18.rs (target-nodebug/debug/deps/t18-d94afdf3a4090343)
  Executable tests/t19.rs (target-nodebug/debug/deps/t19-a9ceba621e6332b1)
  Executable tests/t20.rs (target-nodebug/debug/deps/t20-cb0562f761579313)
### release_build_j32: cargo build --release -j32
   Compiling proc-macro2 v1.0.107
   Compiling quote v1.0.47
   Compiling unicode-ident v1.0.24
   Compiling libc v0.2.189
   Compiling autocfg v1.5.1
   Compiling libm v0.2.16
   Compiling cfg-if v1.0.5
   Compiling memchr v2.8.3
   Compiling zerocopy v0.8.57
   Compiling bytes v1.12.1
   Compiling getrandom v0.3.4
   Compiling foldhash v0.2.0
   Compiling itoa v1.0.18
   Compiling equivalent v1.0.2
   Compiling allocator-api2 v0.2.21
   Compiling serde_core v1.0.229
   Compiling once_cell v1.21.4
   Compiling zmij v1.0.23
   Compiling serde_json v1.0.151
   Compiling version_check v0.9.5
   Compiling stable_deref_trait v1.2.1
   Compiling iana-time-zone v0.1.65
   Compiling siphasher v1.0.3
   Compiling chrono-tz v0.10.4
   Compiling pin-project-lite v0.2.17
   Compiling find-msvc-tools v0.1.12
   Compiling shlex v2.0.1
   Compiling lexical-util v1.0.7
   Compiling futures-sink v0.3.34
   Compiling litemap v0.8.3
   Compiling pkg-config v0.3.34
   Compiling smallvec v1.16.1
   Compiling futures-core v0.3.34
   Compiling writeable v0.6.4
   Compiling icu_normalizer_data v2.3.0
   Compiling icu_properties_data v2.3.0
   Compiling utf8_iter v1.0.4
   Compiling semver v1.0.28
   Compiling futures-channel v0.3.34
   Compiling zstd-safe v7.3.0
   Compiling phf_shared v0.12.1
   Compiling bitflags v2.13.2
   Compiling slab v0.4.12
   Compiling futures-io v0.3.34
   Compiling futures-task v0.3.34
   Compiling parking_lot_core v0.9.12
   Compiling base64 v0.23.1
   Compiling ahash v0.8.12
   Compiling unicode-width v0.2.2
   Compiling unicode-segmentation v1.13.3
   Compiling scopeguard v1.2.0
   Compiling ryu v1.0.23
   Compiling regex-syntax v0.8.11
   Compiling percent-encoding v2.3.2
   Compiling lock_api v0.4.14
   Compiling getrandom v0.4.3
   Compiling phf v0.12.1
   Compiling thiserror v2.0.20
   Compiling rustc_version v0.4.1
   Compiling num-traits v0.2.19
   Compiling twox-hash v2.1.4
   Compiling either v1.18.0
   Compiling hashbrown v0.17.1
   Compiling alloc-no-stdlib v2.0.4
   Compiling tracing-core v0.1.36
   Compiling simdutf8 v0.1.5
   Compiling form_urlencoded v1.2.2
   Compiling lexical-write-integer v1.0.6
   Compiling lexical-parse-integer v1.0.6
   Compiling same-file v1.0.6
   Compiling alloc-stdlib v0.2.4
   Compiling lz4_flex v0.14.0
   Compiling snap v1.1.2
   Compiling zlib-rs v0.6.8
   Compiling walkdir v2.5.0
   Compiling itertools v0.14.0
   Compiling aho-corasick v1.1.5
   Compiling csv-core v0.1.13
   Compiling brotli-decompressor v5.0.3
   Compiling log v0.4.34
   Compiling humantime v2.4.0
   Compiling seq-macro v0.3.6
   Compiling itertools v0.15.0
   Compiling datafusion-doc v55.1.0
   Compiling rustix v1.1.4
   Compiling foldhash v0.1.5
   Compiling flatbuffers v25.12.19
   Compiling lexical-parse-float v1.0.6
   Compiling crossbeam-utils v0.8.23
   Compiling http v1.5.0
   Compiling lexical-write-float v1.0.6
   Compiling comfy-table v7.2.2
   Compiling hashbrown v0.15.5
   Compiling fixedbitset v0.5.7
   Compiling linux-raw-sys v0.12.1
   Compiling lexical-core v1.0.6
   Compiling hashbrown v0.14.5
   Compiling fastrand v2.5.0
   Compiling hex v0.4.3
   Compiling glob v0.3.4
   Compiling bigdecimal v0.4.10
   Compiling syn v3.0.5
   Compiling syn v2.0.119
   Compiling indexmap v2.14.2
   Compiling jobserver v0.1.35
   Compiling rand_core v0.9.5
   Compiling uuid v1.26.1
   Compiling parking_lot v0.12.5
   Compiling cc v1.4.6
   Compiling brotli v8.0.4
   Compiling dashmap v6.2.1
   Compiling num-integer v0.1.47
   Compiling chrono v0.4.45
   Compiling num-complex v0.4.6
   Compiling atoi v2.0.0
   Compiling num-bigint v0.5.1
   Compiling num-bigint v0.4.8
   Compiling petgraph v0.8.3
   Compiling regex-automata v0.4.18
   Compiling csv v1.4.0
   Compiling zstd-sys v2.1.0+zstd.1.5.7
   Compiling flate2 v1.1.10
   Compiling tempfile v3.27.0
   Compiling arrow-schema v59.3.0
   Compiling synstructure v0.14.0
   Compiling zerofrom-derive v0.1.8
   Compiling yoke-derive v0.8.3
   Compiling zerovec-derive v0.11.6
   Compiling displaydoc v0.2.7
   Compiling futures-macro v0.3.34
   Compiling tokio-macros v2.7.2
   Compiling thiserror-impl v2.0.20
   Compiling async-trait v0.1.92
   Compiling datafusion-macros v55.1.0
   Compiling zerocopy-derive v0.8.57
   Compiling tracing-attributes v0.1.31
   Compiling tokio v1.53.1
   Compiling sqlparser_derive v0.5.0
   Compiling regex v1.13.1
   Compiling pin-project-internal v1.1.13
   Compiling futures-util v0.3.34
   Compiling zerofrom v0.1.8
   Compiling yoke v0.8.3
   Compiling sqlparser v0.62.0
   Compiling zerovec v0.11.8
   Compiling zerotrie v0.2.5
   Compiling tracing v0.1.44
   Compiling pin-project v1.1.13
   Compiling tinystr v0.8.4
   Compiling potential_utf v0.1.6
   Compiling icu_collections v2.3.0
   Compiling icu_locale_core v2.3.0
   Compiling icu_provider v2.3.1
   Compiling icu_properties v2.3.0
   Compiling icu_normalizer v2.3.0
   Compiling futures-executor v0.3.34
   Compiling futures v0.3.34
   Compiling idna_adapter v1.2.2
   Compiling idna v1.1.0
   Compiling url v2.5.8
   Compiling tokio-util v0.7.19
   Compiling datafusion-common-runtime v55.1.0
   Compiling tokio-stream v0.1.19
   Compiling half v2.7.1
   Compiling ppv-lite86 v0.2.21
   Compiling object_store v0.13.2
   Compiling arrow-buffer v59.3.0
   Compiling rand_chacha v0.9.0
   Compiling rand v0.9.5
   Compiling arrow-data v59.3.0
   Compiling arrow-array v59.3.0
   Compiling arrow-select v59.3.0
   Compiling arrow-row v59.3.0
   Compiling arrow-arith v59.3.0
   Compiling zstd v0.13.3
   Compiling arrow-ord v59.3.0
   Compiling arrow-ipc v59.3.0
   Compiling arrow-string v59.3.0
   Compiling parquet v59.3.0
   Compiling arrow-cast v59.3.0
   Compiling arrow-json v59.3.0
   Compiling arrow-csv v59.3.0
   Compiling arrow v59.3.0
   Compiling datafusion-common v55.1.0
   Compiling datafusion-expr-common v55.1.0
   Compiling datafusion-physical-expr-common v55.1.0
   Compiling datafusion-functions-aggregate-common v55.1.0
   Compiling datafusion-functions-window-common v55.1.0
   Compiling datafusion-expr v55.1.0
   Compiling datafusion-physical-expr v55.1.0
   Compiling datafusion-execution v55.1.0
   Compiling datafusion-functions v55.1.0
   Compiling datafusion-functions-aggregate v55.1.0
   Compiling datafusion-functions-window v55.1.0
   Compiling datafusion-optimizer v55.1.0
   Compiling datafusion-physical-plan v55.1.0
   Compiling datafusion-physical-expr-adapter v55.1.0
   Compiling datafusion-functions-nested v55.1.0
   Compiling datafusion-sql v55.1.0
   Compiling datafusion-session v55.1.0
   Compiling datafusion-datasource v55.1.0
   Compiling datafusion-catalog v55.1.0
   Compiling datafusion-pruning v55.1.0
   Compiling datafusion-datasource-csv v55.1.0
   Compiling datafusion-physical-optimizer v55.1.0
   Compiling datafusion-datasource-parquet v55.1.0
   Compiling datafusion-datasource-arrow v55.1.0
   Compiling datafusion-datasource-json v55.1.0
   Compiling datafusion-functions-table v55.1.0
   Compiling datafusion-catalog-listing v55.1.0
   Compiling datafusion v55.0.0
   Compiling consumer_c v0.1.0 (/home/pepe/scratch/burrmill-footprint/C)
    Finished `release` profile [optimized] target(s) in 3m 13s
### musl_build: cargo build --release --target x86_64-unknown-linux-musl -j32
   Compiling proc-macro2 v1.0.107
   Compiling quote v1.0.47
   Compiling unicode-ident v1.0.24
   Compiling libc v0.2.189
   Compiling autocfg v1.5.1
   Compiling cfg-if v1.0.5
   Compiling libm v0.2.16
   Compiling memchr v2.8.3
   Compiling zerocopy v0.8.57
   Compiling bytes v1.12.1
   Compiling foldhash v0.2.0
   Compiling allocator-api2 v0.2.21
   Compiling once_cell v1.21.4
   Compiling itoa v1.0.18
   Compiling getrandom v0.3.4
   Compiling serde_core v1.0.229
   Compiling equivalent v1.0.2
   Compiling zmij v1.0.23
   Compiling serde_json v1.0.151
   Compiling siphasher v1.0.3
   Compiling iana-time-zone v0.1.65
   Compiling version_check v0.9.5
   Compiling stable_deref_trait v1.2.1
   Compiling chrono-tz v0.10.4
   Compiling pin-project-lite v0.2.17
   Compiling shlex v2.0.1
   Compiling find-msvc-tools v0.1.12
   Compiling lexical-util v1.0.7
   Compiling futures-core v0.3.34
   Compiling futures-sink v0.3.34
   Compiling litemap v0.8.3
   Compiling smallvec v1.16.1
   Compiling writeable v0.6.4
   Compiling pkg-config v0.3.34
   Compiling icu_normalizer_data v2.3.0
   Compiling utf8_iter v1.0.4
   Compiling icu_properties_data v2.3.0
   Compiling semver v1.0.28
   Compiling futures-channel v0.3.34
   Compiling futures-task v0.3.34
   Compiling slab v0.4.12
   Compiling phf_shared v0.12.1
   Compiling parking_lot_core v0.9.12
   Compiling zstd-safe v7.3.0
   Compiling bitflags v2.13.2
   Compiling futures-io v0.3.34
   Compiling unicode-width v0.2.2
   Compiling scopeguard v1.2.0
   Compiling unicode-segmentation v1.13.3
   Compiling ryu v1.0.23
   Compiling base64 v0.23.1
   Compiling ahash v0.8.12
   Compiling regex-syntax v0.8.11
   Compiling lock_api v0.4.14
   Compiling twox-hash v2.1.4
   Compiling percent-encoding v2.3.2
   Compiling either v1.18.0
   Compiling rustc_version v0.4.1
   Compiling phf v0.12.1
   Compiling thiserror v2.0.20
   Compiling getrandom v0.4.3
   Compiling num-traits v0.2.19
   Compiling alloc-no-stdlib v2.0.4
   Compiling tracing-core v0.1.36
   Compiling simdutf8 v0.1.5
   Compiling form_urlencoded v1.2.2
   Compiling lz4_flex v0.14.0
   Compiling hashbrown v0.17.1
   Compiling alloc-stdlib v0.2.4
   Compiling snap v1.1.2
   Compiling same-file v1.0.6
   Compiling humantime v2.4.0
   Compiling itertools v0.14.0
   Compiling lexical-write-integer v1.0.6
   Compiling lexical-parse-integer v1.0.6
   Compiling brotli-decompressor v5.0.3
   Compiling zlib-rs v0.6.8
   Compiling log v0.4.34
   Compiling seq-macro v0.3.6
   Compiling itertools v0.15.0
   Compiling datafusion-doc v55.1.0
   Compiling walkdir v2.5.0
   Compiling flatbuffers v25.12.19
   Compiling crossbeam-utils v0.8.23
   Compiling foldhash v0.1.5
   Compiling aho-corasick v1.1.5
   Compiling csv-core v0.1.13
   Compiling rustix v1.1.4
   Compiling lexical-parse-float v1.0.6
   Compiling comfy-table v7.2.2
   Compiling http v1.5.0
   Compiling lexical-write-float v1.0.6
   Compiling hashbrown v0.15.5
   Compiling syn v3.0.5
   Compiling syn v2.0.119
   Compiling fixedbitset v0.5.7
   Compiling linux-raw-sys v0.12.1
   Compiling fastrand v2.5.0
   Compiling lexical-core v1.0.6
   Compiling hashbrown v0.14.5
   Compiling hex v0.4.3
   Compiling glob v0.3.4
   Compiling bigdecimal v0.4.10
   Compiling indexmap v2.14.2
   Compiling jobserver v0.1.35
   Compiling brotli v8.0.4
   Compiling rand_core v0.9.5
   Compiling uuid v1.26.1
   Compiling parking_lot v0.12.5
   Compiling cc v1.4.6
   Compiling dashmap v6.2.1
   Compiling num-integer v0.1.47
   Compiling chrono v0.4.45
   Compiling num-complex v0.4.6
   Compiling atoi v2.0.0
   Compiling num-bigint v0.5.1
   Compiling num-bigint v0.4.8
   Compiling petgraph v0.8.3
   Compiling regex-automata v0.4.18
   Compiling zstd-sys v2.1.0+zstd.1.5.7
   Compiling tempfile v3.27.0
   Compiling flate2 v1.1.10
   Compiling csv v1.4.0
warning: zstd-sys@2.1.0+zstd.1.5.7: Compiler family detection failed due to error: ToolNotFound: failed to find tool "x86_64-linux-musl-gcc": No such file or directory (os error 2)
warning: zstd-sys@2.1.0+zstd.1.5.7: Compiler family detection failed due to error: ToolNotFound: failed to find tool "x86_64-linux-musl-gcc": No such file or directory (os error 2)
warning: zstd-sys@2.1.0+zstd.1.5.7: Compiler family detection failed due to error: ToolNotFound: failed to find tool "x86_64-linux-musl-gcc": No such file or directory (os error 2)
warning: zstd-sys@2.1.0+zstd.1.5.7: Compiler family detection failed due to error: ToolNotFound: failed to find tool "x86_64-linux-musl-gcc": No such file or directory (os error 2)
error: failed to run custom build command for `zstd-sys v2.1.0+zstd.1.5.7`

Caused by:
  process didn't exit successfully: `/home/pepe/scratch/burrmill-footprint/C/target-musl/release/build/zstd-sys-19f50adbd7b287c3/build-script-build` (exit status: 1)
  --- stdout
  cargo:rerun-if-env-changed=ZSTD_SYS_USE_PKG_CONFIG
  cargo:rerun-if-env-changed=CC_FORCE_DISABLE
  CC_FORCE_DISABLE = None
  cargo:rerun-if-env-changed=CC_x86_64-unknown-linux-musl
  CC_x86_64-unknown-linux-musl = None
  cargo:rerun-if-env-changed=CC_x86_64_unknown_linux_musl
  CC_x86_64_unknown_linux_musl = None
  cargo:rerun-if-env-changed=TARGET_CC
  TARGET_CC = None
  cargo:rerun-if-env-changed=CC
  CC = None
  cargo:rerun-if-env-changed=CROSS_COMPILE
  CROSS_COMPILE = None
  PATH = Some(/home/pepe/.cargo/bin:/usr/local/bin:/usr/bin:/bin:/usr/games)
  cargo:rerun-if-env-changed=CC_ENABLE_DEBUG_OUTPUT
  cargo:warning=Compiler family detection failed due to error: ToolNotFound: failed to find tool "x86_64-linux-musl-gcc": No such file or directory (os error 2)
  cargo:rerun-if-env-changed=CRATE_CC_NO_DEFAULTS
  CRATE_CC_NO_DEFAULTS = None
  cargo:rerun-if-env-changed=CFLAGS
  CFLAGS = None
  cargo:rerun-if-env-changed=TARGET_CFLAGS
  TARGET_CFLAGS = None
  cargo:rerun-if-env-changed=CFLAGS_x86_64_unknown_linux_musl
  CFLAGS_x86_64_unknown_linux_musl = None
  cargo:rerun-if-env-changed=CFLAGS_x86_64-unknown-linux-musl
  CFLAGS_x86_64-unknown-linux-musl = None
  cargo:rerun-if-env-changed=CC_ENABLE_DEBUG_OUTPUT
  cargo:warning=Compiler family detection failed due to error: ToolNotFound: failed to find tool "x86_64-linux-musl-gcc": No such file or directory (os error 2)
  cargo:rerun-if-env-changed=CRATE_CC_NO_DEFAULTS
  CRATE_CC_NO_DEFAULTS = None
  cargo:rerun-if-env-changed=CFLAGS
  CFLAGS = None
  cargo:rerun-if-env-changed=TARGET_CFLAGS
  TARGET_CFLAGS = None
  cargo:rerun-if-env-changed=CFLAGS_x86_64_unknown_linux_musl
  CFLAGS_x86_64_unknown_linux_musl = None
  cargo:rerun-if-env-changed=CFLAGS_x86_64-unknown-linux-musl
  CFLAGS_x86_64-unknown-linux-musl = None
  cargo:rerun-if-env-changed=CC_ENABLE_DEBUG_OUTPUT
  cargo:warning=Compiler family detection failed due to error: ToolNotFound: failed to find tool "x86_64-linux-musl-gcc": No such file or directory (os error 2)
  cargo:rerun-if-env-changed=CRATE_CC_NO_DEFAULTS
  CRATE_CC_NO_DEFAULTS = None
  cargo:rerun-if-env-changed=CFLAGS
  CFLAGS = None
  cargo:rerun-if-env-changed=TARGET_CFLAGS
  TARGET_CFLAGS = None
  cargo:rerun-if-env-changed=CFLAGS_x86_64_unknown_linux_musl
  CFLAGS_x86_64_unknown_linux_musl = None
  cargo:rerun-if-env-changed=CFLAGS_x86_64-unknown-linux-musl
  CFLAGS_x86_64-unknown-linux-musl = None
  cargo:rerun-if-env-changed=CC_ENABLE_DEBUG_OUTPUT
  cargo:warning=Compiler family detection failed due to error: ToolNotFound: failed to find tool "x86_64-linux-musl-gcc": No such file or directory (os error 2)
  cargo:rerun-if-env-changed=CRATE_CC_NO_DEFAULTS
  CRATE_CC_NO_DEFAULTS = None
  cargo:rerun-if-env-changed=CFLAGS
  CFLAGS = None
  cargo:rerun-if-env-changed=TARGET_CFLAGS
  TARGET_CFLAGS = None
  cargo:rerun-if-env-changed=CFLAGS_x86_64_unknown_linux_musl
  CFLAGS_x86_64_unknown_linux_musl = None
  cargo:rerun-if-env-changed=CFLAGS_x86_64-unknown-linux-musl
  CFLAGS_x86_64-unknown-linux-musl = None

  --- stderr


  error occurred in cc-rs: failed to find tool "x86_64-linux-musl-gcc": No such file or directory (os error 2)


warning: build failed, waiting for other jobs to finish...
### wasm_check: cargo check --target wasm32-unknown-unknown -j32
   Compiling proc-macro2 v1.0.107
   Compiling unicode-ident v1.0.24
   Compiling quote v1.0.47
   Compiling autocfg v1.5.1
    Checking cfg-if v1.0.5
   Compiling libc v0.2.189
    Checking memchr v2.8.3
   Compiling libm v0.2.16
    Checking once_cell v1.21.4
   Compiling zerocopy v0.8.57
    Checking bytes v1.12.1
    Checking equivalent v1.0.2
    Checking allocator-api2 v0.2.21
   Compiling serde_core v1.0.229
    Checking itoa v1.0.18
    Checking foldhash v0.2.0
   Compiling crunchy v0.2.4
   Compiling tiny-keccak v2.0.2
   Compiling zmij v1.0.23
   Compiling serde_json v1.0.151
    Checking stable_deref_trait v1.2.1
    Checking siphasher v1.0.3
   Compiling version_check v0.9.5
   Compiling wasm-bindgen-shared v0.2.128
   Compiling chrono-tz v0.10.4
    Checking pin-project-lite v0.2.17
    Checking futures-core v0.3.34
    Checking futures-sink v0.3.34
   Compiling rustversion v1.0.23
   Compiling shlex v2.0.1
   Compiling find-msvc-tools v0.1.12
    Checking futures-io v0.3.34
    Checking futures-task v0.3.34
   Compiling pkg-config v0.3.34
    Checking writeable v0.6.4
   Compiling bumpalo v3.20.3
    Checking litemap v0.8.3
    Checking lexical-util v1.0.7
    Checking futures-channel v0.3.34
    Checking smallvec v1.16.1
    Checking slab v0.4.12
    Checking utf8_iter v1.0.4
   Compiling icu_normalizer_data v2.3.0
   Compiling icu_properties_data v2.3.0
    Checking phf_shared v0.12.1
   Compiling semver v1.0.28
   Compiling zstd-safe v7.3.0
   Compiling parking_lot_core v0.9.12
    Checking base64 v0.23.1
    Checking scopeguard v1.2.0
    Checking ryu v1.0.23
    Checking unicode-width v0.2.2
    Checking regex-syntax v0.8.11
    Checking phf v0.12.1
    Checking aho-corasick v1.1.5
    Checking unicode-segmentation v1.13.3
    Checking lock_api v0.4.14
    Checking hashbrown v0.17.1
    Checking alloc-no-stdlib v2.0.4
   Compiling thiserror v2.0.20
    Checking twox-hash v2.1.4
    Checking bitflags v2.13.2
    Checking either v1.18.0
    Checking percent-encoding v2.3.2
    Checking csv-core v0.1.13
   Compiling rustc_version v0.4.1
    Checking tracing-core v0.1.36
   Compiling ahash v0.8.12
    Checking alloc-stdlib v0.2.4
    Checking simdutf8 v0.1.5
   Compiling snap v1.1.2
    Checking form_urlencoded v1.2.2
    Checking lz4_flex v0.14.0
    Checking same-file v1.0.6
    Checking brotli-decompressor v5.0.3
    Checking humantime v2.4.0
    Checking log v0.4.34
    Checking zlib-rs v0.6.8
    Checking walkdir v2.5.0
   Compiling seq-macro v0.3.6
   Compiling getrandom v0.3.4
    Checking datafusion-doc v55.1.0
    Checking parking_lot v0.12.5
    Checking http v1.5.0
    Checking lexical-write-integer v1.0.6
    Checking lexical-parse-integer v1.0.6
    Checking itertools v0.14.0
   Compiling num-traits v0.2.19
    Checking itertools v0.15.0
   Compiling crossbeam-utils v0.8.23
    Checking foldhash v0.1.5
    Checking fixedbitset v0.5.7
    Checking fastrand v2.5.0
    Checking hashbrown v0.14.5
    Checking hashbrown v0.15.5
    Checking hex v0.4.3
    Checking lexical-parse-float v1.0.6
    Checking comfy-table v7.2.2
    Checking glob v0.3.4
   Compiling bigdecimal v0.4.10
    Checking tempfile v3.27.0
   Compiling flatbuffers v25.12.19
    Checking lexical-write-float v1.0.6
error: The wasm32-unknown-unknown targets are not supported by default; you may need to enable the "wasm_js" configuration flag. Note that enabling the `wasm_js` feature flag alone is insufficient. For more information see: https://docs.rs/getrandom/0.3.4/#webassembly-support
   --> /home/pepe/.cargo/registry/src/index.crates.io-1949cf8c6b5b557f/getrandom-0.3.4/src/backends.rs:194:17
    |
194 | /                 compile_error!(concat!(
195 | |                     "The wasm32-unknown-unknown targets are not supported by default; \
196 | |                     you may need to enable the \"wasm_js\" configuration flag. Note \
197 | |                     that enabling the `wasm_js` feature flag alone is insufficient. \
198 | |                     For more information see: \
199 | |                     https://docs.rs/getrandom/", env!("CARGO_PKG_VERSION"), "/#webassembly-support"
200 | |                 ));
    | |__________________^

error: could not compile `getrandom` (lib) due to 1 previous error
warning: build failed, waiting for other jobs to finish...
