### default_build_clean_j8: cargo build -j8
   Compiling proc-macro2 v1.0.107
   Compiling quote v1.0.47
   Compiling unicode-ident v1.0.24
   Compiling cfg-if v1.0.5
   Compiling autocfg v1.5.1
   Compiling libc v0.2.189
   Compiling libm v0.2.16
   Compiling version_check v0.9.5
   Compiling zerocopy v0.8.57
   Compiling once_cell v1.21.4
   Compiling memchr v2.8.3
   Compiling getrandom v0.3.4
   Compiling ahash v0.8.12
   Compiling bytes v1.12.1
   Compiling num-traits v0.2.19
   Compiling arrow-schema v59.3.0
   Compiling hashbrown v0.17.1
   Compiling iana-time-zone v0.1.65
   Compiling object v0.39.1
   Compiling find-msvc-tools v0.1.12
   Compiling lexical-util v1.0.7
   Compiling shlex v2.0.1
   Compiling syn v2.0.119
   Compiling syn v3.0.5
   Compiling cc v1.4.6
   Compiling generic-array v0.14.7
   Compiling bitflags v2.13.2
   Compiling semver v1.0.28
   Compiling num-integer v0.1.47
   Compiling num-complex v0.4.6
   Compiling chrono v0.4.45
   Compiling num-bigint v0.5.1
   Compiling serde_core v1.0.229
   Compiling rustc_version v0.4.1
   Compiling lexical-parse-integer v1.0.6
   Compiling lexical-write-integer v1.0.6
   Compiling aho-corasick v1.1.5
   Compiling utf8parse v0.2.2
   Compiling crossbeam-utils v0.8.23
   Compiling regex-syntax v0.8.11
   Compiling typenum v1.20.1
   Compiling anstyle-parse v1.0.0
   Compiling lexical-write-float v1.0.6
   Compiling flatbuffers v25.12.19
   Compiling lexical-parse-float v1.0.6
   Compiling anstyle-query v1.1.5
   Compiling colorchoice v1.0.5
   Compiling base64 v0.23.1
   Compiling itoa v1.0.18
   Compiling regex-automata v0.4.18
   Compiling futures-sink v0.3.34
   Compiling anstyle v1.0.14
   Compiling zmij v1.0.23
   Compiling pin-project-lite v0.2.17
   Compiling futures-core v0.3.34
   Compiling crossbeam-epoch v0.9.21
   Compiling ryu v1.0.23
   Compiling is_terminal_polyfill v1.70.2
   Compiling futures-channel v0.3.34
   Compiling anstream v1.0.0
   Compiling futures-macro v0.3.34
   Compiling lexical-core v1.0.6
   Compiling ar_archive_writer v0.5.3
   Compiling zerocopy-derive v0.8.57
   Compiling stacker v0.1.25
   Compiling atoi v2.0.0
   Compiling getrandom v0.2.17
   Compiling futures-io v0.3.34
   Compiling equivalent v1.0.2
   Compiling crossbeam-deque v0.8.8
   Compiling slab v0.4.12
   Compiling strsim v0.11.1
   Compiling serde_json v1.0.151
   Compiling futures-task v0.3.34
   Compiling clap_lex v1.1.1
   Compiling getrandom v0.4.3
   Compiling heck v0.5.0
   Compiling rustix v1.1.4
   Compiling clap_builder v4.6.7
   Compiling futures-util v0.3.34
   Compiling clap_derive v4.6.7
   Compiling psm v0.1.32
   Compiling rand_core v0.6.4
   Compiling regex v1.13.1
   Compiling enum-ordinalize-derive v4.4.2
   Compiling crypto-common v0.1.7
   Compiling block-buffer v0.10.4
   Compiling csv-core v0.1.13
   Compiling fs-err v3.3.1
   Compiling either v1.18.0
   Compiling thiserror v2.0.20
   Compiling rayon-core v1.13.0
   Compiling linux-raw-sys v0.12.1
   Compiling snap v1.1.2
   Compiling enum-ordinalize v4.4.2
   Compiling csv v1.4.0
   Compiling digest v0.10.7
   Compiling indexmap v2.14.2
   Compiling clap v4.6.7
   Compiling tracing-attributes v0.1.31
   Compiling futures-executor v0.3.34
   Compiling recursive-proc-macro-impl v0.1.1
   Compiling thiserror-impl v2.0.20
   Compiling tracing-core v0.1.36
   Compiling unicode-width v0.1.14
   Compiling fastrand v2.5.0
   Compiling simdutf8 v0.1.5
   Compiling escape8259 v0.5.3
   Compiling tempfile v3.27.0
   Compiling libtest-mimic v0.8.2
   Compiling tracing v0.1.44
   Compiling subst v0.3.8
   Compiling recursive v0.1.1
   Compiling futures v0.3.34
   Compiling md-5 v0.10.6
   Compiling educe v0.6.0
   Compiling half v2.7.1
   Compiling ppv-lite86 v0.2.21
   Compiling itertools v0.13.0
   Compiling async-trait v0.1.92
   Compiling arrow-buffer v59.3.0
   Compiling rand_chacha v0.3.1
   Compiling rand v0.8.8
   Compiling seq-macro v0.3.6
   Compiling owo-colors v4.4.0
   Compiling log v0.4.34
   Compiling twox-hash v2.1.4
   Compiling similar v2.7.0
   Compiling arrow-data v59.3.0
   Compiling allocator-api2 v0.2.21
   Compiling foldhash v0.2.0
   Compiling glob v0.3.4
   Compiling humantime v2.4.0
   Compiling hashbrown v0.16.1
   Compiling sqlparser v0.62.0
   Compiling rayon v1.12.0
   Compiling arrow-array v59.3.0
   Compiling rustc-hash v2.1.3
   Compiling sqllogictest v0.28.4
   Compiling arrow-select v59.3.0
   Compiling arrow-arith v59.3.0
   Compiling arrow-row v59.3.0
   Compiling arrow-ord v59.3.0
   Compiling arrow-ipc v59.3.0
   Compiling arrow-string v59.3.0
   Compiling parquet v59.3.0
   Compiling arrow-cast v59.3.0
   Compiling arrow-csv v59.3.0
   Compiling arrow-json v59.3.0
   Compiling arrow v59.3.0
   Compiling burrmill v0.0.1 (/home/pepe/scratch/burrmill-footprint/burrmill/crates/burrmill)
   Compiling consumer_d v0.1.0 (/home/pepe/scratch/burrmill-footprint/D)
    Finished `dev` profile [unoptimized + debuginfo] target(s) in 30.45s
### default_test_clean_j8: cargo test --no-run -j8
   Compiling proc-macro2 v1.0.107
   Compiling unicode-ident v1.0.24
   Compiling quote v1.0.47
   Compiling cfg-if v1.0.5
   Compiling autocfg v1.5.1
   Compiling libc v0.2.189
   Compiling libm v0.2.16
   Compiling version_check v0.9.5
   Compiling zerocopy v0.8.57
   Compiling once_cell v1.21.4
   Compiling memchr v2.8.3
   Compiling getrandom v0.3.4
   Compiling bytes v1.12.1
   Compiling ahash v0.8.12
   Compiling num-traits v0.2.19
   Compiling arrow-schema v59.3.0
   Compiling iana-time-zone v0.1.65
   Compiling hashbrown v0.17.1
   Compiling syn v2.0.119
   Compiling syn v3.0.5
   Compiling lexical-util v1.0.7
   Compiling find-msvc-tools v0.1.12
   Compiling shlex v2.0.1
   Compiling object v0.39.1
   Compiling cc v1.4.6
   Compiling generic-array v0.14.7
   Compiling bitflags v2.13.2
   Compiling num-integer v0.1.47
   Compiling chrono v0.4.45
   Compiling num-complex v0.4.6
   Compiling num-bigint v0.5.1
   Compiling serde_core v1.0.229
   Compiling semver v1.0.28
   Compiling lexical-parse-integer v1.0.6
   Compiling rustc_version v0.4.1
   Compiling lexical-write-integer v1.0.6
   Compiling aho-corasick v1.1.5
   Compiling crossbeam-utils v0.8.23
   Compiling typenum v1.20.1
   Compiling utf8parse v0.2.2
   Compiling regex-syntax v0.8.11
   Compiling anstyle-parse v1.0.0
   Compiling flatbuffers v25.12.19
   Compiling lexical-write-float v1.0.6
   Compiling lexical-parse-float v1.0.6
   Compiling anstyle-query v1.1.5
   Compiling crossbeam-epoch v0.9.21
   Compiling anstyle v1.0.14
   Compiling colorchoice v1.0.5
   Compiling pin-project-lite v0.2.17
   Compiling is_terminal_polyfill v1.70.2
   Compiling zmij v1.0.23
   Compiling futures-sink v0.3.34
   Compiling futures-core v0.3.34
   Compiling ryu v1.0.23
   Compiling base64 v0.23.1
   Compiling regex-automata v0.4.18
   Compiling itoa v1.0.18
   Compiling futures-macro v0.3.34
   Compiling futures-channel v0.3.34
   Compiling ar_archive_writer v0.5.3
   Compiling zerocopy-derive v0.8.57
   Compiling anstream v1.0.0
   Compiling lexical-core v1.0.6
   Compiling stacker v0.1.25
   Compiling atoi v2.0.0
   Compiling getrandom v0.2.17
   Compiling heck v0.5.0
   Compiling equivalent v1.0.2
   Compiling getrandom v0.4.3
   Compiling slab v0.4.12
   Compiling futures-io v0.3.34
   Compiling strsim v0.11.1
   Compiling rustix v1.1.4
   Compiling futures-task v0.3.34
   Compiling serde_json v1.0.151
   Compiling psm v0.1.32
   Compiling clap_lex v1.1.1
   Compiling crossbeam-deque v0.8.8
   Compiling futures-util v0.3.34
   Compiling clap_builder v4.6.7
   Compiling clap_derive v4.6.7
   Compiling regex v1.13.1
   Compiling rand_core v0.6.4
   Compiling enum-ordinalize-derive v4.4.2
   Compiling block-buffer v0.10.4
   Compiling crypto-common v0.1.7
   Compiling csv-core v0.1.13
   Compiling fs-err v3.3.1
   Compiling linux-raw-sys v0.12.1
   Compiling rayon-core v1.13.0
   Compiling thiserror v2.0.20
   Compiling snap v1.1.2
   Compiling either v1.18.0
   Compiling enum-ordinalize v4.4.2
   Compiling csv v1.4.0
   Compiling digest v0.10.7
   Compiling clap v4.6.7
   Compiling indexmap v2.14.2
   Compiling futures-executor v0.3.34
   Compiling recursive-proc-macro-impl v0.1.1
   Compiling tracing-attributes v0.1.31
   Compiling thiserror-impl v2.0.20
   Compiling tracing-core v0.1.36
   Compiling fastrand v2.5.0
   Compiling unicode-width v0.1.14
   Compiling escape8259 v0.5.3
   Compiling simdutf8 v0.1.5
   Compiling libtest-mimic v0.8.2
   Compiling subst v0.3.8
   Compiling tempfile v3.27.0
   Compiling recursive v0.1.1
   Compiling futures v0.3.34
   Compiling md-5 v0.10.6
   Compiling educe v0.6.0
   Compiling itertools v0.13.0
   Compiling tracing v0.1.44
   Compiling half v2.7.1
   Compiling ppv-lite86 v0.2.21
   Compiling arrow-buffer v59.3.0
   Compiling async-trait v0.1.92
   Compiling rand_chacha v0.3.1
   Compiling foldhash v0.2.0
   Compiling log v0.4.34
   Compiling owo-colors v4.4.0
   Compiling glob v0.3.4
   Compiling rand v0.8.8
   Compiling allocator-api2 v0.2.21
   Compiling arrow-data v59.3.0
   Compiling humantime v2.4.0
   Compiling twox-hash v2.1.4
   Compiling seq-macro v0.3.6
   Compiling similar v2.7.0
   Compiling hashbrown v0.16.1
   Compiling sqlparser v0.62.0
   Compiling rayon v1.12.0
   Compiling rustc-hash v2.1.3
   Compiling arrow-array v59.3.0
   Compiling sqllogictest v0.28.4
   Compiling arrow-select v59.3.0
   Compiling arrow-row v59.3.0
   Compiling arrow-arith v59.3.0
   Compiling arrow-ord v59.3.0
   Compiling arrow-ipc v59.3.0
   Compiling arrow-string v59.3.0
   Compiling parquet v59.3.0
   Compiling arrow-cast v59.3.0
   Compiling arrow-json v59.3.0
   Compiling arrow-csv v59.3.0
   Compiling arrow v59.3.0
   Compiling burrmill v0.0.1 (/home/pepe/scratch/burrmill-footprint/burrmill/crates/burrmill)
   Compiling consumer_d v0.1.0 (/home/pepe/scratch/burrmill-footprint/D)
    Finished `test` profile [unoptimized + debuginfo] target(s) in 17.04s
  Executable unittests src/lib.rs (target-default/debug/deps/consumer-11e97cd5af51ea8b)
  Executable unittests src/main.rs (target-default/debug/deps/consumer_bin-cf49db845d394038)
  Executable tests/t01.rs (target-default/debug/deps/t01-66755892b0001b3d)
  Executable tests/t02.rs (target-default/debug/deps/t02-93c3c365cf5dde4a)
  Executable tests/t03.rs (target-default/debug/deps/t03-4e9588ee759bcf98)
  Executable tests/t04.rs (target-default/debug/deps/t04-556a2cb6fba8c0a4)
  Executable tests/t05.rs (target-default/debug/deps/t05-4ef0394ed559c540)
  Executable tests/t06.rs (target-default/debug/deps/t06-6379437eea2ae3ea)
  Executable tests/t07.rs (target-default/debug/deps/t07-9ec88a4ffd531741)
  Executable tests/t08.rs (target-default/debug/deps/t08-e8390febf4d33fe7)
  Executable tests/t09.rs (target-default/debug/deps/t09-4765d68276498c0a)
  Executable tests/t10.rs (target-default/debug/deps/t10-b5cb1ba07924b0d4)
  Executable tests/t11.rs (target-default/debug/deps/t11-19120af1d1e9adea)
  Executable tests/t12.rs (target-default/debug/deps/t12-d0a3f473ec6aa49f)
  Executable tests/t13.rs (target-default/debug/deps/t13-8769388225607ae0)
  Executable tests/t14.rs (target-default/debug/deps/t14-835259de380fe4ce)
  Executable tests/t15.rs (target-default/debug/deps/t15-7595a19d10165c92)
  Executable tests/t16.rs (target-default/debug/deps/t16-6aa318ccf91b94d6)
  Executable tests/t17.rs (target-default/debug/deps/t17-0aa06507f2c8ca0a)
  Executable tests/t18.rs (target-default/debug/deps/t18-277138cd354a1340)
  Executable tests/t19.rs (target-default/debug/deps/t19-ef0ee64aad6cc338)
  Executable tests/t20.rs (target-default/debug/deps/t20-2d027f4b130f7b11)
### default_build_clean_j32: cargo build -j32
   Compiling proc-macro2 v1.0.107
   Compiling quote v1.0.47
   Compiling unicode-ident v1.0.24
   Compiling cfg-if v1.0.5
   Compiling autocfg v1.5.1
   Compiling libc v0.2.189
   Compiling version_check v0.9.5
   Compiling libm v0.2.16
   Compiling zerocopy v0.8.57
   Compiling once_cell v1.21.4
   Compiling getrandom v0.3.4
   Compiling memchr v2.8.3
   Compiling bytes v1.12.1
   Compiling iana-time-zone v0.1.65
   Compiling arrow-schema v59.3.0
   Compiling hashbrown v0.17.1
   Compiling object v0.39.1
   Compiling find-msvc-tools v0.1.12
   Compiling shlex v2.0.1
   Compiling lexical-util v1.0.7
   Compiling semver v1.0.28
   Compiling serde_core v1.0.229
   Compiling bitflags v2.13.2
   Compiling crossbeam-utils v0.8.23
   Compiling typenum v1.20.1
   Compiling regex-syntax v0.8.11
   Compiling utf8parse v0.2.2
   Compiling crossbeam-epoch v0.9.21
   Compiling anstyle-query v1.1.5
   Compiling futures-sink v0.3.34
   Compiling itoa v1.0.18
   Compiling pin-project-lite v0.2.17
   Compiling anstyle-parse v1.0.0
   Compiling base64 v0.23.1
   Compiling zmij v1.0.23
   Compiling is_terminal_polyfill v1.70.2
   Compiling ryu v1.0.23
   Compiling cc v1.4.6
   Compiling futures-core v0.3.34
   Compiling colorchoice v1.0.5
   Compiling anstyle v1.0.14
   Compiling serde_json v1.0.151
   Compiling rustix v1.1.4
   Compiling strsim v0.11.1
   Compiling rustc_version v0.4.1
   Compiling getrandom v0.4.3
   Compiling crossbeam-deque v0.8.8
   Compiling equivalent v1.0.2
   Compiling ahash v0.8.12
   Compiling generic-array v0.14.7
   Compiling futures-channel v0.3.34
   Compiling futures-io v0.3.34
   Compiling futures-task v0.3.34
   Compiling heck v0.5.0
   Compiling slab v0.4.12
   Compiling clap_lex v1.1.1
   Compiling thiserror v2.0.20
   Compiling num-traits v0.2.19
   Compiling lexical-parse-integer v1.0.6
   Compiling lexical-write-integer v1.0.6
   Compiling anstream v1.0.0
   Compiling fs-err v3.3.1
   Compiling either v1.18.0
   Compiling snap v1.1.2
   Compiling linux-raw-sys v0.12.1
   Compiling rayon-core v1.13.0
   Compiling tracing-core v0.1.36
   Compiling simdutf8 v0.1.5
   Compiling aho-corasick v1.1.5
   Compiling flatbuffers v25.12.19
   Compiling lexical-parse-float v1.0.6
   Compiling csv-core v0.1.13
   Compiling fastrand v2.5.0
   Compiling escape8259 v0.5.3
   Compiling clap_builder v4.6.7
   Compiling indexmap v2.14.2
   Compiling unicode-width v0.1.14
   Compiling itertools v0.13.0
   Compiling foldhash v0.2.0
   Compiling similar v2.7.0
   Compiling lexical-write-float v1.0.6
   Compiling log v0.4.34
   Compiling allocator-api2 v0.2.21
   Compiling twox-hash v2.1.4
   Compiling humantime v2.4.0
   Compiling glob v0.3.4
   Compiling seq-macro v0.3.6
   Compiling subst v0.3.8
   Compiling owo-colors v4.4.0
   Compiling rustc-hash v2.1.3
   Compiling lexical-core v1.0.6
   Compiling syn v2.0.119
   Compiling syn v3.0.5
   Compiling hashbrown v0.16.1
   Compiling getrandom v0.2.17
   Compiling rand_core v0.6.4
   Compiling stacker v0.1.25
   Compiling crypto-common v0.1.7
   Compiling block-buffer v0.10.4
   Compiling digest v0.10.7
   Compiling md-5 v0.10.6
   Compiling rayon v1.12.0
   Compiling num-integer v0.1.47
   Compiling chrono v0.4.45
   Compiling num-complex v0.4.6
   Compiling atoi v2.0.0
   Compiling num-bigint v0.5.1
   Compiling regex-automata v0.4.18
   Compiling csv v1.4.0
   Compiling tempfile v3.27.0
   Compiling futures-macro v0.3.34
   Compiling enum-ordinalize-derive v4.4.2
   Compiling clap_derive v4.6.7
   Compiling thiserror-impl v2.0.20
   Compiling async-trait v0.1.92
   Compiling ar_archive_writer v0.5.3
   Compiling enum-ordinalize v4.4.2
   Compiling futures-util v0.3.34
   Compiling psm v0.1.32
   Compiling regex v1.13.1
   Compiling clap v4.6.7
   Compiling zerocopy-derive v0.8.57
   Compiling recursive-proc-macro-impl v0.1.1
   Compiling tracing-attributes v0.1.31
   Compiling educe v0.6.0
   Compiling libtest-mimic v0.8.2
   Compiling recursive v0.1.1
   Compiling sqlparser v0.62.0
   Compiling tracing v0.1.44
   Compiling futures-executor v0.3.34
   Compiling futures v0.3.34
   Compiling half v2.7.1
   Compiling ppv-lite86 v0.2.21
   Compiling arrow-buffer v59.3.0
   Compiling rand_chacha v0.3.1
   Compiling rand v0.8.8
   Compiling arrow-data v59.3.0
   Compiling sqllogictest v0.28.4
   Compiling arrow-array v59.3.0
   Compiling arrow-select v59.3.0
   Compiling arrow-row v59.3.0
   Compiling arrow-arith v59.3.0
   Compiling arrow-ord v59.3.0
   Compiling arrow-ipc v59.3.0
   Compiling arrow-string v59.3.0
   Compiling parquet v59.3.0
   Compiling arrow-cast v59.3.0
   Compiling arrow-csv v59.3.0
   Compiling arrow-json v59.3.0
   Compiling arrow v59.3.0
   Compiling burrmill v0.0.1 (/home/pepe/scratch/burrmill-footprint/burrmill/crates/burrmill)
   Compiling consumer_d v0.1.0 (/home/pepe/scratch/burrmill-footprint/D)
    Finished `dev` profile [unoptimized + debuginfo] target(s) in 14.47s
### default_test_clean_j32: cargo test --no-run -j32
   Compiling proc-macro2 v1.0.107
   Compiling unicode-ident v1.0.24
   Compiling quote v1.0.47
   Compiling cfg-if v1.0.5
   Compiling autocfg v1.5.1
   Compiling libc v0.2.189
   Compiling libm v0.2.16
   Compiling version_check v0.9.5
   Compiling zerocopy v0.8.57
   Compiling once_cell v1.21.4
   Compiling memchr v2.8.3
   Compiling getrandom v0.3.4
   Compiling bytes v1.12.1
   Compiling hashbrown v0.17.1
   Compiling iana-time-zone v0.1.65
   Compiling arrow-schema v59.3.0
   Compiling shlex v2.0.1
   Compiling find-msvc-tools v0.1.12
   Compiling object v0.39.1
   Compiling lexical-util v1.0.7
   Compiling bitflags v2.13.2
   Compiling semver v1.0.28
   Compiling serde_core v1.0.229
   Compiling typenum v1.20.1
   Compiling regex-syntax v0.8.11
   Compiling utf8parse v0.2.2
   Compiling crossbeam-utils v0.8.23
   Compiling futures-core v0.3.34
   Compiling base64 v0.23.1
   Compiling anstyle-query v1.1.5
   Compiling colorchoice v1.0.5
   Compiling futures-sink v0.3.34
   Compiling anstyle-parse v1.0.0
   Compiling is_terminal_polyfill v1.70.2
   Compiling ryu v1.0.23
   Compiling pin-project-lite v0.2.17
   Compiling cc v1.4.6
   Compiling itoa v1.0.18
   Compiling zmij v1.0.23
   Compiling crossbeam-epoch v0.9.21
   Compiling anstyle v1.0.14
   Compiling futures-channel v0.3.34
   Compiling futures-io v0.3.34
   Compiling rustc_version v0.4.1
   Compiling crossbeam-deque v0.8.8
   Compiling equivalent v1.0.2
   Compiling clap_lex v1.1.1
   Compiling futures-task v0.3.34
   Compiling ahash v0.8.12
   Compiling generic-array v0.14.7
   Compiling slab v0.4.12
   Compiling rustix v1.1.4
   Compiling getrandom v0.4.3
   Compiling serde_json v1.0.151
   Compiling heck v0.5.0
   Compiling strsim v0.11.1
   Compiling anstream v1.0.0
   Compiling num-traits v0.2.19
   Compiling lexical-parse-integer v1.0.6
   Compiling lexical-write-integer v1.0.6
   Compiling fs-err v3.3.1
   Compiling either v1.18.0
   Compiling linux-raw-sys v0.12.1
   Compiling thiserror v2.0.20
   Compiling snap v1.1.2
   Compiling rayon-core v1.13.0
   Compiling tracing-core v0.1.36
   Compiling unicode-width v0.1.14
   Compiling aho-corasick v1.1.5
   Compiling flatbuffers v25.12.19
   Compiling csv-core v0.1.13
   Compiling clap_builder v4.6.7
   Compiling lexical-parse-float v1.0.6
   Compiling indexmap v2.14.2
   Compiling simdutf8 v0.1.5
   Compiling escape8259 v0.5.3
   Compiling fastrand v2.5.0
   Compiling lexical-write-float v1.0.6
   Compiling subst v0.3.8
   Compiling itertools v0.13.0
   Compiling owo-colors v4.4.0
   Compiling humantime v2.4.0
   Compiling seq-macro v0.3.6
   Compiling twox-hash v2.1.4
   Compiling similar v2.7.0
   Compiling foldhash v0.2.0
   Compiling glob v0.3.4
   Compiling allocator-api2 v0.2.21
   Compiling lexical-core v1.0.6
   Compiling log v0.4.34
   Compiling rustc-hash v2.1.3
   Compiling syn v2.0.119
   Compiling syn v3.0.5
   Compiling hashbrown v0.16.1
   Compiling getrandom v0.2.17
   Compiling rand_core v0.6.4
   Compiling stacker v0.1.25
   Compiling rayon v1.12.0
   Compiling crypto-common v0.1.7
   Compiling block-buffer v0.10.4
   Compiling digest v0.10.7
   Compiling md-5 v0.10.6
   Compiling num-integer v0.1.47
   Compiling chrono v0.4.45
   Compiling num-complex v0.4.6
   Compiling atoi v2.0.0
   Compiling regex-automata v0.4.18
   Compiling num-bigint v0.5.1
   Compiling tempfile v3.27.0
   Compiling csv v1.4.0
   Compiling futures-macro v0.3.34
   Compiling enum-ordinalize-derive v4.4.2
   Compiling clap_derive v4.6.7
   Compiling thiserror-impl v2.0.20
   Compiling async-trait v0.1.92
   Compiling regex v1.13.1
   Compiling enum-ordinalize v4.4.2
   Compiling futures-util v0.3.34
   Compiling zerocopy-derive v0.8.57
   Compiling recursive-proc-macro-impl v0.1.1
   Compiling tracing-attributes v0.1.31
   Compiling educe v0.6.0
   Compiling ar_archive_writer v0.5.3
   Compiling clap v4.6.7
   Compiling libtest-mimic v0.8.2
   Compiling tracing v0.1.44
   Compiling psm v0.1.32
   Compiling recursive v0.1.1
   Compiling sqlparser v0.62.0
   Compiling futures-executor v0.3.34
   Compiling futures v0.3.34
   Compiling half v2.7.1
   Compiling ppv-lite86 v0.2.21
   Compiling rand_chacha v0.3.1
   Compiling arrow-buffer v59.3.0
   Compiling rand v0.8.8
   Compiling sqllogictest v0.28.4
   Compiling arrow-data v59.3.0
   Compiling arrow-array v59.3.0
   Compiling arrow-select v59.3.0
   Compiling arrow-arith v59.3.0
   Compiling arrow-row v59.3.0
   Compiling arrow-ord v59.3.0
   Compiling arrow-ipc v59.3.0
   Compiling arrow-string v59.3.0
   Compiling parquet v59.3.0
   Compiling arrow-cast v59.3.0
   Compiling arrow-json v59.3.0
   Compiling arrow-csv v59.3.0
   Compiling arrow v59.3.0
   Compiling burrmill v0.0.1 (/home/pepe/scratch/burrmill-footprint/burrmill/crates/burrmill)
   Compiling consumer_d v0.1.0 (/home/pepe/scratch/burrmill-footprint/D)
    Finished `test` profile [unoptimized + debuginfo] target(s) in 16.08s
  Executable unittests src/lib.rs (target-default/debug/deps/consumer-11e97cd5af51ea8b)
  Executable unittests src/main.rs (target-default/debug/deps/consumer_bin-cf49db845d394038)
  Executable tests/t01.rs (target-default/debug/deps/t01-66755892b0001b3d)
  Executable tests/t02.rs (target-default/debug/deps/t02-93c3c365cf5dde4a)
  Executable tests/t03.rs (target-default/debug/deps/t03-4e9588ee759bcf98)
  Executable tests/t04.rs (target-default/debug/deps/t04-556a2cb6fba8c0a4)
  Executable tests/t05.rs (target-default/debug/deps/t05-4ef0394ed559c540)
  Executable tests/t06.rs (target-default/debug/deps/t06-6379437eea2ae3ea)
  Executable tests/t07.rs (target-default/debug/deps/t07-9ec88a4ffd531741)
  Executable tests/t08.rs (target-default/debug/deps/t08-e8390febf4d33fe7)
  Executable tests/t09.rs (target-default/debug/deps/t09-4765d68276498c0a)
  Executable tests/t10.rs (target-default/debug/deps/t10-b5cb1ba07924b0d4)
  Executable tests/t11.rs (target-default/debug/deps/t11-19120af1d1e9adea)
  Executable tests/t12.rs (target-default/debug/deps/t12-d0a3f473ec6aa49f)
  Executable tests/t13.rs (target-default/debug/deps/t13-8769388225607ae0)
  Executable tests/t14.rs (target-default/debug/deps/t14-835259de380fe4ce)
  Executable tests/t15.rs (target-default/debug/deps/t15-7595a19d10165c92)
  Executable tests/t16.rs (target-default/debug/deps/t16-6aa318ccf91b94d6)
  Executable tests/t17.rs (target-default/debug/deps/t17-0aa06507f2c8ca0a)
  Executable tests/t18.rs (target-default/debug/deps/t18-277138cd354a1340)
  Executable tests/t19.rs (target-default/debug/deps/t19-ef0ee64aad6cc338)
  Executable tests/t20.rs (target-default/debug/deps/t20-2d027f4b130f7b11)
### default_incr_lib_test: cargo test --no-run -j32
   Compiling consumer_d v0.1.0 (/home/pepe/scratch/burrmill-footprint/D)
    Finished `test` profile [unoptimized + debuginfo] target(s) in 2.14s
  Executable unittests src/lib.rs (target-default/debug/deps/consumer-11e97cd5af51ea8b)
  Executable unittests src/main.rs (target-default/debug/deps/consumer_bin-cf49db845d394038)
  Executable tests/t01.rs (target-default/debug/deps/t01-66755892b0001b3d)
  Executable tests/t02.rs (target-default/debug/deps/t02-93c3c365cf5dde4a)
  Executable tests/t03.rs (target-default/debug/deps/t03-4e9588ee759bcf98)
  Executable tests/t04.rs (target-default/debug/deps/t04-556a2cb6fba8c0a4)
  Executable tests/t05.rs (target-default/debug/deps/t05-4ef0394ed559c540)
  Executable tests/t06.rs (target-default/debug/deps/t06-6379437eea2ae3ea)
  Executable tests/t07.rs (target-default/debug/deps/t07-9ec88a4ffd531741)
  Executable tests/t08.rs (target-default/debug/deps/t08-e8390febf4d33fe7)
  Executable tests/t09.rs (target-default/debug/deps/t09-4765d68276498c0a)
  Executable tests/t10.rs (target-default/debug/deps/t10-b5cb1ba07924b0d4)
  Executable tests/t11.rs (target-default/debug/deps/t11-19120af1d1e9adea)
  Executable tests/t12.rs (target-default/debug/deps/t12-d0a3f473ec6aa49f)
  Executable tests/t13.rs (target-default/debug/deps/t13-8769388225607ae0)
  Executable tests/t14.rs (target-default/debug/deps/t14-835259de380fe4ce)
  Executable tests/t15.rs (target-default/debug/deps/t15-7595a19d10165c92)
  Executable tests/t16.rs (target-default/debug/deps/t16-6aa318ccf91b94d6)
  Executable tests/t17.rs (target-default/debug/deps/t17-0aa06507f2c8ca0a)
  Executable tests/t18.rs (target-default/debug/deps/t18-277138cd354a1340)
  Executable tests/t19.rs (target-default/debug/deps/t19-ef0ee64aad6cc338)
  Executable tests/t20.rs (target-default/debug/deps/t20-2d027f4b130f7b11)
### default_incr_lib_build: cargo build -j32
   Compiling consumer_d v0.1.0 (/home/pepe/scratch/burrmill-footprint/D)
    Finished `dev` profile [unoptimized + debuginfo] target(s) in 0.57s
### default_incr_test_test: cargo test --no-run -j32
   Compiling consumer_d v0.1.0 (/home/pepe/scratch/burrmill-footprint/D)
    Finished `test` profile [unoptimized + debuginfo] target(s) in 1.93s
  Executable unittests src/lib.rs (target-default/debug/deps/consumer-11e97cd5af51ea8b)
  Executable unittests src/main.rs (target-default/debug/deps/consumer_bin-cf49db845d394038)
  Executable tests/t01.rs (target-default/debug/deps/t01-66755892b0001b3d)
  Executable tests/t02.rs (target-default/debug/deps/t02-93c3c365cf5dde4a)
  Executable tests/t03.rs (target-default/debug/deps/t03-4e9588ee759bcf98)
  Executable tests/t04.rs (target-default/debug/deps/t04-556a2cb6fba8c0a4)
  Executable tests/t05.rs (target-default/debug/deps/t05-4ef0394ed559c540)
  Executable tests/t06.rs (target-default/debug/deps/t06-6379437eea2ae3ea)
  Executable tests/t07.rs (target-default/debug/deps/t07-9ec88a4ffd531741)
  Executable tests/t08.rs (target-default/debug/deps/t08-e8390febf4d33fe7)
  Executable tests/t09.rs (target-default/debug/deps/t09-4765d68276498c0a)
  Executable tests/t10.rs (target-default/debug/deps/t10-b5cb1ba07924b0d4)
  Executable tests/t11.rs (target-default/debug/deps/t11-19120af1d1e9adea)
  Executable tests/t12.rs (target-default/debug/deps/t12-d0a3f473ec6aa49f)
  Executable tests/t13.rs (target-default/debug/deps/t13-8769388225607ae0)
  Executable tests/t14.rs (target-default/debug/deps/t14-835259de380fe4ce)
  Executable tests/t15.rs (target-default/debug/deps/t15-7595a19d10165c92)
  Executable tests/t16.rs (target-default/debug/deps/t16-6aa318ccf91b94d6)
  Executable tests/t17.rs (target-default/debug/deps/t17-0aa06507f2c8ca0a)
  Executable tests/t18.rs (target-default/debug/deps/t18-277138cd354a1340)
  Executable tests/t19.rs (target-default/debug/deps/t19-ef0ee64aad6cc338)
  Executable tests/t20.rs (target-default/debug/deps/t20-2d027f4b130f7b11)
### nodebug_build_clean_j8: cargo build -j8
   Compiling proc-macro2 v1.0.107
   Compiling unicode-ident v1.0.24
   Compiling quote v1.0.47
   Compiling cfg-if v1.0.5
   Compiling autocfg v1.5.1
   Compiling libc v0.2.189
   Compiling version_check v0.9.5
   Compiling libm v0.2.16
   Compiling zerocopy v0.8.57
   Compiling once_cell v1.21.4
   Compiling memchr v2.8.3
   Compiling getrandom v0.3.4
   Compiling ahash v0.8.12
   Compiling bytes v1.12.1
   Compiling num-traits v0.2.19
   Compiling iana-time-zone v0.1.65
   Compiling arrow-schema v59.3.0
   Compiling hashbrown v0.17.1
   Compiling object v0.39.1
   Compiling lexical-util v1.0.7
   Compiling shlex v2.0.1
   Compiling find-msvc-tools v0.1.12
   Compiling syn v2.0.119
   Compiling syn v3.0.5
   Compiling cc v1.4.6
   Compiling generic-array v0.14.7
   Compiling serde_core v1.0.229
   Compiling bitflags v2.13.2
   Compiling semver v1.0.28
   Compiling num-integer v0.1.47
   Compiling chrono v0.4.45
   Compiling num-complex v0.4.6
   Compiling rustc_version v0.4.1
   Compiling num-bigint v0.5.1
   Compiling lexical-write-integer v1.0.6
   Compiling lexical-parse-integer v1.0.6
   Compiling aho-corasick v1.1.5
   Compiling typenum v1.20.1
   Compiling regex-syntax v0.8.11
   Compiling utf8parse v0.2.2
   Compiling crossbeam-utils v0.8.23
   Compiling anstyle-parse v1.0.0
   Compiling lexical-write-float v1.0.6
   Compiling lexical-parse-float v1.0.6
   Compiling flatbuffers v25.12.19
   Compiling base64 v0.23.1
   Compiling crossbeam-epoch v0.9.21
   Compiling futures-sink v0.3.34
   Compiling is_terminal_polyfill v1.70.2
   Compiling zmij v1.0.23
   Compiling colorchoice v1.0.5
   Compiling anstyle v1.0.14
   Compiling ryu v1.0.23
   Compiling futures-core v0.3.34
   Compiling regex-automata v0.4.18
   Compiling pin-project-lite v0.2.17
   Compiling anstyle-query v1.1.5
   Compiling itoa v1.0.18
   Compiling anstream v1.0.0
   Compiling futures-channel v0.3.34
   Compiling lexical-core v1.0.6
   Compiling ar_archive_writer v0.5.3
   Compiling stacker v0.1.25
   Compiling atoi v2.0.0
   Compiling futures-macro v0.3.34
   Compiling getrandom v0.2.17
   Compiling heck v0.5.0
   Compiling rustix v1.1.4
   Compiling futures-io v0.3.34
   Compiling equivalent v1.0.2
   Compiling slab v0.4.12
   Compiling crossbeam-deque v0.8.8
   Compiling strsim v0.11.1
   Compiling serde_json v1.0.151
   Compiling futures-task v0.3.34
   Compiling clap_lex v1.1.1
   Compiling psm v0.1.32
   Compiling getrandom v0.4.3
   Compiling clap_builder v4.6.7
   Compiling clap_derive v4.6.7
   Compiling rand_core v0.6.4
   Compiling futures-util v0.3.34
   Compiling zerocopy-derive v0.8.57
   Compiling enum-ordinalize-derive v4.4.2
   Compiling regex v1.13.1
   Compiling crypto-common v0.1.7
   Compiling block-buffer v0.10.4
   Compiling csv-core v0.1.13
   Compiling fs-err v3.3.1
   Compiling snap v1.1.2
   Compiling rayon-core v1.13.0
   Compiling either v1.18.0
   Compiling linux-raw-sys v0.12.1
   Compiling thiserror v2.0.20
   Compiling csv v1.4.0
   Compiling digest v0.10.7
   Compiling enum-ordinalize v4.4.2
   Compiling clap v4.6.7
   Compiling tracing-attributes v0.1.31
   Compiling recursive-proc-macro-impl v0.1.1
   Compiling indexmap v2.14.2
   Compiling thiserror-impl v2.0.20
   Compiling futures-executor v0.3.34
   Compiling tracing-core v0.1.36
   Compiling simdutf8 v0.1.5
   Compiling escape8259 v0.5.3
   Compiling fastrand v2.5.0
   Compiling unicode-width v0.1.14
   Compiling libtest-mimic v0.8.2
   Compiling tempfile v3.27.0
   Compiling subst v0.3.8
   Compiling tracing v0.1.44
   Compiling futures v0.3.34
   Compiling recursive v0.1.1
   Compiling educe v0.6.0
   Compiling md-5 v0.10.6
   Compiling itertools v0.13.0
   Compiling async-trait v0.1.92
   Compiling foldhash v0.2.0
   Compiling glob v0.3.4
   Compiling seq-macro v0.3.6
   Compiling allocator-api2 v0.2.21
   Compiling owo-colors v4.4.0
   Compiling humantime v2.4.0
   Compiling similar v2.7.0
   Compiling twox-hash v2.1.4
   Compiling log v0.4.34
   Compiling hashbrown v0.16.1
   Compiling rayon v1.12.0
   Compiling sqlparser v0.62.0
   Compiling rustc-hash v2.1.3
   Compiling half v2.7.1
   Compiling ppv-lite86 v0.2.21
   Compiling rand_chacha v0.3.1
   Compiling arrow-buffer v59.3.0
   Compiling rand v0.8.8
   Compiling arrow-data v59.3.0
   Compiling sqllogictest v0.28.4
   Compiling arrow-array v59.3.0
   Compiling arrow-select v59.3.0
   Compiling arrow-arith v59.3.0
   Compiling arrow-row v59.3.0
   Compiling arrow-ord v59.3.0
   Compiling arrow-ipc v59.3.0
   Compiling arrow-string v59.3.0
   Compiling parquet v59.3.0
   Compiling arrow-cast v59.3.0
   Compiling arrow-csv v59.3.0
   Compiling arrow-json v59.3.0
   Compiling arrow v59.3.0
   Compiling burrmill v0.0.1 (/home/pepe/scratch/burrmill-footprint/burrmill/crates/burrmill)
   Compiling consumer_d v0.1.0 (/home/pepe/scratch/burrmill-footprint/D)
    Finished `dev` profile [unoptimized] target(s) in 16.37s
### nodebug_test_clean_j8: cargo test --no-run -j8
   Compiling proc-macro2 v1.0.107
   Compiling quote v1.0.47
   Compiling unicode-ident v1.0.24
   Compiling cfg-if v1.0.5
   Compiling autocfg v1.5.1
   Compiling libc v0.2.189
   Compiling libm v0.2.16
   Compiling version_check v0.9.5
   Compiling zerocopy v0.8.57
   Compiling once_cell v1.21.4
   Compiling getrandom v0.3.4
   Compiling memchr v2.8.3
   Compiling bytes v1.12.1
   Compiling num-traits v0.2.19
   Compiling ahash v0.8.12
   Compiling arrow-schema v59.3.0
   Compiling iana-time-zone v0.1.65
   Compiling hashbrown v0.17.1
   Compiling shlex v2.0.1
   Compiling object v0.39.1
   Compiling lexical-util v1.0.7
   Compiling syn v2.0.119
   Compiling syn v3.0.5
   Compiling find-msvc-tools v0.1.12
   Compiling cc v1.4.6
   Compiling generic-array v0.14.7
   Compiling serde_core v1.0.229
   Compiling num-integer v0.1.47
   Compiling num-complex v0.4.6
   Compiling chrono v0.4.45
   Compiling bitflags v2.13.2
   Compiling num-bigint v0.5.1
   Compiling semver v1.0.28
   Compiling lexical-parse-integer v1.0.6
   Compiling rustc_version v0.4.1
   Compiling lexical-write-integer v1.0.6
   Compiling aho-corasick v1.1.5
   Compiling typenum v1.20.1
   Compiling utf8parse v0.2.2
   Compiling regex-syntax v0.8.11
   Compiling crossbeam-utils v0.8.23
   Compiling anstyle-parse v1.0.0
   Compiling lexical-write-float v1.0.6
   Compiling flatbuffers v25.12.19
   Compiling lexical-parse-float v1.0.6
   Compiling pin-project-lite v0.2.17
   Compiling anstyle-query v1.1.5
   Compiling ryu v1.0.23
   Compiling colorchoice v1.0.5
   Compiling is_terminal_polyfill v1.70.2
   Compiling base64 v0.23.1
   Compiling itoa v1.0.18
   Compiling anstyle v1.0.14
   Compiling crossbeam-epoch v0.9.21
   Compiling futures-core v0.3.34
   Compiling zmij v1.0.23
   Compiling futures-sink v0.3.34
   Compiling anstream v1.0.0
   Compiling regex-automata v0.4.18
   Compiling futures-channel v0.3.34
   Compiling lexical-core v1.0.6
   Compiling stacker v0.1.25
   Compiling atoi v2.0.0
   Compiling getrandom v0.2.17
   Compiling ar_archive_writer v0.5.3
   Compiling serde_json v1.0.151
   Compiling futures-task v0.3.34
   Compiling futures-macro v0.3.34
   Compiling slab v0.4.12
   Compiling equivalent v1.0.2
   Compiling futures-io v0.3.34
   Compiling strsim v0.11.1
   Compiling heck v0.5.0
   Compiling rustix v1.1.4
   Compiling crossbeam-deque v0.8.8
   Compiling getrandom v0.4.3
   Compiling clap_lex v1.1.1
   Compiling clap_builder v4.6.7
   Compiling futures-util v0.3.34
   Compiling clap_derive v4.6.7
   Compiling enum-ordinalize-derive v4.4.2
   Compiling rand_core v0.6.4
   Compiling psm v0.1.32
   Compiling zerocopy-derive v0.8.57
   Compiling crypto-common v0.1.7
   Compiling regex v1.13.1
   Compiling block-buffer v0.10.4
   Compiling csv-core v0.1.13
   Compiling fs-err v3.3.1
   Compiling either v1.18.0
   Compiling rayon-core v1.13.0
   Compiling thiserror v2.0.20
   Compiling linux-raw-sys v0.12.1
   Compiling snap v1.1.2
   Compiling csv v1.4.0
   Compiling digest v0.10.7
   Compiling clap v4.6.7
   Compiling enum-ordinalize v4.4.2
   Compiling tracing-attributes v0.1.31
   Compiling recursive-proc-macro-impl v0.1.1
   Compiling indexmap v2.14.2
   Compiling thiserror-impl v2.0.20
   Compiling futures-executor v0.3.34
   Compiling tracing-core v0.1.36
   Compiling escape8259 v0.5.3
   Compiling unicode-width v0.1.14
   Compiling fastrand v2.5.0
   Compiling simdutf8 v0.1.5
   Compiling tempfile v3.27.0
   Compiling subst v0.3.8
   Compiling libtest-mimic v0.8.2
   Compiling tracing v0.1.44
   Compiling futures v0.3.34
   Compiling recursive v0.1.1
   Compiling educe v0.6.0
   Compiling md-5 v0.10.6
   Compiling itertools v0.13.0
   Compiling async-trait v0.1.92
   Compiling seq-macro v0.3.6
   Compiling allocator-api2 v0.2.21
   Compiling twox-hash v2.1.4
   Compiling owo-colors v4.4.0
   Compiling glob v0.3.4
   Compiling similar v2.7.0
   Compiling log v0.4.34
   Compiling foldhash v0.2.0
   Compiling humantime v2.4.0
   Compiling hashbrown v0.16.1
   Compiling sqlparser v0.62.0
   Compiling rayon v1.12.0
   Compiling rustc-hash v2.1.3
   Compiling half v2.7.1
   Compiling ppv-lite86 v0.2.21
   Compiling rand_chacha v0.3.1
   Compiling arrow-buffer v59.3.0
   Compiling rand v0.8.8
   Compiling sqllogictest v0.28.4
   Compiling arrow-data v59.3.0
   Compiling arrow-array v59.3.0
   Compiling arrow-select v59.3.0
   Compiling arrow-arith v59.3.0
   Compiling arrow-row v59.3.0
   Compiling arrow-ord v59.3.0
   Compiling arrow-ipc v59.3.0
   Compiling arrow-string v59.3.0
   Compiling parquet v59.3.0
   Compiling arrow-cast v59.3.0
   Compiling arrow-json v59.3.0
   Compiling arrow-csv v59.3.0
   Compiling arrow v59.3.0
   Compiling burrmill v0.0.1 (/home/pepe/scratch/burrmill-footprint/burrmill/crates/burrmill)
   Compiling consumer_d v0.1.0 (/home/pepe/scratch/burrmill-footprint/D)
    Finished `test` profile [unoptimized] target(s) in 34.31s
  Executable unittests src/lib.rs (target-nodebug/debug/deps/consumer-bd009a5bcab3ad0b)
  Executable unittests src/main.rs (target-nodebug/debug/deps/consumer_bin-428aa5f93448bfc9)
  Executable tests/t01.rs (target-nodebug/debug/deps/t01-1da00f56a119d8c2)
  Executable tests/t02.rs (target-nodebug/debug/deps/t02-9f9bbcb3c151d93d)
  Executable tests/t03.rs (target-nodebug/debug/deps/t03-7f0ac0c85ea13628)
  Executable tests/t04.rs (target-nodebug/debug/deps/t04-a90089cd1a5fd79e)
  Executable tests/t05.rs (target-nodebug/debug/deps/t05-52bdcbfc3c35f2e1)
  Executable tests/t06.rs (target-nodebug/debug/deps/t06-04b9da2526687d18)
  Executable tests/t07.rs (target-nodebug/debug/deps/t07-b526c5b9f8b83bea)
  Executable tests/t08.rs (target-nodebug/debug/deps/t08-8efc609596931bb8)
  Executable tests/t09.rs (target-nodebug/debug/deps/t09-708b4f6a78a45ea6)
  Executable tests/t10.rs (target-nodebug/debug/deps/t10-4cbd9991b70be40b)
  Executable tests/t11.rs (target-nodebug/debug/deps/t11-543d8d336f14f737)
  Executable tests/t12.rs (target-nodebug/debug/deps/t12-d33beec3fbd4658b)
  Executable tests/t13.rs (target-nodebug/debug/deps/t13-b2c90eaa709a6330)
  Executable tests/t14.rs (target-nodebug/debug/deps/t14-00112292d6e73776)
  Executable tests/t15.rs (target-nodebug/debug/deps/t15-405fe20394a9ff42)
  Executable tests/t16.rs (target-nodebug/debug/deps/t16-f84c37cdf4b76592)
  Executable tests/t17.rs (target-nodebug/debug/deps/t17-12c01c1ededf4624)
  Executable tests/t18.rs (target-nodebug/debug/deps/t18-4d895d043c1a9a94)
  Executable tests/t19.rs (target-nodebug/debug/deps/t19-5fc8e7f420ae90cf)
  Executable tests/t20.rs (target-nodebug/debug/deps/t20-f9811e844d62f9cf)
### nodebug_build_clean_j32: cargo build -j32
   Compiling proc-macro2 v1.0.107
   Compiling unicode-ident v1.0.24
   Compiling quote v1.0.47
   Compiling cfg-if v1.0.5
   Compiling autocfg v1.5.1
   Compiling libc v0.2.189
   Compiling libm v0.2.16
   Compiling version_check v0.9.5
   Compiling zerocopy v0.8.57
   Compiling once_cell v1.21.4
   Compiling getrandom v0.3.4
   Compiling memchr v2.8.3
   Compiling bytes v1.12.1
   Compiling arrow-schema v59.3.0
   Compiling iana-time-zone v0.1.65
   Compiling hashbrown v0.17.1
   Compiling lexical-util v1.0.7
   Compiling shlex v2.0.1
   Compiling object v0.39.1
   Compiling find-msvc-tools v0.1.12
   Compiling bitflags v2.13.2
   Compiling serde_core v1.0.229
   Compiling semver v1.0.28
   Compiling typenum v1.20.1
   Compiling regex-syntax v0.8.11
   Compiling utf8parse v0.2.2
   Compiling crossbeam-utils v0.8.23
   Compiling colorchoice v1.0.5
   Compiling anstyle v1.0.14
   Compiling base64 v0.23.1
   Compiling ryu v1.0.23
   Compiling futures-sink v0.3.34
   Compiling anstyle-parse v1.0.0
   Compiling zmij v1.0.23
   Compiling futures-core v0.3.34
   Compiling crossbeam-epoch v0.9.21
   Compiling pin-project-lite v0.2.17
   Compiling is_terminal_polyfill v1.70.2
   Compiling cc v1.4.6
   Compiling itoa v1.0.18
   Compiling anstyle-query v1.1.5
   Compiling futures-channel v0.3.34
   Compiling futures-io v0.3.34
   Compiling futures-task v0.3.34
   Compiling slab v0.4.12
   Compiling equivalent v1.0.2
   Compiling heck v0.5.0
   Compiling strsim v0.11.1
   Compiling anstream v1.0.0
   Compiling rustix v1.1.4
   Compiling getrandom v0.4.3
   Compiling crossbeam-deque v0.8.8
   Compiling clap_lex v1.1.1
   Compiling serde_json v1.0.151
   Compiling ahash v0.8.12
   Compiling generic-array v0.14.7
   Compiling rustc_version v0.4.1
   Compiling snap v1.1.2
   Compiling rayon-core v1.13.0
   Compiling linux-raw-sys v0.12.1
   Compiling either v1.18.0
   Compiling thiserror v2.0.20
   Compiling tracing-core v0.1.36
   Compiling unicode-width v0.1.14
   Compiling lexical-parse-integer v1.0.6
   Compiling lexical-write-integer v1.0.6
   Compiling num-traits v0.2.19
   Compiling fs-err v3.3.1
   Compiling fastrand v2.5.0
   Compiling escape8259 v0.5.3
   Compiling clap_builder v4.6.7
   Compiling indexmap v2.14.2
   Compiling lexical-parse-float v1.0.6
   Compiling simdutf8 v0.1.5
   Compiling twox-hash v2.1.4
   Compiling seq-macro v0.3.6
   Compiling aho-corasick v1.1.5
   Compiling csv-core v0.1.13
   Compiling allocator-api2 v0.2.21
   Compiling foldhash v0.2.0
   Compiling subst v0.3.8
   Compiling lexical-write-float v1.0.6
   Compiling glob v0.3.4
   Compiling humantime v2.4.0
   Compiling flatbuffers v25.12.19
   Compiling itertools v0.13.0
   Compiling similar v2.7.0
   Compiling owo-colors v4.4.0
   Compiling log v0.4.34
   Compiling rustc-hash v2.1.3
   Compiling lexical-core v1.0.6
   Compiling syn v2.0.119
   Compiling syn v3.0.5
   Compiling stacker v0.1.25
   Compiling hashbrown v0.16.1
   Compiling crypto-common v0.1.7
   Compiling block-buffer v0.10.4
   Compiling digest v0.10.7
   Compiling md-5 v0.10.6
   Compiling getrandom v0.2.17
   Compiling rand_core v0.6.4
   Compiling rayon v1.12.0
   Compiling tempfile v3.27.0
   Compiling num-integer v0.1.47
   Compiling chrono v0.4.45
   Compiling num-complex v0.4.6
   Compiling atoi v2.0.0
   Compiling num-bigint v0.5.1
   Compiling regex-automata v0.4.18
   Compiling csv v1.4.0
   Compiling futures-macro v0.3.34
   Compiling clap_derive v4.6.7
   Compiling enum-ordinalize-derive v4.4.2
   Compiling thiserror-impl v2.0.20
   Compiling async-trait v0.1.92
   Compiling enum-ordinalize v4.4.2
   Compiling futures-util v0.3.34
   Compiling regex v1.13.1
   Compiling zerocopy-derive v0.8.57
   Compiling recursive-proc-macro-impl v0.1.1
   Compiling tracing-attributes v0.1.31
   Compiling educe v0.6.0
   Compiling ar_archive_writer v0.5.3
   Compiling clap v4.6.7
   Compiling libtest-mimic v0.8.2
   Compiling psm v0.1.32
   Compiling tracing v0.1.44
   Compiling recursive v0.1.1
   Compiling sqlparser v0.62.0
   Compiling futures-executor v0.3.34
   Compiling futures v0.3.34
   Compiling half v2.7.1
   Compiling ppv-lite86 v0.2.21
   Compiling rand_chacha v0.3.1
   Compiling arrow-buffer v59.3.0
   Compiling rand v0.8.8
   Compiling arrow-data v59.3.0
   Compiling sqllogictest v0.28.4
   Compiling arrow-array v59.3.0
   Compiling arrow-select v59.3.0
   Compiling arrow-row v59.3.0
   Compiling arrow-arith v59.3.0
   Compiling arrow-ord v59.3.0
   Compiling arrow-ipc v59.3.0
   Compiling arrow-string v59.3.0
   Compiling arrow-cast v59.3.0
   Compiling parquet v59.3.0
   Compiling arrow-json v59.3.0
   Compiling arrow-csv v59.3.0
   Compiling arrow v59.3.0
   Compiling burrmill v0.0.1 (/home/pepe/scratch/burrmill-footprint/burrmill/crates/burrmill)
   Compiling consumer_d v0.1.0 (/home/pepe/scratch/burrmill-footprint/D)
    Finished `dev` profile [unoptimized] target(s) in 15.76s
### nodebug_test_clean_j32: cargo test --no-run -j32
   Compiling proc-macro2 v1.0.107
   Compiling unicode-ident v1.0.24
   Compiling quote v1.0.47
   Compiling cfg-if v1.0.5
   Compiling autocfg v1.5.1
   Compiling libc v0.2.189
   Compiling version_check v0.9.5
   Compiling libm v0.2.16
   Compiling zerocopy v0.8.57
   Compiling once_cell v1.21.4
   Compiling memchr v2.8.3
   Compiling getrandom v0.3.4
   Compiling bytes v1.12.1
   Compiling arrow-schema v59.3.0
   Compiling hashbrown v0.17.1
   Compiling iana-time-zone v0.1.65
   Compiling shlex v2.0.1
   Compiling find-msvc-tools v0.1.12
   Compiling object v0.39.1
   Compiling lexical-util v1.0.7
   Compiling serde_core v1.0.229
   Compiling semver v1.0.28
   Compiling bitflags v2.13.2
   Compiling typenum v1.20.1
   Compiling regex-syntax v0.8.11
   Compiling utf8parse v0.2.2
   Compiling crossbeam-utils v0.8.23
   Compiling futures-core v0.3.34
   Compiling itoa v1.0.18
   Compiling anstyle-query v1.1.5
   Compiling colorchoice v1.0.5
   Compiling crossbeam-epoch v0.9.21
   Compiling anstyle-parse v1.0.0
   Compiling ryu v1.0.23
   Compiling zmij v1.0.23
   Compiling base64 v0.23.1
   Compiling cc v1.4.6
   Compiling anstyle v1.0.14
   Compiling pin-project-lite v0.2.17
   Compiling is_terminal_polyfill v1.70.2
   Compiling futures-sink v0.3.34
   Compiling serde_json v1.0.151
   Compiling crossbeam-deque v0.8.8
   Compiling equivalent v1.0.2
   Compiling clap_lex v1.1.1
   Compiling strsim v0.11.1
   Compiling heck v0.5.0
   Compiling getrandom v0.4.3
   Compiling futures-task v0.3.34
   Compiling rustix v1.1.4
   Compiling futures-io v0.3.34
   Compiling rustc_version v0.4.1
   Compiling futures-channel v0.3.34
   Compiling ahash v0.8.12
   Compiling generic-array v0.14.7
   Compiling anstream v1.0.0
   Compiling slab v0.4.12
   Compiling linux-raw-sys v0.12.1
   Compiling thiserror v2.0.20
   Compiling rayon-core v1.13.0
   Compiling snap v1.1.2
   Compiling num-traits v0.2.19
   Compiling fs-err v3.3.1
   Compiling either v1.18.0
   Compiling tracing-core v0.1.36
   Compiling escape8259 v0.5.3
   Compiling simdutf8 v0.1.5
   Compiling lexical-parse-integer v1.0.6
   Compiling lexical-write-integer v1.0.6
   Compiling unicode-width v0.1.14
   Compiling fastrand v2.5.0
   Compiling clap_builder v4.6.7
   Compiling log v0.4.34
   Compiling aho-corasick v1.1.5
   Compiling flatbuffers v25.12.19
   Compiling lexical-parse-float v1.0.6
   Compiling csv-core v0.1.13
   Compiling glob v0.3.4
   Compiling owo-colors v4.4.0
   Compiling itertools v0.13.0
   Compiling indexmap v2.14.2
   Compiling seq-macro v0.3.6
   Compiling foldhash v0.2.0
   Compiling lexical-write-float v1.0.6
   Compiling subst v0.3.8
   Compiling similar v2.7.0
   Compiling allocator-api2 v0.2.21
   Compiling humantime v2.4.0
   Compiling twox-hash v2.1.4
   Compiling rustc-hash v2.1.3
   Compiling lexical-core v1.0.6
   Compiling syn v2.0.119
   Compiling syn v3.0.5
   Compiling hashbrown v0.16.1
   Compiling stacker v0.1.25
   Compiling block-buffer v0.10.4
   Compiling crypto-common v0.1.7
   Compiling digest v0.10.7
   Compiling getrandom v0.2.17
   Compiling rayon v1.12.0
   Compiling md-5 v0.10.6
   Compiling rand_core v0.6.4
   Compiling regex-automata v0.4.18
   Compiling num-integer v0.1.47
   Compiling chrono v0.4.45
   Compiling num-complex v0.4.6
   Compiling atoi v2.0.0
   Compiling tempfile v3.27.0
   Compiling num-bigint v0.5.1
   Compiling csv v1.4.0
   Compiling ar_archive_writer v0.5.3
   Compiling zerocopy-derive v0.8.57
   Compiling recursive-proc-macro-impl v0.1.1
   Compiling tracing-attributes v0.1.31
   Compiling regex v1.13.1
   Compiling psm v0.1.32
   Compiling futures-macro v0.3.34
   Compiling clap_derive v4.6.7
   Compiling enum-ordinalize-derive v4.4.2
   Compiling thiserror-impl v2.0.20
   Compiling async-trait v0.1.92
   Compiling recursive v0.1.1
   Compiling tracing v0.1.44
   Compiling sqlparser v0.62.0
   Compiling enum-ordinalize v4.4.2
   Compiling educe v0.6.0
   Compiling futures-util v0.3.34
   Compiling clap v4.6.7
   Compiling libtest-mimic v0.8.2
   Compiling futures-executor v0.3.34
   Compiling futures v0.3.34
   Compiling half v2.7.1
   Compiling ppv-lite86 v0.2.21
   Compiling rand_chacha v0.3.1
   Compiling arrow-buffer v59.3.0
   Compiling rand v0.8.8
   Compiling arrow-data v59.3.0
   Compiling sqllogictest v0.28.4
   Compiling arrow-array v59.3.0
   Compiling arrow-select v59.3.0
   Compiling arrow-arith v59.3.0
   Compiling arrow-row v59.3.0
   Compiling arrow-ord v59.3.0
   Compiling arrow-ipc v59.3.0
   Compiling arrow-string v59.3.0
   Compiling parquet v59.3.0
   Compiling arrow-cast v59.3.0
   Compiling arrow-csv v59.3.0
   Compiling arrow-json v59.3.0
   Compiling arrow v59.3.0
   Compiling burrmill v0.0.1 (/home/pepe/scratch/burrmill-footprint/burrmill/crates/burrmill)
   Compiling consumer_d v0.1.0 (/home/pepe/scratch/burrmill-footprint/D)
    Finished `test` profile [unoptimized] target(s) in 13.47s
  Executable unittests src/lib.rs (target-nodebug/debug/deps/consumer-bd009a5bcab3ad0b)
  Executable unittests src/main.rs (target-nodebug/debug/deps/consumer_bin-428aa5f93448bfc9)
  Executable tests/t01.rs (target-nodebug/debug/deps/t01-1da00f56a119d8c2)
  Executable tests/t02.rs (target-nodebug/debug/deps/t02-9f9bbcb3c151d93d)
  Executable tests/t03.rs (target-nodebug/debug/deps/t03-7f0ac0c85ea13628)
  Executable tests/t04.rs (target-nodebug/debug/deps/t04-a90089cd1a5fd79e)
  Executable tests/t05.rs (target-nodebug/debug/deps/t05-52bdcbfc3c35f2e1)
  Executable tests/t06.rs (target-nodebug/debug/deps/t06-04b9da2526687d18)
  Executable tests/t07.rs (target-nodebug/debug/deps/t07-b526c5b9f8b83bea)
  Executable tests/t08.rs (target-nodebug/debug/deps/t08-8efc609596931bb8)
  Executable tests/t09.rs (target-nodebug/debug/deps/t09-708b4f6a78a45ea6)
  Executable tests/t10.rs (target-nodebug/debug/deps/t10-4cbd9991b70be40b)
  Executable tests/t11.rs (target-nodebug/debug/deps/t11-543d8d336f14f737)
  Executable tests/t12.rs (target-nodebug/debug/deps/t12-d33beec3fbd4658b)
  Executable tests/t13.rs (target-nodebug/debug/deps/t13-b2c90eaa709a6330)
  Executable tests/t14.rs (target-nodebug/debug/deps/t14-00112292d6e73776)
  Executable tests/t15.rs (target-nodebug/debug/deps/t15-405fe20394a9ff42)
  Executable tests/t16.rs (target-nodebug/debug/deps/t16-f84c37cdf4b76592)
  Executable tests/t17.rs (target-nodebug/debug/deps/t17-12c01c1ededf4624)
  Executable tests/t18.rs (target-nodebug/debug/deps/t18-4d895d043c1a9a94)
  Executable tests/t19.rs (target-nodebug/debug/deps/t19-5fc8e7f420ae90cf)
  Executable tests/t20.rs (target-nodebug/debug/deps/t20-f9811e844d62f9cf)
### nodebug_incr_lib_test: cargo test --no-run -j32
   Compiling consumer_d v0.1.0 (/home/pepe/scratch/burrmill-footprint/D)
    Finished `test` profile [unoptimized] target(s) in 1.10s
  Executable unittests src/lib.rs (target-nodebug/debug/deps/consumer-bd009a5bcab3ad0b)
  Executable unittests src/main.rs (target-nodebug/debug/deps/consumer_bin-428aa5f93448bfc9)
  Executable tests/t01.rs (target-nodebug/debug/deps/t01-1da00f56a119d8c2)
  Executable tests/t02.rs (target-nodebug/debug/deps/t02-9f9bbcb3c151d93d)
  Executable tests/t03.rs (target-nodebug/debug/deps/t03-7f0ac0c85ea13628)
  Executable tests/t04.rs (target-nodebug/debug/deps/t04-a90089cd1a5fd79e)
  Executable tests/t05.rs (target-nodebug/debug/deps/t05-52bdcbfc3c35f2e1)
  Executable tests/t06.rs (target-nodebug/debug/deps/t06-04b9da2526687d18)
  Executable tests/t07.rs (target-nodebug/debug/deps/t07-b526c5b9f8b83bea)
  Executable tests/t08.rs (target-nodebug/debug/deps/t08-8efc609596931bb8)
  Executable tests/t09.rs (target-nodebug/debug/deps/t09-708b4f6a78a45ea6)
  Executable tests/t10.rs (target-nodebug/debug/deps/t10-4cbd9991b70be40b)
  Executable tests/t11.rs (target-nodebug/debug/deps/t11-543d8d336f14f737)
  Executable tests/t12.rs (target-nodebug/debug/deps/t12-d33beec3fbd4658b)
  Executable tests/t13.rs (target-nodebug/debug/deps/t13-b2c90eaa709a6330)
  Executable tests/t14.rs (target-nodebug/debug/deps/t14-00112292d6e73776)
  Executable tests/t15.rs (target-nodebug/debug/deps/t15-405fe20394a9ff42)
  Executable tests/t16.rs (target-nodebug/debug/deps/t16-f84c37cdf4b76592)
  Executable tests/t17.rs (target-nodebug/debug/deps/t17-12c01c1ededf4624)
  Executable tests/t18.rs (target-nodebug/debug/deps/t18-4d895d043c1a9a94)
  Executable tests/t19.rs (target-nodebug/debug/deps/t19-5fc8e7f420ae90cf)
  Executable tests/t20.rs (target-nodebug/debug/deps/t20-f9811e844d62f9cf)
### nodebug_incr_lib_build: cargo build -j32
   Compiling consumer_d v0.1.0 (/home/pepe/scratch/burrmill-footprint/D)
    Finished `dev` profile [unoptimized] target(s) in 0.42s
### nodebug_incr_test_test: cargo test --no-run -j32
   Compiling consumer_d v0.1.0 (/home/pepe/scratch/burrmill-footprint/D)
    Finished `test` profile [unoptimized] target(s) in 1.05s
  Executable unittests src/lib.rs (target-nodebug/debug/deps/consumer-bd009a5bcab3ad0b)
  Executable unittests src/main.rs (target-nodebug/debug/deps/consumer_bin-428aa5f93448bfc9)
  Executable tests/t01.rs (target-nodebug/debug/deps/t01-1da00f56a119d8c2)
  Executable tests/t02.rs (target-nodebug/debug/deps/t02-9f9bbcb3c151d93d)
  Executable tests/t03.rs (target-nodebug/debug/deps/t03-7f0ac0c85ea13628)
  Executable tests/t04.rs (target-nodebug/debug/deps/t04-a90089cd1a5fd79e)
  Executable tests/t05.rs (target-nodebug/debug/deps/t05-52bdcbfc3c35f2e1)
  Executable tests/t06.rs (target-nodebug/debug/deps/t06-04b9da2526687d18)
  Executable tests/t07.rs (target-nodebug/debug/deps/t07-b526c5b9f8b83bea)
  Executable tests/t08.rs (target-nodebug/debug/deps/t08-8efc609596931bb8)
  Executable tests/t09.rs (target-nodebug/debug/deps/t09-708b4f6a78a45ea6)
  Executable tests/t10.rs (target-nodebug/debug/deps/t10-4cbd9991b70be40b)
  Executable tests/t11.rs (target-nodebug/debug/deps/t11-543d8d336f14f737)
  Executable tests/t12.rs (target-nodebug/debug/deps/t12-d33beec3fbd4658b)
  Executable tests/t13.rs (target-nodebug/debug/deps/t13-b2c90eaa709a6330)
  Executable tests/t14.rs (target-nodebug/debug/deps/t14-00112292d6e73776)
  Executable tests/t15.rs (target-nodebug/debug/deps/t15-405fe20394a9ff42)
  Executable tests/t16.rs (target-nodebug/debug/deps/t16-f84c37cdf4b76592)
  Executable tests/t17.rs (target-nodebug/debug/deps/t17-12c01c1ededf4624)
  Executable tests/t18.rs (target-nodebug/debug/deps/t18-4d895d043c1a9a94)
  Executable tests/t19.rs (target-nodebug/debug/deps/t19-5fc8e7f420ae90cf)
  Executable tests/t20.rs (target-nodebug/debug/deps/t20-f9811e844d62f9cf)
### release_build_j32: cargo build --release -j32
   Compiling proc-macro2 v1.0.107
   Compiling quote v1.0.47
   Compiling unicode-ident v1.0.24
   Compiling cfg-if v1.0.5
   Compiling autocfg v1.5.1
   Compiling libc v0.2.189
   Compiling libm v0.2.16
   Compiling version_check v0.9.5
   Compiling zerocopy v0.8.57
   Compiling once_cell v1.21.4
   Compiling memchr v2.8.3
   Compiling getrandom v0.3.4
   Compiling bytes v1.12.1
   Compiling iana-time-zone v0.1.65
   Compiling arrow-schema v59.3.0
   Compiling hashbrown v0.17.1
   Compiling lexical-util v1.0.7
   Compiling object v0.39.1
   Compiling find-msvc-tools v0.1.12
   Compiling shlex v2.0.1
   Compiling semver v1.0.28
   Compiling bitflags v2.13.2
   Compiling serde_core v1.0.229
   Compiling utf8parse v0.2.2
   Compiling regex-syntax v0.8.11
   Compiling typenum v1.20.1
   Compiling crossbeam-utils v0.8.23
   Compiling pin-project-lite v0.2.17
   Compiling futures-core v0.3.34
   Compiling crossbeam-epoch v0.9.21
   Compiling colorchoice v1.0.5
   Compiling ryu v1.0.23
   Compiling anstyle-parse v1.0.0
   Compiling itoa v1.0.18
   Compiling is_terminal_polyfill v1.70.2
   Compiling anstyle-query v1.1.5
   Compiling anstyle v1.0.14
   Compiling cc v1.4.6
   Compiling base64 v0.23.1
   Compiling futures-sink v0.3.34
   Compiling zmij v1.0.23
   Compiling futures-io v0.3.34
   Compiling clap_lex v1.1.1
   Compiling serde_json v1.0.151
   Compiling futures-channel v0.3.34
   Compiling rustc_version v0.4.1
   Compiling futures-task v0.3.34
   Compiling slab v0.4.12
   Compiling ahash v0.8.12
   Compiling generic-array v0.14.7
   Compiling anstream v1.0.0
   Compiling rustix v1.1.4
   Compiling crossbeam-deque v0.8.8
   Compiling strsim v0.11.1
   Compiling getrandom v0.4.3
   Compiling equivalent v1.0.2
   Compiling heck v0.5.0
   Compiling rayon-core v1.13.0
   Compiling num-traits v0.2.19
   Compiling lexical-write-integer v1.0.6
   Compiling lexical-parse-integer v1.0.6
   Compiling fs-err v3.3.1
   Compiling linux-raw-sys v0.12.1
   Compiling snap v1.1.2
   Compiling either v1.18.0
   Compiling thiserror v2.0.20
   Compiling tracing-core v0.1.36
   Compiling flatbuffers v25.12.19
   Compiling unicode-width v0.1.14
   Compiling aho-corasick v1.1.5
   Compiling clap_builder v4.6.7
   Compiling lexical-parse-float v1.0.6
   Compiling csv-core v0.1.13
   Compiling escape8259 v0.5.3
   Compiling simdutf8 v0.1.5
   Compiling fastrand v2.5.0
   Compiling itertools v0.13.0
   Compiling lexical-write-float v1.0.6
   Compiling subst v0.3.8
   Compiling indexmap v2.14.2
   Compiling owo-colors v4.4.0
   Compiling humantime v2.4.0
   Compiling syn v2.0.119
   Compiling syn v3.0.5
   Compiling similar v2.7.0
   Compiling seq-macro v0.3.6
   Compiling lexical-core v1.0.6
   Compiling log v0.4.34
   Compiling allocator-api2 v0.2.21
   Compiling foldhash v0.2.0
   Compiling getrandom v0.2.17
   Compiling glob v0.3.4
   Compiling twox-hash v2.1.4
   Compiling rustc-hash v2.1.3
   Compiling rand_core v0.6.4
   Compiling hashbrown v0.16.1
   Compiling block-buffer v0.10.4
   Compiling crypto-common v0.1.7
   Compiling stacker v0.1.25
   Compiling digest v0.10.7
   Compiling md-5 v0.10.6
   Compiling num-integer v0.1.47
   Compiling chrono v0.4.45
   Compiling num-complex v0.4.6
   Compiling atoi v2.0.0
   Compiling rayon v1.12.0
   Compiling num-bigint v0.5.1
   Compiling regex-automata v0.4.18
   Compiling csv v1.4.0
   Compiling tempfile v3.27.0
   Compiling ar_archive_writer v0.5.3
   Compiling zerocopy-derive v0.8.57
   Compiling tracing-attributes v0.1.31
   Compiling recursive-proc-macro-impl v0.1.1
   Compiling futures-macro v0.3.34
   Compiling enum-ordinalize-derive v4.4.2
   Compiling clap_derive v4.6.7
   Compiling thiserror-impl v2.0.20
   Compiling async-trait v0.1.92
   Compiling psm v0.1.32
   Compiling enum-ordinalize v4.4.2
   Compiling educe v0.6.0
   Compiling futures-util v0.3.34
   Compiling tracing v0.1.44
   Compiling recursive v0.1.1
   Compiling sqlparser v0.62.0
   Compiling regex v1.13.1
   Compiling clap v4.6.7
   Compiling libtest-mimic v0.8.2
   Compiling futures-executor v0.3.34
   Compiling futures v0.3.34
   Compiling half v2.7.1
   Compiling ppv-lite86 v0.2.21
   Compiling rand_chacha v0.3.1
   Compiling arrow-buffer v59.3.0
   Compiling rand v0.8.8
   Compiling sqllogictest v0.28.4
   Compiling arrow-data v59.3.0
   Compiling arrow-array v59.3.0
   Compiling arrow-select v59.3.0
   Compiling arrow-row v59.3.0
   Compiling arrow-arith v59.3.0
   Compiling arrow-ord v59.3.0
   Compiling arrow-ipc v59.3.0
   Compiling arrow-string v59.3.0
   Compiling parquet v59.3.0
   Compiling arrow-cast v59.3.0
   Compiling arrow-json v59.3.0
   Compiling arrow-csv v59.3.0
   Compiling arrow v59.3.0
   Compiling burrmill v0.0.1 (/home/pepe/scratch/burrmill-footprint/burrmill/crates/burrmill)
   Compiling consumer_d v0.1.0 (/home/pepe/scratch/burrmill-footprint/D)
    Finished `release` profile [optimized] target(s) in 43.95s
### musl_build: cargo build --release --target x86_64-unknown-linux-musl -j32
   Compiling proc-macro2 v1.0.107
   Compiling quote v1.0.47
   Compiling unicode-ident v1.0.24
   Compiling cfg-if v1.0.5
   Compiling autocfg v1.5.1
   Compiling libc v0.2.189
   Compiling version_check v0.9.5
   Compiling libm v0.2.16
   Compiling zerocopy v0.8.57
   Compiling once_cell v1.21.4
   Compiling memchr v2.8.3
   Compiling getrandom v0.3.4
   Compiling bytes v1.12.1
   Compiling hashbrown v0.17.1
   Compiling arrow-schema v59.3.0
   Compiling iana-time-zone v0.1.65
   Compiling find-msvc-tools v0.1.12
   Compiling shlex v2.0.1
   Compiling lexical-util v1.0.7
   Compiling object v0.39.1
   Compiling semver v1.0.28
   Compiling serde_core v1.0.229
   Compiling bitflags v2.13.2
   Compiling regex-syntax v0.8.11
   Compiling utf8parse v0.2.2
   Compiling crossbeam-utils v0.8.23
   Compiling typenum v1.20.1
   Compiling is_terminal_polyfill v1.70.2
   Compiling futures-core v0.3.34
   Compiling base64 v0.23.1
   Compiling itoa v1.0.18
   Compiling colorchoice v1.0.5
   Compiling ryu v1.0.23
   Compiling cc v1.4.6
   Compiling anstyle-parse v1.0.0
   Compiling anstyle-query v1.1.5
   Compiling futures-sink v0.3.34
   Compiling crossbeam-epoch v0.9.21
   Compiling pin-project-lite v0.2.17
   Compiling anstyle v1.0.14
   Compiling zmij v1.0.23
   Compiling futures-channel v0.3.34
   Compiling rustc_version v0.4.1
   Compiling crossbeam-deque v0.8.8
   Compiling futures-io v0.3.34
   Compiling ahash v0.8.12
   Compiling generic-array v0.14.7
   Compiling rustix v1.1.4
   Compiling slab v0.4.12
   Compiling equivalent v1.0.2
   Compiling serde_json v1.0.151
   Compiling strsim v0.11.1
   Compiling anstream v1.0.0
   Compiling futures-task v0.3.34
   Compiling getrandom v0.4.3
   Compiling num-traits v0.2.19
   Compiling clap_lex v1.1.1
   Compiling lexical-write-integer v1.0.6
   Compiling lexical-parse-integer v1.0.6
   Compiling heck v0.5.0
   Compiling fs-err v3.3.1
   Compiling flatbuffers v25.12.19
   Compiling linux-raw-sys v0.12.1
   Compiling either v1.18.0
   Compiling rayon-core v1.13.0
   Compiling thiserror v2.0.20
   Compiling snap v1.1.2
   Compiling tracing-core v0.1.36
   Compiling aho-corasick v1.1.5
   Compiling lexical-parse-float v1.0.6
   Compiling csv-core v0.1.13
   Compiling clap_builder v4.6.7
   Compiling escape8259 v0.5.3
   Compiling unicode-width v0.1.14
   Compiling lexical-write-float v1.0.6
   Compiling fastrand v2.5.0
   Compiling simdutf8 v0.1.5
   Compiling indexmap v2.14.2
   Compiling subst v0.3.8
   Compiling itertools v0.13.0
   Compiling similar v2.7.0
   Compiling glob v0.3.4
   Compiling syn v2.0.119
   Compiling syn v3.0.5
   Compiling allocator-api2 v0.2.21
   Compiling foldhash v0.2.0
   Compiling lexical-core v1.0.6
   Compiling owo-colors v4.4.0
   Compiling humantime v2.4.0
   Compiling twox-hash v2.1.4
   Compiling seq-macro v0.3.6
   Compiling log v0.4.34
   Compiling rustc-hash v2.1.3
   Compiling getrandom v0.2.17
   Compiling hashbrown v0.16.1
   Compiling rand_core v0.6.4
   Compiling crypto-common v0.1.7
   Compiling block-buffer v0.10.4
   Compiling stacker v0.1.25
   Compiling digest v0.10.7
   Compiling rayon v1.12.0
   Compiling md-5 v0.10.6
   Compiling num-integer v0.1.47
   Compiling num-complex v0.4.6
   Compiling chrono v0.4.45
   Compiling atoi v2.0.0
   Compiling regex-automata v0.4.18
   Compiling num-bigint v0.5.1
   Compiling tempfile v3.27.0
   Compiling csv v1.4.0
   Compiling ar_archive_writer v0.5.3
   Compiling futures-macro v0.3.34
   Compiling clap_derive v4.6.7
   Compiling enum-ordinalize-derive v4.4.2
   Compiling thiserror-impl v2.0.20
   Compiling async-trait v0.1.92
   Compiling enum-ordinalize v4.4.2
   Compiling futures-util v0.3.34
   Compiling zerocopy-derive v0.8.57
   Compiling recursive-proc-macro-impl v0.1.1
   Compiling tracing-attributes v0.1.31
   Compiling psm v0.1.32
   Compiling educe v0.6.0
warning: psm@0.1.32: Compiler family detection failed due to error: ToolNotFound: failed to find tool "x86_64-linux-musl-gcc": No such file or directory (os error 2)
warning: psm@0.1.32: Compiler family detection failed due to error: ToolNotFound: failed to find tool "x86_64-linux-musl-gcc": No such file or directory (os error 2)
error: failed to run custom build command for `psm v0.1.32`

Caused by:
  process didn't exit successfully: `/home/pepe/scratch/burrmill-footprint/D/target-musl/release/build/psm-7611ada402db46ff/build-script-build` (exit status: 1)
  --- stdout
  cargo:rustc-check-cfg=cfg(switchable_stack,asm,link_asm)
  cargo:rerun-if-env-changed=CC_x86_64-unknown-linux-musl
  CC_x86_64-unknown-linux-musl = None
  cargo:rerun-if-env-changed=CC_x86_64_unknown_linux_musl
  CC_x86_64_unknown_linux_musl = None
  cargo:rerun-if-env-changed=TARGET_CC
  TARGET_CC = None
  cargo:rerun-if-env-changed=CC
  CC = None
  cargo:rerun-if-env-changed=CROSS_COMPILE
  CROSS_COMPILE = None
  PATH = Some(/home/pepe/.cargo/bin:/usr/local/bin:/usr/bin:/bin:/usr/games)
  cargo:rerun-if-env-changed=CC_ENABLE_DEBUG_OUTPUT
  cargo:warning=Compiler family detection failed due to error: ToolNotFound: failed to find tool "x86_64-linux-musl-gcc": No such file or directory (os error 2)
  cargo:rerun-if-env-changed=CRATE_CC_NO_DEFAULTS
  CRATE_CC_NO_DEFAULTS = None
  cargo:rerun-if-env-changed=CFLAGS
  CFLAGS = None
  cargo:rerun-if-env-changed=TARGET_CFLAGS
  TARGET_CFLAGS = None
  cargo:rerun-if-env-changed=CFLAGS_x86_64_unknown_linux_musl
  CFLAGS_x86_64_unknown_linux_musl = None
  cargo:rerun-if-env-changed=CFLAGS_x86_64-unknown-linux-musl
  CFLAGS_x86_64-unknown-linux-musl = None
  cargo:rustc-cfg=asm
  cargo:rustc-cfg=link_asm
  cargo:rustc-cfg=switchable_stack
  cargo:rerun-if-env-changed=CC_FORCE_DISABLE
  CC_FORCE_DISABLE = None
  cargo:rerun-if-env-changed=CC_x86_64-unknown-linux-musl
  CC_x86_64-unknown-linux-musl = None
  cargo:rerun-if-env-changed=CC_x86_64_unknown_linux_musl
  CC_x86_64_unknown_linux_musl = None
  cargo:rerun-if-env-changed=TARGET_CC
  TARGET_CC = None
  cargo:rerun-if-env-changed=CC
  CC = None
  cargo:rerun-if-env-changed=CROSS_COMPILE
  CROSS_COMPILE = None
  PATH = Some(/home/pepe/.cargo/bin:/usr/local/bin:/usr/bin:/bin:/usr/games)
  cargo:warning=Compiler family detection failed due to error: ToolNotFound: failed to find tool "x86_64-linux-musl-gcc": No such file or directory (os error 2)
  cargo:rerun-if-env-changed=CRATE_CC_NO_DEFAULTS
  CRATE_CC_NO_DEFAULTS = None
  cargo:rerun-if-env-changed=CFLAGS
  CFLAGS = None
  cargo:rerun-if-env-changed=TARGET_CFLAGS
  TARGET_CFLAGS = None
  cargo:rerun-if-env-changed=CFLAGS_x86_64_unknown_linux_musl
  CFLAGS_x86_64_unknown_linux_musl = None
  cargo:rerun-if-env-changed=CFLAGS_x86_64-unknown-linux-musl
  CFLAGS_x86_64-unknown-linux-musl = None

  --- stderr


  error occurred in cc-rs: failed to find tool "x86_64-linux-musl-gcc": No such file or directory (os error 2)


warning: build failed, waiting for other jobs to finish...
### wasm_check: cargo check --target wasm32-unknown-unknown -j32
   Compiling proc-macro2 v1.0.107
   Compiling unicode-ident v1.0.24
   Compiling quote v1.0.47
   Compiling autocfg v1.5.1
    Checking cfg-if v1.0.5
   Compiling version_check v0.9.5
   Compiling libm v0.2.16
   Compiling zerocopy v0.8.57
   Compiling crunchy v0.2.4
   Compiling libc v0.2.189
   Compiling tiny-keccak v2.0.2
    Checking once_cell v1.21.4
    Checking memchr v2.8.3
    Checking bytes v1.12.1
    Checking arrow-schema v59.3.0
    Checking hashbrown v0.17.1
   Compiling shlex v2.0.1
   Compiling find-msvc-tools v0.1.12
    Checking lexical-util v1.0.7
   Compiling object v0.39.1
   Compiling semver v1.0.28
   Compiling serde_core v1.0.229
   Compiling crossbeam-utils v0.8.23
    Checking regex-syntax v0.8.11
    Checking typenum v1.20.1
    Checking utf8parse v0.2.2
    Checking anstyle-query v1.1.5
    Checking colorchoice v1.0.5
    Checking anstyle v1.0.14
   Compiling zmij v1.0.23
    Checking pin-project-lite v0.2.17
    Checking futures-core v0.3.34
    Checking ryu v1.0.23
    Checking anstyle-parse v1.0.0
    Checking itoa v1.0.18
    Checking futures-sink v0.3.34
    Checking base64 v0.23.1
   Compiling cc v1.4.6
    Checking is_terminal_polyfill v1.70.2
   Compiling crossbeam-epoch v0.9.21
    Checking futures-channel v0.3.34
    Checking getrandom v0.2.17
    Checking futures-task v0.3.34
    Checking equivalent v1.0.2
    Checking bitflags v2.13.2
    Checking anstream v1.0.0
error: the wasm*-unknown-unknown targets are not supported by default, you may need to enable the "js" feature. For more information see: https://docs.rs/getrandom/#webassembly-support
   --> /home/pepe/.cargo/registry/src/index.crates.io-1949cf8c6b5b557f/getrandom-0.2.17/src/lib.rs:346:9
    |
346 | /         compile_error!("the wasm*-unknown-unknown targets are not supported by \
347 | |                         default, you may need to enable the \"js\" feature. \
348 | |                         For more information see: \
349 | |                         https://docs.rs/getrandom/#webassembly-support");
    | |________________________________________________________________________^

   Compiling rustc_version v0.4.1
    Checking clap_lex v1.1.1
    Checking futures-io v0.3.34
    Checking slab v0.4.12
   Compiling serde_json v1.0.151
error: could not compile `getrandom` (lib) due to 1 previous error
warning: build failed, waiting for other jobs to finish...
