host=pepe-thinkpad 32 cores rustc 1.98.1 (48a229cea 2026-09-01)
deps_normal=172
deps_all=182
default_build_clean_j8=30.5
default_test_clean_j8=17.1
default_build_clean_j32=14.5
default_test_clean_j32=16.1
default_target_bytes=6848671406
default_target_debug_deps_bytes=6642721843
default_testbin_one_bytes=262488376
default_testbin_count=20
default_testbin_total_bytes=5249767384
default_libbin_bytes=260022808
default_incr_lib_test=2.2
default_incr_lib_build=0.6
default_incr_test_test=2.0
nodebug_build_clean_j8=16.4
nodebug_test_clean_j8=34.4
nodebug_build_clean_j32=15.8
nodebug_test_clean_j32=13.5
nodebug_target_bytes=1922725135
nodebug_target_debug_deps_bytes=1851547083
nodebug_testbin_one_bytes=58776528
nodebug_testbin_count=20
nodebug_testbin_total_bytes=1175532848
nodebug_libbin_bytes=58248416
nodebug_incr_lib_test=1.1
nodebug_incr_lib_build=0.5
nodebug_incr_test_test=1.1
release_build_j32=44.0
release_bin_bytes=23205648
release_bin_stripped_bytes=17584480
release_ldd=linux-vdso.so.1 libgcc_s.so.1 libm.so.6 libc.so.6 /lib64/ld-linux-x86-64.so.2
release_glibcxx=
release_glibc=GLIBC_2.34
release_run=96 parties; first = Some(("0x0000000000000000000000000000000000000000", "859000000000000"))
musl_build=5.8
musl_build_rc=101
musl_ok=no
musl_err=   Compiling thiserror v2.0.20|   Compiling thiserror-impl v2.0.20|warning: psm@0.1.32: Compiler family detection failed due to error: ToolNotFound: failed to find tool "x86_64-linux-musl-gcc": No such file or directory (os error 2)|
wasm_check=1.0
wasm_check_rc=101
wasm_ok=no
wasm_err=error: the wasm*-unknown-unknown targets are not supported by default, you may need to enable the "js" feature. For more information see: https://docs.rs/getrandom/#webassembly-support|error: could not compile `getrandom` (lib) due to 1 previous error|
done=2026-09-16T21:04:56+03:00
host=pepe-thinkpad 32 cores rustc 1.98.1 (48a229cea 2026-09-01)
deps_normal=284
deps_all=293
default_build_clean_j8=127.6
default_test_clean_j8=198.3
default_build_clean_j32=151.6
default_test_clean_j32=132.5
default_target_bytes=25500331127
default_target_debug_deps_bytes=25308949709
default_testbin_one_bytes=1067675936
default_testbin_count=20
default_testbin_total_bytes=21353518656
default_libbin_bytes=1065222776
default_incr_lib_test=14.1
default_incr_lib_build=1.9
default_incr_test_test=11.8
nodebug_build_clean_j8=119.2
nodebug_test_clean_j8=123.3
nodebug_build_clean_j32=117.1
nodebug_test_clean_j32=120.9
nodebug_target_bytes=7612573251
nodebug_target_debug_deps_bytes=7543836815
nodebug_testbin_one_bytes=293676760
nodebug_testbin_count=20
nodebug_testbin_total_bytes=5873533440
nodebug_libbin_bytes=293157640
nodebug_incr_lib_test=4.7
nodebug_incr_lib_build=1.4
nodebug_incr_test_test=4.0
release_build_j32=193.6
release_bin_bytes=165492416
release_bin_stripped_bytes=118736096
release_ldd=linux-vdso.so.1 libgcc_s.so.1 libm.so.6 libc.so.6 /lib64/ld-linux-x86-64.so.2
release_glibcxx=
release_glibc=GLIBC_2.34
release_run=96 parties; first = Some(("0x0000000000000000000000000000000000000000", "859000000000000"))
musl_build=5.5
musl_build_rc=101
musl_ok=no
musl_err=   Compiling thiserror v2.0.20|warning: zstd-sys@2.1.0+zstd.1.5.7: Compiler family detection failed due to error: ToolNotFound: failed to find tool "x86_64-linux-musl-gcc": No such file or directory (os error 2)|warning: zstd-sys@2.1.0+zstd.1.5.7: Compiler family detection failed due to error: ToolNotFound: failed to find tool "x86_64-linux-musl-gcc": No such file or directory (os error 2)|
wasm_check=1.7
wasm_check_rc=101
wasm_ok=no
wasm_err=error: The wasm32-unknown-unknown targets are not supported by default; you may need to enable the "wasm_js" configuration flag. Note that enabling the `wasm_js` feature flag alone is insufficient. For more information see: https://docs.rs/getrandom/0.3.4/#webassembly-support|error: could not compile `getrandom` (lib) due to 1 previous error|
done=2026-09-16T21:27:11+03:00
host=pepe-thinkpad 32 cores rustc 1.98.1 (48a229cea 2026-09-01)
deps_normal=268
deps_all=277
default_build_clean_j8=38.3
default_test_clean_j8=46.0
default_build_clean_j32=37.5
default_test_clean_j32=45.4
default_target_bytes=18982895572
default_target_debug_deps_bytes=18814568360
default_testbin_one_bytes=777570896
default_testbin_count=20
default_testbin_total_bytes=15551419552
default_libbin_bytes=775089472
default_incr_lib_test=9.5
default_incr_lib_build=1.4
default_incr_test_test=8.3
nodebug_build_clean_j8=35.8
nodebug_test_clean_j8=38.1
nodebug_build_clean_j32=34.4
nodebug_test_clean_j32=36.4
nodebug_target_bytes=4221569257
nodebug_target_debug_deps_bytes=4159222168
nodebug_testbin_one_bytes=139566792
nodebug_testbin_count=20
nodebug_testbin_total_bytes=2791335456
nodebug_libbin_bytes=139019960
nodebug_incr_lib_test=2.8
nodebug_incr_lib_build=1.0
nodebug_incr_test_test=2.6
release_build_j32=87.0
release_bin_bytes=59826568
release_bin_stripped_bytes=43441968
release_ldd=linux-vdso.so.1 libgcc_s.so.1 libm.so.6 libc.so.6 /lib64/ld-linux-x86-64.so.2
release_glibcxx=
release_glibc=GLIBC_2.34
release_run=0 parties; first = None
musl_build=5.5
musl_build_rc=101
musl_ok=no
musl_err=   Compiling thiserror v2.0.20|warning: zstd-sys@2.1.0+zstd.1.5.7: Compiler family detection failed due to error: ToolNotFound: failed to find tool "x86_64-linux-musl-gcc": No such file or directory (os error 2)|warning: zstd-sys@2.1.0+zstd.1.5.7: Compiler family detection failed due to error: ToolNotFound: failed to find tool "x86_64-linux-musl-gcc": No such file or directory (os error 2)|
wasm_check=1.7
wasm_check_rc=101
wasm_ok=no
wasm_err=error: to use `uuid` on `wasm32-unknown-unknown`, specify a source of randomness using one of the `js`, `rng-getrandom`, or `rng-rand` features|error: could not compile `uuid` (lib) due to 1 previous error|
done=2026-09-16T21:34:27+03:00
host=pepe-thinkpad 32 cores rustc 1.98.1 (48a229cea 2026-09-01)
deps_normal=329
deps_all=342
default_build_clean_j8=126.4
default_test_clean_j8=135.5
default_build_clean_j32=122.7
default_test_clean_j32=133.9
default_target_bytes=26734090441
default_target_debug_deps_bytes=26492921057
default_testbin_one_bytes=1117365664
default_testbin_count=20
default_testbin_total_bytes=22347313648
default_libbin_bytes=1114912544
default_incr_lib_test=15.7
default_incr_lib_build=2.0
default_incr_test_test=13.3
nodebug_build_clean_j8=121.6
nodebug_test_clean_j8=125.4
nodebug_build_clean_j32=118.7
nodebug_test_clean_j32=121.8
nodebug_target_bytes=8128528592
nodebug_target_debug_deps_bytes=8044278135
nodebug_testbin_one_bytes=313399360
nodebug_testbin_count=20
nodebug_testbin_total_bytes=6267987176
nodebug_libbin_bytes=312880280
nodebug_incr_lib_test=4.6
nodebug_incr_lib_build=1.4
nodebug_incr_test_test=4.4
release_build_j32=197.5
release_bin_bytes=174660528
release_bin_stripped_bytes=124404936
release_ldd=linux-vdso.so.1 libgcc_s.so.1 libm.so.6 libc.so.6 /lib64/ld-linux-x86-64.so.2
release_glibcxx=
release_glibc=GLIBC_2.34
release_run=96 parties; first = Some(("0x0000000000000000000000000000000000000000", "859000000000000"))
musl_build=6.0
musl_build_rc=101
musl_ok=no
musl_err=   Compiling thiserror v2.0.20|warning: zstd-sys@2.1.0+zstd.1.5.7: Compiler family detection failed due to error: ToolNotFound: failed to find tool "x86_64-linux-musl-gcc": No such file or directory (os error 2)|warning: zstd-sys@2.1.0+zstd.1.5.7: Compiler family detection failed due to error: ToolNotFound: failed to find tool "x86_64-linux-musl-gcc": No such file or directory (os error 2)|
wasm_check=3.4
wasm_check_rc=101
wasm_ok=no
wasm_err=error: The wasm32-unknown-unknown targets are not supported by default; you may need to enable the "wasm_js" configuration flag. Note that enabling the `wasm_js` feature flag alone is insufficient. For more information see: https://docs.rs/getrandom/0.3.4/#webassembly-support|error: could not compile `getrandom` (lib) due to 1 previous error|
done=2026-09-16T21:55:27+03:00
host=pepe-thinkpad 32 cores rustc 1.98.1 (48a229cea 2026-09-01)
deps_normal=93
deps_all=222
default_build_clean_j8=173.1
default_test_clean_j8=181.5
default_build_clean_j32=115.6
default_test_clean_j32=124.8
default_target_bytes=24159776280
default_target_debug_deps_bytes=19333144065
default_testbin_one_bytes=767572560
default_testbin_count=20
default_testbin_total_bytes=15351450504
default_libbin_bytes=765069088
default_incr_lib_test=15.4
default_incr_lib_build=1.5
default_incr_test_test=11.2
nodebug_build_clean_j8=127.7
nodebug_test_clean_j8=131.1
nodebug_build_clean_j32=80.6
nodebug_test_clean_j32=80.2
nodebug_target_bytes=4602402767
nodebug_target_debug_deps_bytes=3499702201
nodebug_testbin_one_bytes=114750320
nodebug_testbin_count=20
nodebug_testbin_total_bytes=2295006472
nodebug_libbin_bytes=114187752
nodebug_incr_lib_test=2.7
nodebug_incr_lib_build=0.8
nodebug_incr_test_test=2.6
release_build_j32=148.0
release_bin_bytes=49506016
release_bin_stripped_bytes=40189208
release_ldd=linux-vdso.so.1 libstdc++.so.6 libgcc_s.so.1 libm.so.6 libc.so.6 /lib64/ld-linux-x86-64.so.2
release_glibcxx=GLIBCXX_3.4.29
release_glibc=GLIBC_2.38
release_run=96 parties; first = Some(("0x0000000000000000000000000000000000000000", "859000000000000"))
musl_build=9.9
musl_build_rc=101
musl_ok=no
musl_err=warning: libduckdb-sys@1.10504.0: Compiler family detection failed due to error: ToolNotFound: failed to find tool "x86_64-linux-musl-g++": No such file or directory (os error 2)|warning: libduckdb-sys@1.10504.0: Compiler family detection failed due to error: ToolNotFound: failed to find tool "x86_64-linux-musl-g++": No such file or directory (os error 2)|warning: libduckdb-sys@1.10504.0: Compiler
wasm_check=2.8
wasm_check_rc=101
wasm_ok=no
wasm_err=error[E0425]: cannot find function `enable_raw_mode` in module `sys`|error[E0425]: cannot find function `disable_raw_mode` in module `sys`|error[E0425]: cannot find function `size` in module `sys`|
done=2026-09-16T22:15:43+03:00
